Archive member included to satisfy reference by file (symbol)

k:/program files (x86)/gnu arm embedded toolchain/10 2021.10/bin/../lib/gcc/arm-none-eabi/10.3.1/../../../../arm-none-eabi/lib/thumb/v7e-m+fp/hard\libc_nano.a(lib_a-errno.o)
                              build/sysmem.o (__errno)
k:/program files (x86)/gnu arm embedded toolchain/10 2021.10/bin/../lib/gcc/arm-none-eabi/10.3.1/../../../../arm-none-eabi/lib/thumb/v7e-m+fp/hard\libc_nano.a(lib_a-exit.o)
                              k:/program files (x86)/gnu arm embedded toolchain/10 2021.10/bin/../lib/gcc/arm-none-eabi/10.3.1/../../../../arm-none-eabi/lib/thumb/v7e-m+fp/hard/crt0.o (exit)
k:/program files (x86)/gnu arm embedded toolchain/10 2021.10/bin/../lib/gcc/arm-none-eabi/10.3.1/../../../../arm-none-eabi/lib/thumb/v7e-m+fp/hard\libc_nano.a(lib_a-impure.o)
                              k:/program files (x86)/gnu arm embedded toolchain/10 2021.10/bin/../lib/gcc/arm-none-eabi/10.3.1/../../../../arm-none-eabi/lib/thumb/v7e-m+fp/hard\libc_nano.a(lib_a-exit.o) (_global_impure_ptr)
k:/program files (x86)/gnu arm embedded toolchain/10 2021.10/bin/../lib/gcc/arm-none-eabi/10.3.1/../../../../arm-none-eabi/lib/thumb/v7e-m+fp/hard\libc_nano.a(lib_a-init.o)
                              k:/program files (x86)/gnu arm embedded toolchain/10 2021.10/bin/../lib/gcc/arm-none-eabi/10.3.1/../../../../arm-none-eabi/lib/thumb/v7e-m+fp/hard/crt0.o (__libc_init_array)
k:/program files (x86)/gnu arm embedded toolchain/10 2021.10/bin/../lib/gcc/arm-none-eabi/10.3.1/../../../../arm-none-eabi/lib/thumb/v7e-m+fp/hard\libc_nano.a(lib_a-memcpy-stub.o)
                              build/queue.o (memcpy)
k:/program files (x86)/gnu arm embedded toolchain/10 2021.10/bin/../lib/gcc/arm-none-eabi/10.3.1/../../../../arm-none-eabi/lib/thumb/v7e-m+fp/hard\libc_nano.a(lib_a-memset.o)
                              k:/program files (x86)/gnu arm embedded toolchain/10 2021.10/bin/../lib/gcc/arm-none-eabi/10.3.1/../../../../arm-none-eabi/lib/thumb/v7e-m+fp/hard/crt0.o (memset)
k:/program files (x86)/gnu arm embedded toolchain/10 2021.10/bin/../lib/gcc/arm-none-eabi/10.3.1/thumb/v7e-m+fp/hard\libgcc.a(_aeabi_uldivmod.o)
                              build/stm32f4xx_hal_rcc.o (__aeabi_uldivmod)
k:/program files (x86)/gnu arm embedded toolchain/10 2021.10/bin/../lib/gcc/arm-none-eabi/10.3.1/thumb/v7e-m+fp/hard\libgcc.a(_udivmoddi4.o)
                              k:/program files (x86)/gnu arm embedded toolchain/10 2021.10/bin/../lib/gcc/arm-none-eabi/10.3.1/thumb/v7e-m+fp/hard\libgcc.a(_aeabi_uldivmod.o) (__udivmoddi4)
k:/program files (x86)/gnu arm embedded toolchain/10 2021.10/bin/../lib/gcc/arm-none-eabi/10.3.1/thumb/v7e-m+fp/hard\libgcc.a(_dvmd_tls.o)
                              k:/program files (x86)/gnu arm embedded toolchain/10 2021.10/bin/../lib/gcc/arm-none-eabi/10.3.1/thumb/v7e-m+fp/hard\libgcc.a(_aeabi_uldivmod.o) (__aeabi_ldiv0)

Discarded input sections

 .text          0x00000000        0x0 k:/program files (x86)/gnu arm embedded toolchain/10 2021.10/bin/../lib/gcc/arm-none-eabi/10.3.1/thumb/v7e-m+fp/hard/crti.o
 .data          0x00000000        0x0 k:/program files (x86)/gnu arm embedded toolchain/10 2021.10/bin/../lib/gcc/arm-none-eabi/10.3.1/thumb/v7e-m+fp/hard/crti.o
 .bss           0x00000000        0x0 k:/program files (x86)/gnu arm embedded toolchain/10 2021.10/bin/../lib/gcc/arm-none-eabi/10.3.1/thumb/v7e-m+fp/hard/crti.o
 .data          0x00000000        0x4 k:/program files (x86)/gnu arm embedded toolchain/10 2021.10/bin/../lib/gcc/arm-none-eabi/10.3.1/thumb/v7e-m+fp/hard/crtbegin.o
 .rodata        0x00000000       0x24 k:/program files (x86)/gnu arm embedded toolchain/10 2021.10/bin/../lib/gcc/arm-none-eabi/10.3.1/thumb/v7e-m+fp/hard/crtbegin.o
 .text          0x00000000       0x7c k:/program files (x86)/gnu arm embedded toolchain/10 2021.10/bin/../lib/gcc/arm-none-eabi/10.3.1/../../../../arm-none-eabi/lib/thumb/v7e-m+fp/hard/crt0.o
 .data          0x00000000        0x0 k:/program files (x86)/gnu arm embedded toolchain/10 2021.10/bin/../lib/gcc/arm-none-eabi/10.3.1/../../../../arm-none-eabi/lib/thumb/v7e-m+fp/hard/crt0.o
 .bss           0x00000000        0x0 k:/program files (x86)/gnu arm embedded toolchain/10 2021.10/bin/../lib/gcc/arm-none-eabi/10.3.1/../../../../arm-none-eabi/lib/thumb/v7e-m+fp/hard/crt0.o
 .ARM.extab     0x00000000        0x0 k:/program files (x86)/gnu arm embedded toolchain/10 2021.10/bin/../lib/gcc/arm-none-eabi/10.3.1/../../../../arm-none-eabi/lib/thumb/v7e-m+fp/hard/crt0.o
 .ARM.exidx     0x00000000       0x10 k:/program files (x86)/gnu arm embedded toolchain/10 2021.10/bin/../lib/gcc/arm-none-eabi/10.3.1/../../../../arm-none-eabi/lib/thumb/v7e-m+fp/hard/crt0.o
 .ARM.attributes
                0x00000000       0x1c k:/program files (x86)/gnu arm embedded toolchain/10 2021.10/bin/../lib/gcc/arm-none-eabi/10.3.1/../../../../arm-none-eabi/lib/thumb/v7e-m+fp/hard/crt0.o
 .text          0x00000000        0x0 build/main.o
[...]
Memory Configuration

Name             Origin             Length             Attributes
RAM              0x20000000         0x00020000         xrw
CCMRAM           0x10000000         0x00010000         xrw
FLASH            0x08000000         0x00080000         xr
*default*        0x00000000         0xffffffff

Linker script and memory map

LOAD k:/program files (x86)/gnu arm embedded toolchain/10 2021.10/bin/../lib/gcc/arm-none-eabi/10.3.1/thumb/v7e-m+fp/hard/crti.o
LOAD k:/program files (x86)/gnu arm embedded toolchain/10 2021.10/bin/../lib/gcc/arm-none-eabi/10.3.1/thumb/v7e-m+fp/hard/crtbegin.o
LOAD k:/program files (x86)/gnu arm embedded toolchain/10 2021.10/bin/../lib/gcc/arm-none-eabi/10.3.1/../../../../arm-none-eabi/lib/thumb/v7e-m+fp/hard/crt0.o
LOAD build/main.o
LOAD build/stm32f4xx_it.o
LOAD build/stm32f4xx_hal_msp.o
LOAD build/stm32f4xx_hal_rcc.o
LOAD build/stm32f4xx_hal_rcc_ex.o
LOAD build/stm32f4xx_hal_flash.o
LOAD build/stm32f4xx_hal_flash_ex.o
LOAD build/stm32f4xx_hal_flash_ramfunc.o
LOAD build/stm32f4xx_hal_gpio.o
LOAD build/stm32f4xx_hal_dma_ex.o
LOAD build/stm32f4xx_hal_dma.o
LOAD build/stm32f4xx_hal_pwr.o
LOAD build/stm32f4xx_hal_pwr_ex.o
LOAD build/stm32f4xx_hal_cortex.o
LOAD build/stm32f4xx_hal.o
LOAD build/stm32f4xx_hal_exti.o
LOAD build/stm32f4xx_hal_eth.o
LOAD build/stm32f4xx_hal_tim.o
LOAD build/stm32f4xx_hal_tim_ex.o
LOAD build/system_stm32f4xx.o
LOAD build/sysmem.o
LOAD build/syscalls.o
LOAD build/croutine.o
LOAD build/event_groups.o
LOAD build/heap_4.o
LOAD build/list.o
LOAD build/port.o
LOAD build/queue.o
LOAD build/stream_buffer.o
LOAD build/tasks.o
LOAD build/timers.o
LOAD build/startup_stm32f407xx.o
LOAD k:/program files (x86)/gnu arm embedded toolchain/10 2021.10/bin/../lib/gcc/arm-none-eabi/10.3.1/../../../../arm-none-eabi/lib/thumb/v7e-m+fp/hard\libc_nano.a
LOAD k:/program files (x86)/gnu arm embedded toolchain/10 2021.10/bin/../lib/gcc/arm-none-eabi/10.3.1/../../../../arm-none-eabi/lib/thumb/v7e-m+fp/hard\libm.a
LOAD k:/program files (x86)/gnu arm embedded toolchain/10 2021.10/bin/../lib/gcc/arm-none-eabi/10.3.1/../../../../arm-none-eabi/lib/thumb/v7e-m+fp/hard\libnosys.a
START GROUP
LOAD k:/program files (x86)/gnu arm embedded toolchain/10 2021.10/bin/../lib/gcc/arm-none-eabi/10.3.1/thumb/v7e-m+fp/hard\libgcc.a
LOAD k:/program files (x86)/gnu arm embedded toolchain/10 2021.10/bin/../lib/gcc/arm-none-eabi/10.3.1/../../../../arm-none-eabi/lib/thumb/v7e-m+fp/hard\libc_nano.a
END GROUP
START GROUP
LOAD k:/program files (x86)/gnu arm embedded toolchain/10 2021.10/bin/../lib/gcc/arm-none-eabi/10.3.1/thumb/v7e-m+fp/hard\libgcc.a
LOAD k:/program files (x86)/gnu arm embedded toolchain/10 2021.10/bin/../lib/gcc/arm-none-eabi/10.3.1/../../../../arm-none-eabi/lib/thumb/v7e-m+fp/hard\libc_nano.a
END GROUP
LOAD k:/program files (x86)/gnu arm embedded toolchain/10 2021.10/bin/../lib/gcc/arm-none-eabi/10.3.1/thumb/v7e-m+fp/hard/crtend.o
LOAD k:/program files (x86)/gnu arm embedded toolchain/10 2021.10/bin/../lib/gcc/arm-none-eabi/10.3.1/thumb/v7e-m+fp/hard/crtn.o
                0x20020000                _estack = (ORIGIN (RAM) + LENGTH (RAM))
                0x00002000                _Min_Heap_Size = 0x2000
                0x00004000                _Min_Stack_Size = 0x4000

.isr_vector     0x08000000      0x188
                0x08000000                . = ALIGN (0x4)
 *(.isr_vector)
 .isr_vector    0x08000000      0x188 build/startup_stm32f407xx.o
                0x08000000                g_pfnVectors
                0x08000188                . = ALIGN (0x4)

.text           0x08000190     0x2970
                0x08000190                . = ALIGN (0x4)
 *(.text)
 .text          0x08000190       0x40 k:/program files (x86)/gnu arm embedded toolchain/10 2021.10/bin/../lib/gcc/arm-none-eabi/10.3.1/thumb/v7e-m+fp/hard/crtbegin.o
 .text          0x080001d0       0x30 k:/program files (x86)/gnu arm embedded toolchain/10 2021.10/bin/../lib/gcc/arm-none-eabi/10.3.1/thumb/v7e-m+fp/hard\libgcc.a(_aeabi_uldivmod.o)
                0x080001d0                __aeabi_uldivmod
 .text          0x08000200      0x2d0 k:/program files (x86)/gnu arm embedded toolchain/10 2021.10/bin/../lib/gcc/arm-none-eabi/10.3.1/thumb/v7e-m+fp/hard\libgcc.a(_udivmoddi4.o)
                0x08000200                __udivmoddi4
 .text          0x080004d0        0x4 k:/program files (x86)/gnu arm embedded toolchain/10 2021.10/bin/../lib/gcc/arm-none-eabi/10.3.1/thumb/v7e-m+fp/hard\libgcc.a(_dvmd_tls.o)
                0x080004d0                __aeabi_idiv0
                0x080004d0                __aeabi_ldiv0
 *(.text*)
 .text.task1    0x080004d4       0x18 build/main.o
                0x080004d4                task1
 .text.MX_GPIO_Init
                0x080004ec       0xa8 build/main.o
 .text.Error_Handler
                0x08000594        0x4 build/main.o
                0x08000594                Error_Handler
 .text.SystemClock_Config
                0x08000598       0xa8 build/main.o
                0x08000598                SystemClock_Config
 .text.main     0x08000640       0x40 build/main.o
                0x08000640                main
 .text.NMI_Handler
                0x08000680        0x2 build/stm32f4xx_it.o
                0x08000680                NMI_Handler
 .text.HardFault_Handler
                0x08000682        0x2 build/stm32f4xx_it.o
                0x08000682                HardFault_Handler
 .text.MemManage_Handler
                0x08000684        0x2 build/stm32f4xx_it.o
                0x08000684                MemManage_Handler
 .text.BusFault_Handler
                0x08000686        0x2 build/stm32f4xx_it.o
                0x08000686                BusFault_Handler
 .text.UsageFault_Handler
                0x08000688        0x2 build/stm32f4xx_it.o
                0x08000688                UsageFault_Handler
 .text.DebugMon_Handler
                0x0800068a        0x2 build/stm32f4xx_it.o
                0x0800068a                DebugMon_Handler
 .text.HAL_MspInit
                0x0800068c       0x44 build/stm32f4xx_hal_msp.o
                0x0800068c                HAL_MspInit
 .text.HAL_RCC_OscConfig
                0x080006d0      0x3f8 build/stm32f4xx_hal_rcc.o
                0x080006d0                HAL_RCC_OscConfig
 .text.HAL_RCC_GetSysClockFreq
                0x08000ac8       0xa4 build/stm32f4xx_hal_rcc.o
                0x08000ac8                HAL_RCC_GetSysClockFreq
 .text.HAL_RCC_ClockConfig
                0x08000b6c      0x160 build/stm32f4xx_hal_rcc.o
                0x08000b6c                HAL_RCC_ClockConfig
 .text.HAL_GPIO_Init
                0x08000ccc      0x1e4 build/stm32f4xx_hal_gpio.o
                0x08000ccc                HAL_GPIO_Init
 .text.HAL_GPIO_WritePin
                0x08000eb0        0xc build/stm32f4xx_hal_gpio.o
                0x08000eb0                HAL_GPIO_WritePin
 .text.HAL_NVIC_SetPriorityGrouping
                0x08000ebc       0x24 build/stm32f4xx_hal_cortex.o
                0x08000ebc                HAL_NVIC_SetPriorityGrouping
 .text.HAL_NVIC_SetPriority
                0x08000ee0       0x70 build/stm32f4xx_hal_cortex.o
                0x08000ee0                HAL_NVIC_SetPriority
 .text.HAL_SYSTICK_Config
                0x08000f50       0x28 build/stm32f4xx_hal_cortex.o
                0x08000f50                HAL_SYSTICK_Config
 .text.HAL_InitTick
                0x08000f78       0x4c build/stm32f4xx_hal.o
                0x08000f78                HAL_InitTick
 .text.HAL_Init
                0x08000fc4       0x34 build/stm32f4xx_hal.o
                0x08000fc4                HAL_Init
 .text.HAL_GetTick
                0x08000ff8        0xc build/stm32f4xx_hal.o
                0x08000ff8                HAL_GetTick
 .text.SystemInit
                0x08001004       0x14 build/system_stm32f4xx.o
                0x08001004                SystemInit
 .text.prvHeapInit
                0x08001018       0x58 build/heap_4.o
 .text.prvInsertBlockIntoFreeList
                0x08001070       0x8c build/heap_4.o
 .text.pvPortMalloc
                0x080010fc      0x188 build/heap_4.o
                0x080010fc                pvPortMalloc
 .text.vPortFree
                0x08001284       0xac build/heap_4.o
                0x08001284                vPortFree
 .text.vListInitialise
                0x08001330       0x16 build/list.o
                0x08001330                vListInitialise
 .text.vListInitialiseItem
                0x08001346        0x6 build/list.o
                0x08001346                vListInitialiseItem
 .text.vListInsert
                0x0800134c       0x32 build/list.o
                0x0800134c                vListInsert
 .text.uxListRemove
                0x0800137e       0x24 build/list.o
                0x0800137e                uxListRemove
 *fill*         0x080013a2        0x2 
 .text.prvTaskExitError
                0x080013a4       0x40 build/port.o
 *fill*         0x080013e4        0xc 
 .text.SVC_Handler
                0x080013f0       0x24 build/port.o
                0x080013f0                SVC_Handler
 .text.prvPortStartFirstTask
                0x08001414       0x28 build/port.o
 *fill*         0x0800143c        0x4 
 .text.PendSV_Handler
                0x08001440       0x64 build/port.o
                0x08001440                PendSV_Handler
 .text.vPortEnableVFP
                0x080014a4       0x14 build/port.o
 .text.pxPortInitialiseStack
                0x080014b8       0x2c build/port.o
                0x080014b8                pxPortInitialiseStack
 .text.vPortEnterCritical
                0x080014e4       0x44 build/port.o
                0x080014e4                vPortEnterCritical
 .text.vPortExitCritical
                0x08001528       0x2c build/port.o
                0x08001528                vPortExitCritical
 .text.SysTick_Handler
                0x08001554       0x2c build/port.o
                0x08001554                SysTick_Handler
 .text.vPortSetupTimerInterrupt
                0x08001580       0x18 build/port.o
                0x08001580                vPortSetupTimerInterrupt
 .text.xPortStartScheduler
                0x08001598      0x194 build/port.o
                0x08001598                xPortStartScheduler
 .text.prvIsQueueEmpty
                0x0800172c       0x1a build/queue.o
 .text.prvCopyDataFromQueue
                0x08001746       0x24 build/queue.o
 .text.prvUnlockQueue
                0x0800176a       0x6e build/queue.o
 .text.xQueueGenericReset
                0x080017d8       0xaa build/queue.o
                0x080017d8                xQueueGenericReset
 .text.prvInitialiseNewQueue
                0x08001882       0x1c build/queue.o
 .text.xQueueGenericCreateStatic
                0x0800189e       0x6c build/queue.o
                0x0800189e                xQueueGenericCreateStatic
 .text.xQueueReceive
                0x0800190a      0x15e build/queue.o
                0x0800190a                xQueueReceive
 .text.vQueueAddToRegistry
                0x08001a68       0x60 build/queue.o
                0x08001a68                vQueueAddToRegistry
 .text.vQueueWaitForMessageRestricted
                0x08001ac8       0x52 build/queue.o
                0x08001ac8                vQueueWaitForMessageRestricted
 *fill*         0x08001b1a        0x2 
 .text.prvResetNextTaskUnblockTime
                0x08001b1c       0x28 build/tasks.o
 .text.prvInitialiseNewTask
                0x08001b44       0x88 build/tasks.o
 .text.prvCreateStaticTask
                0x08001bcc       0x90 build/tasks.o
 .text.prvInitialiseTaskLists
                0x08001c5c       0x68 build/tasks.o
 .text.prvAddNewTaskToReadyList
                0x08001cc4       0xcc build/tasks.o
 .text.prvCreateTask
                0x08001d90       0x62 build/tasks.o
 .text.prvDeleteTCB
                0x08001df2       0x38 build/tasks.o
 *fill*         0x08001e2a        0x2 
 .text.prvCheckTasksWaitingTermination
                0x08001e2c       0x4c build/tasks.o
 .text.prvIdleTask
                0x08001e78       0x28 build/tasks.o
 .text.prvAddCurrentTaskToDelayedList
                0x08001ea0       0xa0 build/tasks.o
 .text.xTaskCreateStatic
                0x08001f40       0x28 build/tasks.o
                0x08001f40                xTaskCreateStatic
 .text.xTaskCreate
                0x08001f68       0x22 build/tasks.o
                0x08001f68                xTaskCreate
 *fill*         0x08001f8a        0x2 
 .text.vTaskSuspendAll
                0x08001f8c       0x10 build/tasks.o
                0x08001f8c                vTaskSuspendAll
 .text.xTaskGetTickCount
                0x08001f9c        0xc build/tasks.o
                0x08001f9c                xTaskGetTickCount
 .text.xTaskIncrementTick
                0x08001fa8      0x164 build/tasks.o
                0x08001fa8                xTaskIncrementTick
 .text.xTaskResumeAll
                0x0800210c      0x158 build/tasks.o
                0x0800210c                xTaskResumeAll
 .text.vTaskDelay
                0x08002264       0x50 build/tasks.o
                0x08002264                vTaskDelay
 .text.vTaskSwitchContext
                0x080022b4       0x98 build/tasks.o
                0x080022b4                vTaskSwitchContext
 .text.vTaskPlaceOnEventList
                0x0800234c       0x30 build/tasks.o
                0x0800234c                vTaskPlaceOnEventList
 .text.vTaskPlaceOnEventListRestricted
                0x0800237c       0x54 build/tasks.o
                0x0800237c                vTaskPlaceOnEventListRestricted
 .text.xTaskRemoveFromEventList
                0x080023d0       0xf8 build/tasks.o
                0x080023d0                xTaskRemoveFromEventList
 .text.vTaskInternalSetTimeOutState
                0x080024c8       0x18 build/tasks.o
                0x080024c8                vTaskInternalSetTimeOutState
 .text.xTaskCheckForTimeOut
                0x080024e0       0x88 build/tasks.o
                0x080024e0                xTaskCheckForTimeOut
 .text.vTaskMissedYield
                0x08002568        0xc build/tasks.o
                0x08002568                vTaskMissedYield
 .text.xTaskGetSchedulerState
                0x08002574       0x20 build/tasks.o
                0x08002574                xTaskGetSchedulerState
 .text.vApplicationGetIdleTaskMemory
                0x08002594       0x18 build/tasks.o
                0x08002594                vApplicationGetIdleTaskMemory
 .text.prvCreateIdleTasks
                0x080025ac       0x6c build/tasks.o
 .text.vTaskStartScheduler
                0x08002618       0x6c build/tasks.o
                0x08002618                vTaskStartScheduler
 .text.vApplicationGetTimerTaskMemory
                0x08002684       0x18 build/tasks.o
                0x08002684                vApplicationGetTimerTaskMemory
 .text.prvGetNextExpireTime
                0x0800269c       0x20 build/timers.o
 .text.prvInsertTimerInActiveList
                0x080026bc       0x48 build/timers.o
 .text.prvReloadTimer
                0x08002704       0x28 build/timers.o
 .text.prvProcessExpiredTimer
                0x0800272c       0x40 build/timers.o
 .text.prvSwitchTimerLists
                0x0800276c       0x30 build/timers.o
 .text.prvSampleTimeNow
                0x0800279c       0x2c build/timers.o
 .text.prvProcessTimerOrBlockTask
                0x080027c8       0x74 build/timers.o
 .text.prvProcessReceivedCommands
                0x0800283c       0xf8 build/timers.o
 .text.prvTimerTask
                0x08002934       0x16 build/timers.o
 *fill*         0x0800294a        0x2 
 .text.prvCheckForValidListAndQueue
                0x0800294c       0x70 build/timers.o
 .text.xTimerCreateTimerTask
                0x080029bc       0x64 build/timers.o
                0x080029bc                xTimerCreateTimerTask
 .text.Reset_Handler
                0x08002a20       0x50 build/startup_stm32f407xx.o
                0x08002a20                Reset_Handler
 .text.Default_Handler
                0x08002a70        0x2 build/startup_stm32f407xx.o
                0x08002a70                RTC_Alarm_IRQHandler
                0x08002a70                HASH_RNG_IRQHandler
                0x08002a70                EXTI2_IRQHandler
                0x08002a70                TIM8_CC_IRQHandler
                0x08002a70                TIM1_CC_IRQHandler
                0x08002a70                DMA2_Stream5_IRQHandler
                0x08002a70                DMA1_Stream5_IRQHandler
                0x08002a70                PVD_IRQHandler
                0x08002a70                SDIO_IRQHandler
                0x08002a70                TAMP_STAMP_IRQHandler
                0x08002a70                CAN2_RX1_IRQHandler
                0x08002a70                EXTI3_IRQHandler
                0x08002a70                TIM8_TRG_COM_TIM14_IRQHandler
                0x08002a70                TIM1_UP_TIM10_IRQHandler
                0x08002a70                TIM8_UP_TIM13_IRQHandler
                0x08002a70                I2C3_ER_IRQHandler
                0x08002a70                EXTI0_IRQHandler
                0x08002a70                I2C2_EV_IRQHandler
                0x08002a70                DMA1_Stream2_IRQHandler
                0x08002a70                CAN1_RX0_IRQHandler
                0x08002a70                FPU_IRQHandler
                0x08002a70                OTG_HS_WKUP_IRQHandler
                0x08002a70                CAN2_SCE_IRQHandler
                0x08002a70                DMA2_Stream2_IRQHandler
                0x08002a70                SPI1_IRQHandler
                0x08002a70                TIM6_DAC_IRQHandler
                0x08002a70                TIM1_BRK_TIM9_IRQHandler
                0x08002a70                DCMI_IRQHandler
                0x08002a70                CAN2_RX0_IRQHandler
                0x08002a70                DMA2_Stream3_IRQHandler
                0x08002a70                USART6_IRQHandler
                0x08002a70                USART3_IRQHandler
                0x08002a70                CAN1_RX1_IRQHandler
                0x08002a70                UART5_IRQHandler
                0x08002a70                DMA2_Stream0_IRQHandler
                0x08002a70                TIM4_IRQHandler
                0x08002a70                I2C1_EV_IRQHandler
                0x08002a70                DMA1_Stream6_IRQHandler
                0x08002a70                DMA1_Stream1_IRQHandler
                0x08002a70                UART4_IRQHandler
                0x08002a70                TIM3_IRQHandler
                0x08002a70                RCC_IRQHandler
                0x08002a70                TIM8_BRK_TIM12_IRQHandler
                0x08002a70                Default_Handler
                0x08002a70                EXTI15_10_IRQHandler
                0x08002a70                ADC_IRQHandler
                0x08002a70                DMA1_Stream7_IRQHandler
                0x08002a70                TIM7_IRQHandler
                0x08002a70                CAN2_TX_IRQHandler
                0x08002a70                TIM5_IRQHandler
                0x08002a70                DMA2_Stream7_IRQHandler
                0x08002a70                I2C3_EV_IRQHandler
                0x08002a70                EXTI9_5_IRQHandler
                0x08002a70                RTC_WKUP_IRQHandler
                0x08002a70                ETH_WKUP_IRQHandler
                0x08002a70                SPI2_IRQHandler
                0x08002a70                OTG_HS_EP1_IN_IRQHandler
                0x08002a70                DMA1_Stream0_IRQHandler
                0x08002a70                CAN1_TX_IRQHandler
                0x08002a70                EXTI4_IRQHandler
                0x08002a70                FSMC_IRQHandler
                0x08002a70                ETH_IRQHandler
                0x08002a70                OTG_HS_EP1_OUT_IRQHandler
                0x08002a70                WWDG_IRQHandler
                0x08002a70                TIM2_IRQHandler
                0x08002a70                OTG_FS_WKUP_IRQHandler
                0x08002a70                TIM1_TRG_COM_TIM11_IRQHandler
                0x08002a70                OTG_HS_IRQHandler
                0x08002a70                EXTI1_IRQHandler
                0x08002a70                USART2_IRQHandler
                0x08002a70                I2C2_ER_IRQHandler
                0x08002a70                DMA2_Stream1_IRQHandler
                0x08002a70                CAN1_SCE_IRQHandler
                0x08002a70                FLASH_IRQHandler
                0x08002a70                DMA2_Stream4_IRQHandler
                0x08002a70                USART1_IRQHandler
                0x08002a70                OTG_FS_IRQHandler
                0x08002a70                SPI3_IRQHandler
                0x08002a70                DMA1_Stream4_IRQHandler
                0x08002a70                I2C1_ER_IRQHandler
                0x08002a70                DMA2_Stream6_IRQHandler
                0x08002a70                DMA1_Stream3_IRQHandler
 *fill*         0x08002a72        0x2 
 .text.__libc_init_array
                0x08002a74       0x48 k:/program files (x86)/gnu arm embedded toolchain/10 2021.10/bin/../lib/gcc/arm-none-eabi/10.3.1/../../../../arm-none-eabi/lib/thumb/v7e-m+fp/hard\libc_nano.a(lib_a-init.o)
                0x08002a74                __libc_init_array
 .text.memcpy   0x08002abc       0x1c k:/program files (x86)/gnu arm embedded toolchain/10 2021.10/bin/../lib/gcc/arm-none-eabi/10.3.1/../../../../arm-none-eabi/lib/thumb/v7e-m+fp/hard\libc_nano.a(lib_a-memcpy-stub.o)
                0x08002abc                memcpy
 .text.memset   0x08002ad8       0x10 k:/program files (x86)/gnu arm embedded toolchain/10 2021.10/bin/../lib/gcc/arm-none-eabi/10.3.1/../../../../arm-none-eabi/lib/thumb/v7e-m+fp/hard\libc_nano.a(lib_a-memset.o)
                0x08002ad8                memset
 *(.glue_7)
 .glue_7        0x08002ae8        0x0 linker stubs
 *(.glue_7t)
 .glue_7t       0x08002ae8        0x0 linker stubs
 *(.eh_frame)
 .eh_frame      0x08002ae8        0x0 k:/program files (x86)/gnu arm embedded toolchain/10 2021.10/bin/../lib/gcc/arm-none-eabi/10.3.1/thumb/v7e-m+fp/hard/crtbegin.o
 *(.init)
 .init          0x08002ae8        0x4 k:/program files (x86)/gnu arm embedded toolchain/10 2021.10/bin/../lib/gcc/arm-none-eabi/10.3.1/thumb/v7e-m+fp/hard/crti.o
                0x08002ae8                _init
 .init          0x08002aec        0x8 k:/program files (x86)/gnu arm embedded toolchain/10 2021.10/bin/../lib/gcc/arm-none-eabi/10.3.1/thumb/v7e-m+fp/hard/crtn.o
 *(.fini)
 .fini          0x08002af4        0x4 k:/program files (x86)/gnu arm embedded toolchain/10 2021.10/bin/../lib/gcc/arm-none-eabi/10.3.1/thumb/v7e-m+fp/hard/crti.o
                0x08002af4                _fini
 .fini          0x08002af8        0x8 k:/program files (x86)/gnu arm embedded toolchain/10 2021.10/bin/../lib/gcc/arm-none-eabi/10.3.1/thumb/v7e-m+fp/hard/crtn.o
                0x08002b00                . = ALIGN (0x4)
                0x08002b00                _etext = .

.vfp11_veneer   0x08002b00        0x0
 .vfp11_veneer  0x08002b00        0x0 linker stubs

.v4_bx          0x08002b00        0x0
 .v4_bx         0x08002b00        0x0 linker stubs

.iplt           0x08002b00        0x0
 .iplt          0x08002b00        0x0 k:/program files (x86)/gnu arm embedded toolchain/10 2021.10/bin/../lib/gcc/arm-none-eabi/10.3.1/thumb/v7e-m+fp/hard/crtbegin.o

.rodata         0x08002b00       0x30
                0x08002b00                . = ALIGN (0x4)
 *(.rodata)
 *(.rodata*)
 .rodata.main.str1.4
                0x08002b00        0x6 build/main.o
 *fill*         0x08002b06        0x2 
 .rodata.AHBPrescTable
                0x08002b08       0x10 build/system_stm32f4xx.o
                0x08002b08                AHBPrescTable
 .rodata.prvCreateIdleTasks.str1.4
                0x08002b18        0x5 build/tasks.o
 *fill*         0x08002b1d        0x3 
 .rodata.prvCheckForValidListAndQueue.str1.4
                0x08002b20        0x5 build/timers.o
 *fill*         0x08002b25        0x3 
 .rodata.xTimerCreateTimerTask.str1.4
                0x08002b28        0x8 build/timers.o
                0x08002b30                . = ALIGN (0x4)

.ARM.extab
 *(.ARM.extab* .gnu.linkonce.armextab.*)

.ARM            0x08002b30        0x8
                0x08002b30                __exidx_start = .
 *(.ARM.exidx*)
 .ARM.exidx     0x08002b30        0x8 k:/program files (x86)/gnu arm embedded toolchain/10 2021.10/bin/../lib/gcc/arm-none-eabi/10.3.1/thumb/v7e-m+fp/hard\libgcc.a(_udivmoddi4.o)
                0x08002b38                __exidx_end = .

.rel.dyn        0x08002b38        0x0
 .rel.iplt      0x08002b38        0x0 k:/program files (x86)/gnu arm embedded toolchain/10 2021.10/bin/../lib/gcc/arm-none-eabi/10.3.1/thumb/v7e-m+fp/hard/crtbegin.o

.preinit_array  0x08002b38        0x0
                0x08002b38                PROVIDE (__preinit_array_start = .)
 *(.preinit_array*)
                0x08002b38                PROVIDE (__preinit_array_end = .)

.init_array     0x08002b38        0x4
                0x08002b38                PROVIDE (__init_array_start = .)
 *(SORT_BY_NAME(.init_array.*))
 *(.init_array*)
 .init_array    0x08002b38        0x4 k:/program files (x86)/gnu arm embedded toolchain/10 2021.10/bin/../lib/gcc/arm-none-eabi/10.3.1/thumb/v7e-m+fp/hard/crtbegin.o
                0x08002b3c                PROVIDE (__init_array_end = .)

.fini_array     0x08002b3c        0x4
                [!provide]                PROVIDE (__fini_array_start = .)
 *(SORT_BY_NAME(.fini_array.*))
 *(.fini_array*)
 .fini_array    0x08002b3c        0x4 k:/program files (x86)/gnu arm embedded toolchain/10 2021.10/bin/../lib/gcc/arm-none-eabi/10.3.1/thumb/v7e-m+fp/hard/crtbegin.o
                [!provide]                PROVIDE (__fini_array_end = .)
                0x08002b40                _sidata = LOADADDR (.data)

.data           0x20000000       0x14 load address 0x08002b40
                0x20000000                . = ALIGN (0x4)
                0x20000000                _sdata = .
 *(.data)
 *(.data*)
 .data.uwTickFreq
                0x20000000        0x1 build/stm32f4xx_hal.o
                0x20000000                uwTickFreq
 *fill*         0x20000001        0x3 
 .data.uwTickPrio
                0x20000004        0x4 build/stm32f4xx_hal.o
                0x20000004                uwTickPrio
 .data.SystemCoreClock
                0x20000008        0x4 build/system_stm32f4xx.o
                0x20000008                SystemCoreClock
 .data.uxCriticalNesting
                0x2000000c        0x4 build/port.o
 .data.uxTopUsedPriority
                0x20000010        0x4 build/tasks.o
                0x20000014                . = ALIGN (0x4)
                0x20000014                _edata = .
                0x08002b54                _siccmram = LOADADDR (.ccmram)

.igot.plt       0x20000014        0x0 load address 0x08002b54
 .igot.plt      0x20000014        0x0 k:/program files (x86)/gnu arm embedded toolchain/10 2021.10/bin/../lib/gcc/arm-none-eabi/10.3.1/thumb/v7e-m+fp/hard/crtbegin.o

.ccmram         0x10000000        0x0 load address 0x08002b54
                0x10000000                . = ALIGN (0x4)
                0x10000000                _sccmram = .
 *(.ccmram)
 *(.ccmram*)
                0x10000000                . = ALIGN (0x4)
                0x10000000                _eccmram = .
                0x10000000                . = ALIGN (0x4)

.bss            0x20000014     0x1950
                0x20000014                _sbss = .
                0x20000014                __bss_start__ = _sbss
 *(.bss)
 .bss           0x20000014       0x1c k:/program files (x86)/gnu arm embedded toolchain/10 2021.10/bin/../lib/gcc/arm-none-eabi/10.3.1/thumb/v7e-m+fp/hard/crtbegin.o
 *(.bss*)
 .bss.cnt_task1
                0x20000030        0x4 build/main.o
 .bss.handle_task1
                0x20000034        0x4 build/main.o
                0x20000034                handle_task1
 .bss.uwTick    0x20000038        0x4 build/stm32f4xx_hal.o
                0x20000038                uwTick
 .bss.pxEnd     0x2000003c        0x4 build/heap_4.o
 .bss.ucHeap    0x20000040     0x1000 build/heap_4.o
 .bss.xFreeBytesRemaining
                0x20001040        0x4 build/heap_4.o
 .bss.xMinimumEverFreeBytesRemaining
                0x20001044        0x4 build/heap_4.o
 .bss.xNumberOfSuccessfulAllocations
                0x20001048        0x4 build/heap_4.o
 .bss.xNumberOfSuccessfulFrees
                0x2000104c        0x4 build/heap_4.o
 .bss.xStart    0x20001050        0x8 build/heap_4.o
 .bss.ucMaxSysCallPriority
                0x20001058        0x1 build/port.o
 *fill*         0x20001059        0x3 
 .bss.ulMaxPRIGROUPValue
                0x2000105c        0x4 build/port.o
 .bss.xQueueRegistry
                0x20001060       0x40 build/queue.o
                0x20001060                xQueueRegistry
 .bss.pxCurrentTCB
                0x200010a0        0x4 build/tasks.o
                0x200010a0                pxCurrentTCB
 .bss.pxDelayedTaskList
                0x200010a4        0x4 build/tasks.o
 .bss.pxOverflowDelayedTaskList
                0x200010a8        0x4 build/tasks.o
 .bss.pxReadyTasksLists
                0x200010ac      0x280 build/tasks.o
 .bss.uxCurrentNumberOfTasks
                0x2000132c        0x4 build/tasks.o
 .bss.uxDeletedTasksWaitingCleanUp
                0x20001330        0x4 build/tasks.o
 .bss.uxIdleTaskStack.2
                0x20001334      0x200 build/tasks.o
 .bss.uxSchedulerSuspended
                0x20001534        0x4 build/tasks.o
 .bss.uxTaskNumber
                0x20001538        0x4 build/tasks.o
 .bss.uxTimerTaskStack.0
                0x2000153c      0x200 build/tasks.o
 .bss.uxTopReadyPriority
                0x2000173c        0x4 build/tasks.o
 .bss.xDelayedTaskList1
                0x20001740       0x14 build/tasks.o
 .bss.xDelayedTaskList2
                0x20001754       0x14 build/tasks.o
 .bss.xIdleTaskHandles
                0x20001768        0x4 build/tasks.o
 .bss.xIdleTaskTCB.3
                0x2000176c       0x54 build/tasks.o
 .bss.xNextTaskUnblockTime
                0x200017c0        0x4 build/tasks.o
 .bss.xNumOfOverflows
                0x200017c4        0x4 build/tasks.o
 .bss.xPendedTicks
                0x200017c8        0x4 build/tasks.o
 .bss.xPendingReadyList
                0x200017cc       0x14 build/tasks.o
 .bss.xSchedulerRunning
                0x200017e0        0x4 build/tasks.o
 .bss.xSuspendedTaskList
                0x200017e4       0x14 build/tasks.o
 .bss.xTasksWaitingTermination
                0x200017f8       0x14 build/tasks.o
 .bss.xTickCount
                0x2000180c        0x4 build/tasks.o
 .bss.xTimerTaskTCB.1
                0x20001810       0x54 build/tasks.o
 .bss.xYieldPendings
                0x20001864        0x4 build/tasks.o
 .bss.pxCurrentTimerList
                0x20001868        0x4 build/timers.o
 .bss.pxOverflowTimerList
                0x2000186c        0x4 build/timers.o
 .bss.ucStaticTimerQueueStorage.1
                0x20001870       0x78 build/timers.o
 .bss.xActiveTimerList1
                0x200018e8       0x14 build/timers.o
 .bss.xActiveTimerList2
                0x200018fc       0x14 build/timers.o
 .bss.xLastTime.2
                0x20001910        0x4 build/timers.o
 .bss.xStaticTimerQueue.0
                0x20001914       0x48 build/timers.o
 .bss.xTimerQueue
                0x2000195c        0x4 build/timers.o
 .bss.xTimerTaskHandle
                0x20001960        0x4 build/timers.o
 *(COMMON)
                0x20001964                . = ALIGN (0x4)
                0x20001964                _ebss = .
                0x20001964                __bss_end__ = _ebss

._user_heap_stack
                0x20001964     0x6004
                0x20001968                . = ALIGN (0x8)
 *fill*         0x20001964        0x4 
                [!provide]                PROVIDE (end = .)
                0x20001968                PROVIDE (_end = .)
                0x20003968                . = (. + _Min_Heap_Size)
 *fill*         0x20001968     0x2000 
                0x20007968                . = (. + _Min_Stack_Size)
 *fill*         0x20003968     0x4000 
                0x20007968                . = ALIGN (0x8)

/DISCARD/
 libc.a(*)
 libm.a(*)
 libgcc.a(*)
OUTPUT(build/rtos_stm.elf elf32-littlearm)
LOAD linker stubs
LOAD k:/program files (x86)/gnu arm embedded toolchain/10 2021.10/bin/../lib/gcc/arm-none-eabi/10.3.1/../../../../arm-none-eabi/lib/thumb/v7e-m+fp/hard\libc.a
LOAD k:/program files (x86)/gnu arm embedded toolchain/10 2021.10/bin/../lib/gcc/arm-none-eabi/10.3.1/../../../../arm-none-eabi/lib/thumb/v7e-m+fp/hard\libm.a
LOAD k:/program files (x86)/gnu arm embedded toolchain/10 2021.10/bin/../lib/gcc/arm-none-eabi/10.3.1/thumb/v7e-m+fp/hard\libgcc.a

.ARM.attributes
                0x00000000       0x30
 .ARM.attributes
                0x00000000       0x1e k:/program files (x86)/gnu arm embedded toolchain/10 2021.10/bin/../lib/gcc/arm-none-eabi/10.3.1/thumb/v7e-m+fp/hard/crti.o
 .ARM.attributes
                0x0000001e       0x34 k:/program files (x86)/gnu arm embedded toolchain/10 2021.10/bin/../lib/gcc/arm-none-eabi/10.3.1/thumb/v7e-m+fp/hard/crtbegin.o
 .ARM.attributes
                0x00000052       0x34 build/main.o
 .ARM.attributes
                0x00000086       0x34 build/stm32f4xx_it.o
 .ARM.attributes
                0x000000ba       0x34 build/stm32f4xx_hal_msp.o
 .ARM.attributes
                0x000000ee       0x34 build/stm32f4xx_hal_rcc.o
 .ARM.attributes
                0x00000122       0x34 build/stm32f4xx_hal_gpio.o
 .ARM.attributes
                0x00000156       0x34 build/stm32f4xx_hal_cortex.o
 .ARM.attributes
                0x0000018a       0x34 build/stm32f4xx_hal.o
 .ARM.attributes
                0x000001be       0x34 build/system_stm32f4xx.o
 .ARM.attributes
                0x000001f2       0x34 build/heap_4.o
 .ARM.attributes
                0x00000226       0x34 build/list.o
 .ARM.attributes
                0x0000025a       0x34 build/port.o
 .ARM.attributes
                0x0000028e       0x34 build/queue.o
 .ARM.attributes
                0x000002c2       0x34 build/tasks.o
 .ARM.attributes
                0x000002f6       0x34 build/timers.o
 .ARM.attributes
                0x0000032a       0x21 build/startup_stm32f407xx.o
 .ARM.attributes
                0x0000034b       0x34 k:/program files (x86)/gnu arm embedded toolchain/10 2021.10/bin/../lib/gcc/arm-none-eabi/10.3.1/../../../../arm-none-eabi/lib/thumb/v7e-m+fp/hard\libc_nano.a(lib_a-init.o)
 .ARM.attributes
                0x0000037f       0x34 k:/program files (x86)/gnu arm embedded toolchain/10 2021.10/bin/../lib/gcc/arm-none-eabi/10.3.1/../../../../arm-none-eabi/lib/thumb/v7e-m+fp/hard\libc_nano.a(lib_a-memcpy-stub.o)
 .ARM.attributes
                0x000003b3       0x34 k:/program files (x86)/gnu arm embedded toolchain/10 2021.10/bin/../lib/gcc/arm-none-eabi/10.3.1/../../../../arm-none-eabi/lib/thumb/v7e-m+fp/hard\libc_nano.a(lib_a-memset.o)
 .ARM.attributes
                0x000003e7       0x1e k:/program files (x86)/gnu arm embedded toolchain/10 2021.10/bin/../lib/gcc/arm-none-eabi/10.3.1/thumb/v7e-m+fp/hard\libgcc.a(_aeabi_uldivmod.o)
 .ARM.attributes
                0x00000405       0x34 k:/program files (x86)/gnu arm embedded toolchain/10 2021.10/bin/../lib/gcc/arm-none-eabi/10.3.1/thumb/v7e-m+fp/hard\libgcc.a(_udivmoddi4.o)
 .ARM.attributes
                0x00000439       0x1e k:/program files (x86)/gnu arm embedded toolchain/10 2021.10/bin/../lib/gcc/arm-none-eabi/10.3.1/thumb/v7e-m+fp/hard\libgcc.a(_dvmd_tls.o)
 .ARM.attributes
                0x00000457       0x1e k:/program files (x86)/gnu arm embedded toolchain/10 2021.10/bin/../lib/gcc/arm-none-eabi/10.3.1/thumb/v7e-m+fp/hard/crtn.o

.comment        0x00000000       0x49
 .comment       0x00000000       0x49 build/main.o
                                 0x4a (size before relaxing)
 .comment       0x00000049       0x4a build/stm32f4xx_it.o
 .comment       0x00000049       0x4a build/stm32f4xx_hal_msp.o
 .comment       0x00000049       0x4a build/stm32f4xx_hal_rcc.o
 .comment       0x00000049       0x4a build/stm32f4xx_hal_gpio.o
 .comment       0x00000049       0x4a build/stm32f4xx_hal_cortex.o
 .comment       0x00000049       0x4a build/stm32f4xx_hal.o
 .comment       0x00000049       0x4a build/system_stm32f4xx.o
 .comment       0x00000049       0x4a build/heap_4.o
 .comment       0x00000049       0x4a build/list.o
 .comment       0x00000049       0x4a build/port.o
 .comment       0x00000049       0x4a build/queue.o
 .comment       0x00000049       0x4a build/tasks.o
 .comment       0x00000049       0x4a build/timers.o

.debug_info     0x00000000     0xd2eb
 .debug_info    0x00000000      0x93e build/main.o
 .debug_info    0x0000093e      0x102 build/stm32f4xx_it.o
 .debug_info    0x00000a40      0x548 build/stm32f4xx_hal_msp.o
 .debug_info    0x00000f88      0xbe6 build/stm32f4xx_hal_rcc.o
 .debug_info    0x00001b6e      0x848 build/stm32f4xx_hal_gpio.o
 .debug_info    0x000023b6     0x1174 build/stm32f4xx_hal_cortex.o
 .debug_info    0x0000352a      0xacf build/stm32f4xx_hal.o
 .debug_info    0x00003ff9      0x5b3 build/system_stm32f4xx.o
 .debug_info    0x000045ac      0x781 build/heap_4.o
 .debug_info    0x00004d2d      0x30a build/list.o
 .debug_info    0x00005037      0x65b build/port.o
 .debug_info    0x00005692     0x29d2 build/queue.o
 .debug_info    0x00008064     0x3815 build/tasks.o
 .debug_info    0x0000b879     0x1a50 build/timers.o
 .debug_info    0x0000d2c9       0x22 build/startup_stm32f407xx.o

.debug_abbrev   0x00000000     0x1ff4
 .debug_abbrev  0x00000000      0x23d build/main.o
 .debug_abbrev  0x0000023d       0x46 build/stm32f4xx_it.o
 .debug_abbrev  0x00000283      0x11c build/stm32f4xx_hal_msp.o
 .debug_abbrev  0x0000039f      0x2aa build/stm32f4xx_hal_rcc.o
 .debug_abbrev  0x00000649      0x22b build/stm32f4xx_hal_gpio.o
 .debug_abbrev  0x00000874      0x382 build/stm32f4xx_hal_cortex.o
 .debug_abbrev  0x00000bf6      0x209 build/stm32f4xx_hal.o
 .debug_abbrev  0x00000dff      0x11b build/system_stm32f4xx.o
 .debug_abbrev  0x00000f1a      0x2ba build/heap_4.o
 .debug_abbrev  0x000011d4      0x11d build/list.o
 .debug_abbrev  0x000012f1      0x275 build/port.o
 .debug_abbrev  0x00001566      0x392 build/queue.o
 .debug_abbrev  0x000018f8      0x3a0 build/tasks.o
 .debug_abbrev  0x00001c98      0x34a build/timers.o
 .debug_abbrev  0x00001fe2       0x12 build/startup_stm32f407xx.o

.debug_loc      0x00000000     0x89e0
 .debug_loc     0x00000000       0xfb build/main.o
 .debug_loc     0x000000fb       0x38 build/stm32f4xx_hal_msp.o
 .debug_loc     0x00000133      0x6e4 build/stm32f4xx_hal_rcc.o
 .debug_loc     0x00000817      0x5e8 build/stm32f4xx_hal_gpio.o
 .debug_loc     0x00000dff      0x7a4 build/stm32f4xx_hal_cortex.o
 .debug_loc     0x000015a3      0x1e1 build/stm32f4xx_hal.o
 .debug_loc     0x00001784      0x158 build/system_stm32f4xx.o
 .debug_loc     0x000018dc      0x60c build/heap_4.o
 .debug_loc     0x00001ee8       0xe5 build/list.o
 .debug_loc     0x00001fcd      0x1ce build/port.o
 .debug_loc     0x0000219b     0x2103 build/queue.o
 .debug_loc     0x0000429e     0x325a build/tasks.o
 .debug_loc     0x000074f8     0x14e8 build/timers.o

.debug_aranges  0x00000000      0x8f0
 .debug_aranges
                0x00000000       0x40 build/main.o
 .debug_aranges
                0x00000040       0x48 build/stm32f4xx_it.o
 .debug_aranges
                0x00000088       0x20 build/stm32f4xx_hal_msp.o
 .debug_aranges
                0x000000a8       0x88 build/stm32f4xx_hal_rcc.o
 .debug_aranges
                0x00000130       0x58 build/stm32f4xx_hal_gpio.o
 .debug_aranges
                0x00000188       0xa8 build/stm32f4xx_hal_cortex.o
 .debug_aranges
                0x00000230       0xf0 build/stm32f4xx_hal.o
 .debug_aranges
                0x00000320       0x28 build/system_stm32f4xx.o
 .debug_aranges
                0x00000348       0x68 build/heap_4.o
 .debug_aranges
                0x000003b0       0x40 build/list.o
 .debug_aranges
                0x000003f0       0x80 build/port.o
 .debug_aranges
                0x00000470      0x148 build/queue.o
 .debug_aranges
                0x000005b8      0x218 build/tasks.o
 .debug_aranges
                0x000007d0       0xf8 build/timers.o
 .debug_aranges
                0x000008c8       0x28 build/startup_stm32f407xx.o

.debug_ranges   0x00000000      0xc60
 .debug_ranges  0x00000000       0x30 build/main.o
 .debug_ranges  0x00000030       0x38 build/stm32f4xx_it.o
 .debug_ranges  0x00000068       0x10 build/stm32f4xx_hal_msp.o
 .debug_ranges  0x00000078       0x90 build/stm32f4xx_hal_rcc.o
 .debug_ranges  0x00000108       0x48 build/stm32f4xx_hal_gpio.o
 .debug_ranges  0x00000150       0xf8 build/stm32f4xx_hal_cortex.o
 .debug_ranges  0x00000248       0xe0 build/stm32f4xx_hal.o
 .debug_ranges  0x00000328       0x18 build/system_stm32f4xx.o
 .debug_ranges  0x00000340       0x58 build/heap_4.o
 .debug_ranges  0x00000398       0x30 build/list.o
 .debug_ranges  0x000003c8       0xa8 build/port.o
 .debug_ranges  0x00000470      0x250 build/queue.o
 .debug_ranges  0x000006c0      0x498 build/tasks.o
 .debug_ranges  0x00000b58       0xe8 build/timers.o
 .debug_ranges  0x00000c40       0x20 build/startup_stm32f407xx.o

.debug_line     0x00000000     0xa57a
 .debug_line    0x00000000      0x3cc build/main.o
 .debug_line    0x000003cc      0x104 build/stm32f4xx_it.o
 .debug_line    0x000004d0      0x1ac build/stm32f4xx_hal_msp.o
 .debug_line    0x0000067c      0xb23 build/stm32f4xx_hal_rcc.o
 .debug_line    0x0000119f      0x6f5 build/stm32f4xx_hal_gpio.o
 .debug_line    0x00001894      0x78c build/stm32f4xx_hal_cortex.o
 .debug_line    0x00002020      0x579 build/stm32f4xx_hal.o
 .debug_line    0x00002599      0x264 build/system_stm32f4xx.o
 .debug_line    0x000027fd      0x958 build/heap_4.o
 .debug_line    0x00003155      0x369 build/list.o
 .debug_line    0x000034be      0x750 build/port.o
 .debug_line    0x00003c0e     0x2123 build/queue.o
 .debug_line    0x00005d31     0x3854 build/tasks.o
 .debug_line    0x00009585      0xf7f build/timers.o
 .debug_line    0x0000a504       0x76 build/startup_stm32f407xx.o

.debug_str      0x00000000     0x3773
 .debug_str     0x00000000      0x516 build/main.o
                                0x580 (size before relaxing)
 .debug_str     0x00000516       0x7d build/stm32f4xx_it.o
                                0x1d0 (size before relaxing)
 .debug_str     0x00000593      0x52c build/stm32f4xx_hal_msp.o
                                0x796 (size before relaxing)
 .debug_str     0x00000abf      0x250 build/stm32f4xx_hal_rcc.o
                                0x6d9 (size before relaxing)
 .debug_str     0x00000d0f      0x135 build/stm32f4xx_hal_gpio.o
                                0x4b3 (size before relaxing)
 .debug_str     0x00000e44      0x4f5 build/stm32f4xx_hal_cortex.o
                                0xbff (size before relaxing)
 .debug_str     0x00001339      0x2ab build/stm32f4xx_hal.o
                                0xb2d (size before relaxing)
 .debug_str     0x000015e4       0x47 build/system_stm32f4xx.o
                                0x348 (size before relaxing)
 .debug_str     0x0000162b      0x36a build/heap_4.o
                                0x50c (size before relaxing)
 .debug_str     0x00001995      0x125 build/list.o
                                0x2c3 (size before relaxing)
 .debug_str     0x00001aba      0x27e build/port.o
                                0x452 (size before relaxing)
 .debug_str     0x00001d38      0x92a build/queue.o
                                0xcd6 (size before relaxing)
 .debug_str     0x00002662      0xc17 build/tasks.o
                               0x130d (size before relaxing)
 .debug_str     0x00003279      0x4d6 build/timers.o
                                0xb66 (size before relaxing)
 .debug_str     0x0000374f       0x24 build/startup_stm32f407xx.o
                                 0x3d (size before relaxing)

.debug_frame    0x00000000     0x181c
 .debug_frame   0x00000000       0x94 build/main.o
 .debug_frame   0x00000094       0x70 build/stm32f4xx_it.o
 .debug_frame   0x00000104       0x2c build/stm32f4xx_hal_msp.o
 .debug_frame   0x00000130      0x16c build/stm32f4xx_hal_rcc.o
 .debug_frame   0x0000029c       0xd8 build/stm32f4xx_hal_gpio.o
 .debug_frame   0x00000374      0x148 build/stm32f4xx_hal_cortex.o
 .debug_frame   0x000004bc      0x1ec build/stm32f4xx_hal.o
 .debug_frame   0x000006a8       0x30 build/system_stm32f4xx.o
 .debug_frame   0x000006d8       0xfc build/heap_4.o
 .debug_frame   0x000007d4       0x70 build/list.o
 .debug_frame   0x00000844      0x104 build/port.o
 .debug_frame   0x00000948      0x440 build/queue.o
 .debug_frame   0x00000d88      0x6ac build/tasks.o
 .debug_frame   0x00001434      0x314 build/timers.o
 .debug_frame   0x00001748       0x2c k:/program files (x86)/gnu arm embedded toolchain/10 2021.10/bin/../lib/gcc/arm-none-eabi/10.3.1/../../../../arm-none-eabi/lib/thumb/v7e-m+fp/hard\libc_nano.a(lib_a-init.o)
 .debug_frame   0x00001774       0x28 k:/program files (x86)/gnu arm embedded toolchain/10 2021.10/bin/../lib/gcc/arm-none-eabi/10.3.1/../../../../arm-none-eabi/lib/thumb/v7e-m+fp/hard\libc_nano.a(lib_a-memcpy-stub.o)
 .debug_frame   0x0000179c       0x20 k:/program files (x86)/gnu arm embedded toolchain/10 2021.10/bin/../lib/gcc/arm-none-eabi/10.3.1/../../../../arm-none-eabi/lib/thumb/v7e-m+fp/hard\libc_nano.a(lib_a-memset.o)
 .debug_frame   0x000017bc       0x2c k:/program files (x86)/gnu arm embedded toolchain/10 2021.10/bin/../lib/gcc/arm-none-eabi/10.3.1/thumb/v7e-m+fp/hard\libgcc.a(_aeabi_uldivmod.o)
 .debug_frame   0x000017e8       0x34 k:/program files (x86)/gnu arm embedded toolchain/10 2021.10/bin/../lib/gcc/arm-none-eabi/10.3.1/thumb/v7e-m+fp/hard\libgcc.a(_udivmoddi4.o)

Cross Reference Table

Symbol                                            File
ADC_IRQHandler                                    build/startup_stm32f407xx.o
AHBPrescTable                                     build/system_stm32f4xx.o
                                                  build/stm32f4xx_hal_rcc.o
APBPrescTable                                     build/system_stm32f4xx.o
                                                  build/stm32f4xx_hal_rcc.o
BusFault_Handler                                  build/stm32f4xx_it.o
CAN1_RX0_IRQHandler                               build/startup_stm32f407xx.o
CAN1_RX1_IRQHandler                               build/startup_stm32f407xx.o
CAN1_SCE_IRQHandler                               build/startup_stm32f407xx.o
CAN1_TX_IRQHandler                                build/startup_stm32f407xx.o
CAN2_RX0_IRQHandler                               build/startup_stm32f407xx.o
CAN2_RX1_IRQHandler                               build/startup_stm32f407xx.o
CAN2_SCE_IRQHandler                               build/startup_stm32f407xx.o
CAN2_TX_IRQHandler                                build/startup_stm32f407xx.o
DCMI_IRQHandler                                   build/startup_stm32f407xx.o
DMA1_Stream0_IRQHandler                           build/startup_stm32f407xx.o
DMA1_Stream1_IRQHandler                           build/startup_stm32f407xx.o
DMA1_Stream2_IRQHandler                           build/startup_stm32f407xx.o
DMA1_Stream3_IRQHandler                           build/startup_stm32f407xx.o
DMA1_Stream4_IRQHandler                           build/startup_stm32f407xx.o
DMA1_Stream5_IRQHandler                           build/startup_stm32f407xx.o
DMA1_Stream6_IRQHandler                           build/startup_stm32f407xx.o
DMA1_Stream7_IRQHandler                           build/startup_stm32f407xx.o
DMA2_Stream0_IRQHandler                           build/startup_stm32f407xx.o
DMA2_Stream1_IRQHandler                           build/startup_stm32f407xx.o
DMA2_Stream2_IRQHandler                           build/startup_stm32f407xx.o
DMA2_Stream3_IRQHandler                           build/startup_stm32f407xx.o
DMA2_Stream4_IRQHandler                           build/startup_stm32f407xx.o
DMA2_Stream5_IRQHandler                           build/startup_stm32f407xx.o
DMA2_Stream6_IRQHandler                           build/startup_stm32f407xx.o
DMA2_Stream7_IRQHandler                           build/startup_stm32f407xx.o
DebugMon_Handler                                  build/stm32f4xx_it.o
Default_Handler                                   build/startup_stm32f407xx.o
ETH_IRQHandler                                    build/startup_stm32f407xx.o
ETH_WKUP_IRQHandler                               build/startup_stm32f407xx.o
EXTI0_IRQHandler                                  build/startup_stm32f407xx.o
EXTI15_10_IRQHandler                              build/startup_stm32f407xx.o
EXTI1_IRQHandler                                  build/startup_stm32f407xx.o
EXTI2_IRQHandler                                  build/startup_stm32f407xx.o
EXTI3_IRQHandler                                  build/startup_stm32f407xx.o
EXTI4_IRQHandler                                  build/startup_stm32f407xx.o
EXTI9_5_IRQHandler                                build/startup_stm32f407xx.o
Error_Handler                                     build/main.o
FLASH_Erase_Sector                                build/stm32f4xx_hal_flash_ex.o
                                                  build/stm32f4xx_hal_flash.o
FLASH_FlushCaches                                 build/stm32f4xx_hal_flash_ex.o
                                                  build/stm32f4xx_hal_flash.o
FLASH_IRQHandler                                  build/startup_stm32f407xx.o
FLASH_WaitForLastOperation                        build/stm32f4xx_hal_flash.o
                                                  build/stm32f4xx_hal_flash_ex.o
FPU_IRQHandler                                    build/startup_stm32f407xx.o
FSMC_IRQHandler                                   build/startup_stm32f407xx.o
HAL_DBGMCU_DisableDBGSleepMode                    build/stm32f4xx_hal.o
HAL_DBGMCU_DisableDBGStandbyMode                  build/stm32f4xx_hal.o
HAL_DBGMCU_DisableDBGStopMode                     build/stm32f4xx_hal.o
HAL_DBGMCU_EnableDBGSleepMode                     build/stm32f4xx_hal.o
HAL_DBGMCU_EnableDBGStandbyMode                   build/stm32f4xx_hal.o
HAL_DBGMCU_EnableDBGStopMode                      build/stm32f4xx_hal.o
HAL_DMAEx_ChangeMemory                            build/stm32f4xx_hal_dma_ex.o
HAL_DMAEx_MultiBufferStart                        build/stm32f4xx_hal_dma_ex.o
HAL_DMAEx_MultiBufferStart_IT                     build/stm32f4xx_hal_dma_ex.o
HAL_DMA_Abort                                     build/stm32f4xx_hal_dma.o
HAL_DMA_Abort_IT                                  build/stm32f4xx_hal_dma.o
HAL_DMA_DeInit                                    build/stm32f4xx_hal_dma.o
HAL_DMA_GetError                                  build/stm32f4xx_hal_dma.o
HAL_DMA_GetState                                  build/stm32f4xx_hal_dma.o
HAL_DMA_IRQHandler                                build/stm32f4xx_hal_dma.o
HAL_DMA_Init                                      build/stm32f4xx_hal_dma.o
HAL_DMA_PollForTransfer                           build/stm32f4xx_hal_dma.o
HAL_DMA_RegisterCallback                          build/stm32f4xx_hal_dma.o
HAL_DMA_Start                                     build/stm32f4xx_hal_dma.o
HAL_DMA_Start_IT                                  build/stm32f4xx_hal_dma.o
HAL_DMA_UnRegisterCallback                        build/stm32f4xx_hal_dma.o
HAL_DeInit                                        build/stm32f4xx_hal.o
HAL_Delay                                         build/stm32f4xx_hal.o
                                                  build/stm32f4xx_hal_eth.o
HAL_DisableCompensationCell                       build/stm32f4xx_hal.o
HAL_ETH_DeInit                                    build/stm32f4xx_hal_eth.o
HAL_ETH_EnterPowerDownMode                        build/stm32f4xx_hal_eth.o
HAL_ETH_ErrorCallback                             build/stm32f4xx_hal_eth.o
HAL_ETH_ExitPowerDownMode                         build/stm32f4xx_hal_eth.o
HAL_ETH_GetDMAConfig                              build/stm32f4xx_hal_eth.o
HAL_ETH_GetDMAError                               build/stm32f4xx_hal_eth.o
HAL_ETH_GetError                                  build/stm32f4xx_hal_eth.o
HAL_ETH_GetMACConfig                              build/stm32f4xx_hal_eth.o
HAL_ETH_GetMACError                               build/stm32f4xx_hal_eth.o
HAL_ETH_GetMACFilterConfig                        build/stm32f4xx_hal_eth.o
HAL_ETH_GetMACWakeUpSource                        build/stm32f4xx_hal_eth.o
HAL_ETH_GetRxDataErrorCode                        build/stm32f4xx_hal_eth.o
HAL_ETH_GetState                                  build/stm32f4xx_hal_eth.o
HAL_ETH_IRQHandler                                build/stm32f4xx_hal_eth.o
HAL_ETH_Init                                      build/stm32f4xx_hal_eth.o
HAL_ETH_MspDeInit                                 build/stm32f4xx_hal_eth.o
HAL_ETH_MspInit                                   build/stm32f4xx_hal_eth.o
HAL_ETH_PMTCallback                               build/stm32f4xx_hal_eth.o
HAL_ETH_ReadData                                  build/stm32f4xx_hal_eth.o
HAL_ETH_ReadPHYRegister                           build/stm32f4xx_hal_eth.o
HAL_ETH_RegisterRxAllocateCallback                build/stm32f4xx_hal_eth.o
HAL_ETH_RegisterRxLinkCallback                    build/stm32f4xx_hal_eth.o
HAL_ETH_RegisterTxFreeCallback                    build/stm32f4xx_hal_eth.o
HAL_ETH_ReleaseTxPacket                           build/stm32f4xx_hal_eth.o
HAL_ETH_RxAllocateCallback                        build/stm32f4xx_hal_eth.o
HAL_ETH_RxCpltCallback                            build/stm32f4xx_hal_eth.o
HAL_ETH_RxLinkCallback                            build/stm32f4xx_hal_eth.o
HAL_ETH_SetDMAConfig                              build/stm32f4xx_hal_eth.o
HAL_ETH_SetHashTable                              build/stm32f4xx_hal_eth.o
HAL_ETH_SetMACConfig                              build/stm32f4xx_hal_eth.o
HAL_ETH_SetMACFilterConfig                        build/stm32f4xx_hal_eth.o
HAL_ETH_SetMDIOClockRange                         build/stm32f4xx_hal_eth.o
HAL_ETH_SetRxVLANIdentifier                       build/stm32f4xx_hal_eth.o
HAL_ETH_SetSourceMACAddrMatch                     build/stm32f4xx_hal_eth.o
HAL_ETH_SetWakeUpFilter                           build/stm32f4xx_hal_eth.o
HAL_ETH_Start                                     build/stm32f4xx_hal_eth.o
HAL_ETH_Start_IT                                  build/stm32f4xx_hal_eth.o
HAL_ETH_Stop                                      build/stm32f4xx_hal_eth.o
HAL_ETH_Stop_IT                                   build/stm32f4xx_hal_eth.o
HAL_ETH_Transmit                                  build/stm32f4xx_hal_eth.o
HAL_ETH_Transmit_IT                               build/stm32f4xx_hal_eth.o
HAL_ETH_TxCpltCallback                            build/stm32f4xx_hal_eth.o
HAL_ETH_TxFreeCallback                            build/stm32f4xx_hal_eth.o
HAL_ETH_UnRegisterRxAllocateCallback              build/stm32f4xx_hal_eth.o
HAL_ETH_UnRegisterRxLinkCallback                  build/stm32f4xx_hal_eth.o
HAL_ETH_UnRegisterTxFreeCallback                  build/stm32f4xx_hal_eth.o
HAL_ETH_WakeUpCallback                            build/stm32f4xx_hal_eth.o
HAL_ETH_WritePHYRegister                          build/stm32f4xx_hal_eth.o
HAL_EXTI_ClearConfigLine                          build/stm32f4xx_hal_exti.o
HAL_EXTI_ClearPending                             build/stm32f4xx_hal_exti.o
HAL_EXTI_GenerateSWI                              build/stm32f4xx_hal_exti.o
HAL_EXTI_GetConfigLine                            build/stm32f4xx_hal_exti.o
HAL_EXTI_GetHandle                                build/stm32f4xx_hal_exti.o
HAL_EXTI_GetPending                               build/stm32f4xx_hal_exti.o
HAL_EXTI_IRQHandler                               build/stm32f4xx_hal_exti.o
HAL_EXTI_RegisterCallback                         build/stm32f4xx_hal_exti.o
HAL_EXTI_SetConfigLine                            build/stm32f4xx_hal_exti.o
HAL_EnableCompensationCell                        build/stm32f4xx_hal.o
HAL_FLASHEx_Erase                                 build/stm32f4xx_hal_flash_ex.o
HAL_FLASHEx_Erase_IT                              build/stm32f4xx_hal_flash_ex.o
HAL_FLASHEx_OBGetConfig                           build/stm32f4xx_hal_flash_ex.o
HAL_FLASHEx_OBProgram                             build/stm32f4xx_hal_flash_ex.o
HAL_FLASH_EndOfOperationCallback                  build/stm32f4xx_hal_flash.o
HAL_FLASH_GetError                                build/stm32f4xx_hal_flash.o
HAL_FLASH_IRQHandler                              build/stm32f4xx_hal_flash.o
HAL_FLASH_Lock                                    build/stm32f4xx_hal_flash.o
HAL_FLASH_OB_Launch                               build/stm32f4xx_hal_flash.o
HAL_FLASH_OB_Lock                                 build/stm32f4xx_hal_flash.o
HAL_FLASH_OB_Unlock                               build/stm32f4xx_hal_flash.o
HAL_FLASH_OperationErrorCallback                  build/stm32f4xx_hal_flash.o
HAL_FLASH_Program                                 build/stm32f4xx_hal_flash.o
HAL_FLASH_Program_IT                              build/stm32f4xx_hal_flash.o
HAL_FLASH_Unlock                                  build/stm32f4xx_hal_flash.o
HAL_GPIO_DeInit                                   build/stm32f4xx_hal_gpio.o
HAL_GPIO_EXTI_Callback                            build/stm32f4xx_hal_gpio.o
HAL_GPIO_EXTI_IRQHandler                          build/stm32f4xx_hal_gpio.o
HAL_GPIO_Init                                     build/stm32f4xx_hal_gpio.o
                                                  build/stm32f4xx_hal_rcc.o
                                                  build/main.o
HAL_GPIO_LockPin                                  build/stm32f4xx_hal_gpio.o
HAL_GPIO_ReadPin                                  build/stm32f4xx_hal_gpio.o
HAL_GPIO_TogglePin                                build/stm32f4xx_hal_gpio.o
HAL_GPIO_WritePin                                 build/stm32f4xx_hal_gpio.o
                                                  build/main.o
HAL_GetDEVID                                      build/stm32f4xx_hal.o
HAL_GetHalVersion                                 build/stm32f4xx_hal.o
HAL_GetREVID                                      build/stm32f4xx_hal.o
HAL_GetTick                                       build/stm32f4xx_hal.o
                                                  build/stm32f4xx_hal_eth.o
                                                  build/stm32f4xx_hal_pwr_ex.o
                                                  build/stm32f4xx_hal_dma.o
                                                  build/stm32f4xx_hal_flash.o
                                                  build/stm32f4xx_hal_rcc_ex.o
                                                  build/stm32f4xx_hal_rcc.o
HAL_GetTickFreq                                   build/stm32f4xx_hal.o
HAL_GetTickPrio                                   build/stm32f4xx_hal.o
HAL_GetUIDw0                                      build/stm32f4xx_hal.o
HAL_GetUIDw1                                      build/stm32f4xx_hal.o
HAL_GetUIDw2                                      build/stm32f4xx_hal.o
HAL_IncTick                                       build/stm32f4xx_hal.o
HAL_Init                                          build/stm32f4xx_hal.o
                                                  build/main.o
HAL_InitTick                                      build/stm32f4xx_hal.o
                                                  build/stm32f4xx_hal_rcc_ex.o
                                                  build/stm32f4xx_hal_rcc.o
HAL_MPU_ConfigRegion                              build/stm32f4xx_hal_cortex.o
HAL_MPU_Disable                                   build/stm32f4xx_hal_cortex.o
HAL_MPU_Enable                                    build/stm32f4xx_hal_cortex.o
HAL_MspDeInit                                     build/stm32f4xx_hal.o
HAL_MspInit                                       build/stm32f4xx_hal_msp.o
HAL_NVIC_ClearPendingIRQ                          build/stm32f4xx_hal_cortex.o
HAL_NVIC_DisableIRQ                               build/stm32f4xx_hal_cortex.o
HAL_NVIC_EnableIRQ                                build/stm32f4xx_hal_cortex.o
HAL_NVIC_GetActive                                build/stm32f4xx_hal_cortex.o
HAL_NVIC_GetPendingIRQ                            build/stm32f4xx_hal_cortex.o
HAL_NVIC_GetPriority                              build/stm32f4xx_hal_cortex.o
HAL_NVIC_GetPriorityGrouping                      build/stm32f4xx_hal_cortex.o
HAL_NVIC_SetPendingIRQ                            build/stm32f4xx_hal_cortex.o
HAL_NVIC_SetPriority                              build/stm32f4xx_hal_cortex.o
                                                  build/stm32f4xx_hal.o
                                                  build/stm32f4xx_hal_msp.o
HAL_NVIC_SetPriorityGrouping                      build/stm32f4xx_hal_cortex.o
                                                  build/stm32f4xx_hal.o
HAL_NVIC_SystemReset                              build/stm32f4xx_hal_cortex.o
HAL_PWREx_ControlVoltageScaling                   build/stm32f4xx_hal_pwr_ex.o
HAL_PWREx_DisableBkUpReg                          build/stm32f4xx_hal_pwr_ex.o
HAL_PWREx_DisableFlashPowerDown                   build/stm32f4xx_hal_pwr_ex.o
HAL_PWREx_EnableBkUpReg                           build/stm32f4xx_hal_pwr_ex.o
HAL_PWREx_EnableFlashPowerDown                    build/stm32f4xx_hal_pwr_ex.o
HAL_PWREx_GetVoltageRange                         build/stm32f4xx_hal_pwr_ex.o
HAL_PWR_ConfigPVD                                 build/stm32f4xx_hal_pwr.o
HAL_PWR_DeInit                                    build/stm32f4xx_hal_pwr.o
HAL_PWR_DisableBkUpAccess                         build/stm32f4xx_hal_pwr.o
HAL_PWR_DisablePVD                                build/stm32f4xx_hal_pwr.o
HAL_PWR_DisableSEVOnPend                          build/stm32f4xx_hal_pwr.o
HAL_PWR_DisableSleepOnExit                        build/stm32f4xx_hal_pwr.o
HAL_PWR_DisableWakeUpPin                          build/stm32f4xx_hal_pwr.o
HAL_PWR_EnableBkUpAccess                          build/stm32f4xx_hal_pwr.o
HAL_PWR_EnablePVD                                 build/stm32f4xx_hal_pwr.o
HAL_PWR_EnableSEVOnPend                           build/stm32f4xx_hal_pwr.o
HAL_PWR_EnableSleepOnExit                         build/stm32f4xx_hal_pwr.o
HAL_PWR_EnableWakeUpPin                           build/stm32f4xx_hal_pwr.o
HAL_PWR_EnterSLEEPMode                            build/stm32f4xx_hal_pwr.o
HAL_PWR_EnterSTANDBYMode                          build/stm32f4xx_hal_pwr.o
HAL_PWR_EnterSTOPMode                             build/stm32f4xx_hal_pwr.o
HAL_PWR_PVDCallback                               build/stm32f4xx_hal_pwr.o
HAL_PWR_PVD_IRQHandler                            build/stm32f4xx_hal_pwr.o
HAL_RCCEx_DisablePLLI2S                           build/stm32f4xx_hal_rcc_ex.o
HAL_RCCEx_EnablePLLI2S                            build/stm32f4xx_hal_rcc_ex.o
HAL_RCCEx_GetPeriphCLKConfig                      build/stm32f4xx_hal_rcc_ex.o
HAL_RCCEx_GetPeriphCLKFreq                        build/stm32f4xx_hal_rcc_ex.o
HAL_RCCEx_PeriphCLKConfig                         build/stm32f4xx_hal_rcc_ex.o
HAL_RCC_CSSCallback                               build/stm32f4xx_hal_rcc.o
HAL_RCC_ClockConfig                               build/stm32f4xx_hal_rcc.o
                                                  build/main.o
HAL_RCC_DeInit                                    build/stm32f4xx_hal_rcc_ex.o
                                                  build/stm32f4xx_hal_rcc.o
HAL_RCC_DisableCSS                                build/stm32f4xx_hal_rcc.o
HAL_RCC_EnableCSS                                 build/stm32f4xx_hal_rcc.o
HAL_RCC_GetClockConfig                            build/stm32f4xx_hal_rcc.o
HAL_RCC_GetHCLKFreq                               build/stm32f4xx_hal_rcc.o
                                                  build/stm32f4xx_hal_eth.o
HAL_RCC_GetOscConfig                              build/stm32f4xx_hal_rcc.o
HAL_RCC_GetPCLK1Freq                              build/stm32f4xx_hal_rcc.o
HAL_RCC_GetPCLK2Freq                              build/stm32f4xx_hal_rcc.o
HAL_RCC_GetSysClockFreq                           build/stm32f4xx_hal_rcc.o
HAL_RCC_MCOConfig                                 build/stm32f4xx_hal_rcc.o
HAL_RCC_NMI_IRQHandler                            build/stm32f4xx_hal_rcc.o
HAL_RCC_OscConfig                                 build/stm32f4xx_hal_rcc.o
                                                  build/main.o
HAL_ResumeTick                                    build/stm32f4xx_hal.o
HAL_SYSTICK_CLKSourceConfig                       build/stm32f4xx_hal_cortex.o
HAL_SYSTICK_Callback                              build/stm32f4xx_hal_cortex.o
HAL_SYSTICK_Config                                build/stm32f4xx_hal_cortex.o
                                                  build/stm32f4xx_hal.o
HAL_SYSTICK_IRQHandler                            build/stm32f4xx_hal_cortex.o
HAL_SetTickFreq                                   build/stm32f4xx_hal.o
HAL_SuspendTick                                   build/stm32f4xx_hal.o
HASH_RNG_IRQHandler                               build/startup_stm32f407xx.o
HardFault_Handler                                 build/stm32f4xx_it.o
I2C1_ER_IRQHandler                                build/startup_stm32f407xx.o
I2C1_EV_IRQHandler                                build/startup_stm32f407xx.o
I2C2_ER_IRQHandler                                build/startup_stm32f407xx.o
I2C2_EV_IRQHandler                                build/startup_stm32f407xx.o
I2C3_ER_IRQHandler                                build/startup_stm32f407xx.o
I2C3_EV_IRQHandler                                build/startup_stm32f407xx.o
MemManage_Handler                                 build/stm32f4xx_it.o
NMI_Handler                                       build/stm32f4xx_it.o
OTG_FS_IRQHandler                                 build/startup_stm32f407xx.o
OTG_FS_WKUP_IRQHandler                            build/startup_stm32f407xx.o
OTG_HS_EP1_IN_IRQHandler                          build/startup_stm32f407xx.o
OTG_HS_EP1_OUT_IRQHandler                         build/startup_stm32f407xx.o
OTG_HS_IRQHandler                                 build/startup_stm32f407xx.o
OTG_HS_WKUP_IRQHandler                            build/startup_stm32f407xx.o
PVD_IRQHandler                                    build/startup_stm32f407xx.o
PendSV_Handler                                    build/port.o
RCC_IRQHandler                                    build/startup_stm32f407xx.o
RTC_Alarm_IRQHandler                              build/startup_stm32f407xx.o
RTC_WKUP_IRQHandler                               build/startup_stm32f407xx.o
Reset_Handler                                     build/startup_stm32f407xx.o
SDIO_IRQHandler                                   build/startup_stm32f407xx.o
SPI1_IRQHandler                                   build/startup_stm32f407xx.o
SPI2_IRQHandler                                   build/startup_stm32f407xx.o
SPI3_IRQHandler                                   build/startup_stm32f407xx.o
SVC_Handler                                       build/port.o
SysTick_Handler                                   build/port.o
SystemClock_Config                                build/main.o
SystemCoreClock                                   build/system_stm32f4xx.o
                                                  build/stm32f4xx_hal.o
                                                  build/stm32f4xx_hal_dma.o
                                                  build/stm32f4xx_hal_rcc_ex.o
                                                  build/stm32f4xx_hal_rcc.o
SystemCoreClockUpdate                             build/system_stm32f4xx.o
SystemInit                                        build/system_stm32f4xx.o
                                                  build/startup_stm32f407xx.o
TAMP_STAMP_IRQHandler                             build/startup_stm32f407xx.o
TIM1_BRK_TIM9_IRQHandler                          build/startup_stm32f407xx.o
TIM1_CC_IRQHandler                                build/startup_stm32f407xx.o
TIM1_TRG_COM_TIM11_IRQHandler                     build/startup_stm32f407xx.o
TIM1_UP_TIM10_IRQHandler                          build/startup_stm32f407xx.o
TIM2_IRQHandler                                   build/startup_stm32f407xx.o
TIM3_IRQHandler                                   build/startup_stm32f407xx.o
TIM4_IRQHandler                                   build/startup_stm32f407xx.o
TIM5_IRQHandler                                   build/startup_stm32f407xx.o
TIM6_DAC_IRQHandler                               build/startup_stm32f407xx.o
TIM7_IRQHandler                                   build/startup_stm32f407xx.o
TIM8_BRK_TIM12_IRQHandler                         build/startup_stm32f407xx.o
TIM8_CC_IRQHandler                                build/startup_stm32f407xx.o
TIM8_TRG_COM_TIM14_IRQHandler                     build/startup_stm32f407xx.o
TIM8_UP_TIM13_IRQHandler                          build/startup_stm32f407xx.o
UART4_IRQHandler                                  build/startup_stm32f407xx.o
UART5_IRQHandler                                  build/startup_stm32f407xx.o
USART1_IRQHandler                                 build/startup_stm32f407xx.o
USART2_IRQHandler                                 build/startup_stm32f407xx.o
USART3_IRQHandler                                 build/startup_stm32f407xx.o
USART6_IRQHandler                                 build/startup_stm32f407xx.o
UsageFault_Handler                                build/stm32f4xx_it.o
WWDG_IRQHandler                                   build/startup_stm32f407xx.o
_Min_Stack_Size                                   build/sysmem.o
__aeabi_idiv0                                     k:/program files (x86)/gnu arm embedded toolchain/10 2021.10/bin/../lib/gcc/arm-none-eabi/10.3.1/thumb/v7e-m+fp/hard\libgcc.a(_dvmd_tls.o)
__aeabi_ldiv0                                     k:/program files (x86)/gnu arm embedded toolchain/10 2021.10/bin/../lib/gcc/arm-none-eabi/10.3.1/thumb/v7e-m+fp/hard\libgcc.a(_dvmd_tls.o)
                                                  k:/program files (x86)/gnu arm embedded toolchain/10 2021.10/bin/../lib/gcc/arm-none-eabi/10.3.1/thumb/v7e-m+fp/hard\libgcc.a(_aeabi_uldivmod.o)
__aeabi_uldivmod                                  k:/program files (x86)/gnu arm embedded toolchain/10 2021.10/bin/../lib/gcc/arm-none-eabi/10.3.1/thumb/v7e-m+fp/hard\libgcc.a(_aeabi_uldivmod.o)
                                                  build/stm32f4xx_hal_rcc.o
__bss_end__                                       k:/program files (x86)/gnu arm embedded toolchain/10 2021.10/bin/../lib/gcc/arm-none-eabi/10.3.1/../../../../arm-none-eabi/lib/thumb/v7e-m+fp/hard/crt0.o
__bss_start__                                     k:/program files (x86)/gnu arm embedded toolchain/10 2021.10/bin/../lib/gcc/arm-none-eabi/10.3.1/../../../../arm-none-eabi/lib/thumb/v7e-m+fp/hard/crt0.o
__call_exitprocs                                  k:/program files (x86)/gnu arm embedded toolchain/10 2021.10/bin/../lib/gcc/arm-none-eabi/10.3.1/../../../../arm-none-eabi/lib/thumb/v7e-m+fp/hard\libc_nano.a(lib_a-exit.o)
__deregister_frame_info                           k:/program files (x86)/gnu arm embedded toolchain/10 2021.10/bin/../lib/gcc/arm-none-eabi/10.3.1/thumb/v7e-m+fp/hard/crtbegin.o
__dso_handle                                      k:/program files (x86)/gnu arm embedded toolchain/10 2021.10/bin/../lib/gcc/arm-none-eabi/10.3.1/thumb/v7e-m+fp/hard/crtbegin.o
__env                                             build/syscalls.o
__errno                                           k:/program files (x86)/gnu arm embedded toolchain/10 2021.10/bin/../lib/gcc/arm-none-eabi/10.3.1/../../../../arm-none-eabi/lib/thumb/v7e-m+fp/hard\libc_nano.a(lib_a-errno.o)
                                                  build/syscalls.o
                                                  build/sysmem.o
__init_array_end                                  k:/program files (x86)/gnu arm embedded toolchain/10 2021.10/bin/../lib/gcc/arm-none-eabi/10.3.1/../../../../arm-none-eabi/lib/thumb/v7e-m+fp/hard\libc_nano.a(lib_a-init.o)
__init_array_start                                k:/program files (x86)/gnu arm embedded toolchain/10 2021.10/bin/../lib/gcc/arm-none-eabi/10.3.1/../../../../arm-none-eabi/lib/thumb/v7e-m+fp/hard\libc_nano.a(lib_a-init.o)
__io_getchar                                      build/syscalls.o
__io_putchar                                      build/syscalls.o
__libc_fini_array                                 k:/program files (x86)/gnu arm embedded toolchain/10 2021.10/bin/../lib/gcc/arm-none-eabi/10.3.1/../../../../arm-none-eabi/lib/thumb/v7e-m+fp/hard/crt0.o
__libc_init_array                                 k:/program files (x86)/gnu arm embedded toolchain/10 2021.10/bin/../lib/gcc/arm-none-eabi/10.3.1/../../../../arm-none-eabi/lib/thumb/v7e-m+fp/hard\libc_nano.a(lib_a-init.o)
                                                  build/startup_stm32f407xx.o
                                                  k:/program files (x86)/gnu arm embedded toolchain/10 2021.10/bin/../lib/gcc/arm-none-eabi/10.3.1/../../../../arm-none-eabi/lib/thumb/v7e-m+fp/hard/crt0.o
__preinit_array_end                               k:/program files (x86)/gnu arm embedded toolchain/10 2021.10/bin/../lib/gcc/arm-none-eabi/10.3.1/../../../../arm-none-eabi/lib/thumb/v7e-m+fp/hard\libc_nano.a(lib_a-init.o)
__preinit_array_start                             k:/program files (x86)/gnu arm embedded toolchain/10 2021.10/bin/../lib/gcc/arm-none-eabi/10.3.1/../../../../arm-none-eabi/lib/thumb/v7e-m+fp/hard\libc_nano.a(lib_a-init.o)
__register_frame_info                             k:/program files (x86)/gnu arm embedded toolchain/10 2021.10/bin/../lib/gcc/arm-none-eabi/10.3.1/thumb/v7e-m+fp/hard/crtbegin.o
__sf_fake_stderr                                  k:/program files (x86)/gnu arm embedded toolchain/10 2021.10/bin/../lib/gcc/arm-none-eabi/10.3.1/../../../../arm-none-eabi/lib/thumb/v7e-m+fp/hard\libc_nano.a(lib_a-impure.o)
__sf_fake_stdin                                   k:/program files (x86)/gnu arm embedded toolchain/10 2021.10/bin/../lib/gcc/arm-none-eabi/10.3.1/../../../../arm-none-eabi/lib/thumb/v7e-m+fp/hard\libc_nano.a(lib_a-impure.o)
__sf_fake_stdout                                  k:/program files (x86)/gnu arm embedded toolchain/10 2021.10/bin/../lib/gcc/arm-none-eabi/10.3.1/../../../../arm-none-eabi/lib/thumb/v7e-m+fp/hard\libc_nano.a(lib_a-impure.o)
__stack                                           k:/program files (x86)/gnu arm embedded toolchain/10 2021.10/bin/../lib/gcc/arm-none-eabi/10.3.1/../../../../arm-none-eabi/lib/thumb/v7e-m+fp/hard/crt0.o
__udivmoddi4                                      k:/program files (x86)/gnu arm embedded toolchain/10 2021.10/bin/../lib/gcc/arm-none-eabi/10.3.1/thumb/v7e-m+fp/hard\libgcc.a(_udivmoddi4.o)
                                                  k:/program files (x86)/gnu arm embedded toolchain/10 2021.10/bin/../lib/gcc/arm-none-eabi/10.3.1/thumb/v7e-m+fp/hard\libgcc.a(_aeabi_uldivmod.o)
_close                                            build/syscalls.o
_ebss                                             build/startup_stm32f407xx.o
_edata                                            build/startup_stm32f407xx.o
_end                                              build/sysmem.o
_estack                                           build/startup_stm32f407xx.o
                                                  build/sysmem.o
_execve                                           build/syscalls.o
_exit                                             build/syscalls.o
                                                  k:/program files (x86)/gnu arm embedded toolchain/10 2021.10/bin/../lib/gcc/arm-none-eabi/10.3.1/../../../../arm-none-eabi/lib/thumb/v7e-m+fp/hard\libc_nano.a(lib_a-exit.o)
_fini                                             k:/program files (x86)/gnu arm embedded toolchain/10 2021.10/bin/../lib/gcc/arm-none-eabi/10.3.1/thumb/v7e-m+fp/hard/crti.o
_fork                                             build/syscalls.o
_fstat                                            build/syscalls.o
_getpid                                           build/syscalls.o
_global_impure_ptr                                k:/program files (x86)/gnu arm embedded toolchain/10 2021.10/bin/../lib/gcc/arm-none-eabi/10.3.1/../../../../arm-none-eabi/lib/thumb/v7e-m+fp/hard\libc_nano.a(lib_a-impure.o)
                                                  k:/program files (x86)/gnu arm embedded toolchain/10 2021.10/bin/../lib/gcc/arm-none-eabi/10.3.1/../../../../arm-none-eabi/lib/thumb/v7e-m+fp/hard\libc_nano.a(lib_a-exit.o)
_impure_ptr                                       k:/program files (x86)/gnu arm embedded toolchain/10 2021.10/bin/../lib/gcc/arm-none-eabi/10.3.1/../../../../arm-none-eabi/lib/thumb/v7e-m+fp/hard\libc_nano.a(lib_a-impure.o)
                                                  k:/program files (x86)/gnu arm embedded toolchain/10 2021.10/bin/../lib/gcc/arm-none-eabi/10.3.1/../../../../arm-none-eabi/lib/thumb/v7e-m+fp/hard\libc_nano.a(lib_a-errno.o)
_init                                             k:/program files (x86)/gnu arm embedded toolchain/10 2021.10/bin/../lib/gcc/arm-none-eabi/10.3.1/thumb/v7e-m+fp/hard/crti.o
                                                  k:/program files (x86)/gnu arm embedded toolchain/10 2021.10/bin/../lib/gcc/arm-none-eabi/10.3.1/../../../../arm-none-eabi/lib/thumb/v7e-m+fp/hard\libc_nano.a(lib_a-init.o)
_isatty                                           build/syscalls.o
_kill                                             build/syscalls.o
_link                                             build/syscalls.o
_lseek                                            build/syscalls.o
_mainCRTStartup                                   k:/program files (x86)/gnu arm embedded toolchain/10 2021.10/bin/../lib/gcc/arm-none-eabi/10.3.1/../../../../arm-none-eabi/lib/thumb/v7e-m+fp/hard/crt0.o
_open                                             build/syscalls.o
_read                                             build/syscalls.o
_sbrk                                             build/sysmem.o
_sbss                                             build/startup_stm32f407xx.o
_sdata                                            build/startup_stm32f407xx.o
_sidata                                           build/startup_stm32f407xx.o
_stack_init                                       k:/program files (x86)/gnu arm embedded toolchain/10 2021.10/bin/../lib/gcc/arm-none-eabi/10.3.1/../../../../arm-none-eabi/lib/thumb/v7e-m+fp/hard/crt0.o
_start                                            k:/program files (x86)/gnu arm embedded toolchain/10 2021.10/bin/../lib/gcc/arm-none-eabi/10.3.1/../../../../arm-none-eabi/lib/thumb/v7e-m+fp/hard/crt0.o
_stat                                             build/syscalls.o
_times                                            build/syscalls.o
_unlink                                           build/syscalls.o
_wait                                             build/syscalls.o
_write                                            build/syscalls.o
atexit                                            k:/program files (x86)/gnu arm embedded toolchain/10 2021.10/bin/../lib/gcc/arm-none-eabi/10.3.1/../../../../arm-none-eabi/lib/thumb/v7e-m+fp/hard/crt0.o
environ                                           build/syscalls.o
exit                                              k:/program files (x86)/gnu arm embedded toolchain/10 2021.10/bin/../lib/gcc/arm-none-eabi/10.3.1/../../../../arm-none-eabi/lib/thumb/v7e-m+fp/hard\libc_nano.a(lib_a-exit.o)
                                                  k:/program files (x86)/gnu arm embedded toolchain/10 2021.10/bin/../lib/gcc/arm-none-eabi/10.3.1/../../../../arm-none-eabi/lib/thumb/v7e-m+fp/hard/crt0.o
g_pfnVectors                                      build/startup_stm32f407xx.o
handle_task1                                      build/main.o
hardware_init_hook                                k:/program files (x86)/gnu arm embedded toolchain/10 2021.10/bin/../lib/gcc/arm-none-eabi/10.3.1/../../../../arm-none-eabi/lib/thumb/v7e-m+fp/hard/crt0.o
initialise_monitor_handles                        build/syscalls.o
main                                              build/main.o
                                                  build/startup_stm32f407xx.o
                                                  k:/program files (x86)/gnu arm embedded toolchain/10 2021.10/bin/../lib/gcc/arm-none-eabi/10.3.1/../../../../arm-none-eabi/lib/thumb/v7e-m+fp/hard/crt0.o
memcpy                                            k:/program files (x86)/gnu arm embedded toolchain/10 2021.10/bin/../lib/gcc/arm-none-eabi/10.3.1/../../../../arm-none-eabi/lib/thumb/v7e-m+fp/hard\libc_nano.a(lib_a-memcpy-stub.o)
                                                  build/stream_buffer.o
                                                  build/queue.o
memset                                            k:/program files (x86)/gnu arm embedded toolchain/10 2021.10/bin/../lib/gcc/arm-none-eabi/10.3.1/../../../../arm-none-eabi/lib/thumb/v7e-m+fp/hard\libc_nano.a(lib_a-memset.o)
                                                  build/tasks.o
                                                  build/stream_buffer.o
                                                  build/heap_4.o
                                                  build/main.o
                                                  k:/program files (x86)/gnu arm embedded toolchain/10 2021.10/bin/../lib/gcc/arm-none-eabi/10.3.1/../../../../arm-none-eabi/lib/thumb/v7e-m+fp/hard/crt0.o
pFlash                                            build/stm32f4xx_hal_flash.o
                                                  build/stm32f4xx_hal_flash_ex.o
pcQueueGetName                                    build/queue.o
pcTaskGetName                                     build/tasks.o
pcTimerGetName                                    build/timers.o
pvPortCalloc                                      build/heap_4.o
pvPortMalloc                                      build/heap_4.o
                                                  build/timers.o
                                                  build/tasks.o
                                                  build/stream_buffer.o
                                                  build/queue.o
                                                  build/event_groups.o
pvTaskIncrementMutexHeldCount                     build/tasks.o
                                                  build/queue.o
pvTimerGetTimerID                                 build/timers.o
pxCurrentTCB                                      build/tasks.o
                                                  build/port.o
pxPortInitialiseStack                             build/port.o
                                                  build/tasks.o
software_init_hook                                k:/program files (x86)/gnu arm embedded toolchain/10 2021.10/bin/../lib/gcc/arm-none-eabi/10.3.1/../../../../arm-none-eabi/lib/thumb/v7e-m+fp/hard/crt0.o
task1                                             build/main.o
ulTaskGenericNotifyTake                           build/tasks.o
ulTaskGenericNotifyValueClear                     build/tasks.o
uwTick                                            build/stm32f4xx_hal.o
uwTickFreq                                        build/stm32f4xx_hal.o
uwTickPrio                                        build/stm32f4xx_hal.o
                                                  build/stm32f4xx_hal_rcc_ex.o
                                                  build/stm32f4xx_hal_rcc.o
uxListRemove                                      build/list.o
                                                  build/timers.o
                                                  build/tasks.o
uxQueueGetQueueItemSize                           build/queue.o
uxQueueGetQueueLength                             build/queue.o
uxQueueMessagesWaiting                            build/queue.o
uxQueueMessagesWaitingFromISR                     build/queue.o
uxQueueSpacesAvailable                            build/queue.o
uxStreamBufferGetStreamBufferNotificationIndex    build/stream_buffer.o
uxTaskBasePriorityGet                             build/tasks.o
uxTaskBasePriorityGetFromISR                      build/tasks.o
uxTaskGetNumberOfTasks                            build/tasks.o
                                                  build/queue.o
uxTaskPriorityGet                                 build/tasks.o
uxTaskPriorityGetFromISR                          build/tasks.o
uxTaskResetEventItemValue                         build/tasks.o
                                                  build/event_groups.o
uxTimerGetReloadMode                              build/timers.o
vApplicationGetIdleTaskMemory                     build/tasks.o
vApplicationGetTimerTaskMemory                    build/tasks.o
                                                  build/timers.o
vEventGroupClearBitsCallback                      build/event_groups.o
vEventGroupDelete                                 build/event_groups.o
vEventGroupSetBitsCallback                        build/event_groups.o
vListInitialise                                   build/list.o
                                                  build/timers.o
                                                  build/tasks.o
                                                  build/queue.o
                                                  build/event_groups.o
vListInitialiseItem                               build/list.o
                                                  build/timers.o
                                                  build/tasks.o
vListInsert                                       build/list.o
                                                  build/timers.o
                                                  build/tasks.o
vListInsertEnd                                    build/list.o
                                                  build/tasks.o
vPortEndScheduler                                 build/port.o
                                                  build/tasks.o
vPortEnterCritical                                build/port.o
                                                  build/timers.o
                                                  build/tasks.o
                                                  build/stream_buffer.o
                                                  build/queue.o
                                                  build/heap_4.o
                                                  build/event_groups.o
vPortExitCritical                                 build/port.o
                                                  build/timers.o
                                                  build/tasks.o
                                                  build/stream_buffer.o
                                                  build/queue.o
                                                  build/heap_4.o
                                                  build/event_groups.o
vPortFree                                         build/heap_4.o
                                                  build/timers.o
                                                  build/tasks.o
                                                  build/stream_buffer.o
                                                  build/queue.o
                                                  build/event_groups.o
vPortGetHeapStats                                 build/heap_4.o
vPortHeapResetState                               build/heap_4.o
vPortInitialiseBlocks                             build/heap_4.o
vPortSetupTimerInterrupt                          build/port.o
vPortValidateInterruptPriority                    build/port.o
                                                  build/tasks.o
                                                  build/queue.o
vQueueAddToRegistry                               build/queue.o
                                                  build/timers.o
vQueueDelete                                      build/queue.o
vQueueUnregisterQueue                             build/queue.o
vQueueWaitForMessageRestricted                    build/queue.o
                                                  build/timers.o
vStreamBufferDelete                               build/stream_buffer.o
vStreamBufferSetStreamBufferNotificationIndex     build/stream_buffer.o
vTaskDelay                                        build/tasks.o
                                                  build/main.o
vTaskDelete                                       build/tasks.o
vTaskEndScheduler                                 build/tasks.o
vTaskGenericNotifyGiveFromISR                     build/tasks.o
vTaskInternalSetTimeOutState                      build/tasks.o
                                                  build/queue.o
vTaskMissedYield                                  build/tasks.o
                                                  build/queue.o
vTaskPlaceOnEventList                             build/tasks.o
                                                  build/queue.o
vTaskPlaceOnEventListRestricted                   build/tasks.o
                                                  build/queue.o
vTaskPlaceOnUnorderedEventList                    build/tasks.o
                                                  build/event_groups.o
vTaskPriorityDisinheritAfterTimeout               build/tasks.o
                                                  build/queue.o
vTaskPrioritySet                                  build/tasks.o
vTaskRemoveFromUnorderedEventList                 build/tasks.o
                                                  build/event_groups.o
vTaskResetState                                   build/tasks.o
vTaskResume                                       build/tasks.o
vTaskSetTimeOutState                              build/tasks.o
                                                  build/stream_buffer.o
vTaskStartScheduler                               build/tasks.o
                                                  build/main.o
vTaskSuspend                                      build/tasks.o
vTaskSuspendAll                                   build/tasks.o
                                                  build/timers.o
                                                  build/stream_buffer.o
                                                  build/queue.o
                                                  build/heap_4.o
                                                  build/event_groups.o
vTaskSwitchContext                                build/tasks.o
                                                  build/port.o
vTimerResetState                                  build/timers.o
vTimerSetReloadMode                               build/timers.o
vTimerSetTimerID                                  build/timers.o
xEventGroupClearBits                              build/event_groups.o
xEventGroupCreate                                 build/event_groups.o
xEventGroupCreateStatic                           build/event_groups.o
xEventGroupGetBitsFromISR                         build/event_groups.o
xEventGroupGetStaticBuffer                        build/event_groups.o
xEventGroupSetBits                                build/event_groups.o
xEventGroupSync                                   build/event_groups.o
xEventGroupWaitBits                               build/event_groups.o
xPortGetFreeHeapSize                              build/heap_4.o
xPortGetMinimumEverFreeHeapSize                   build/heap_4.o
xPortStartScheduler                               build/port.o
                                                  build/tasks.o
xQueueCreateCountingSemaphore                     build/queue.o
xQueueCreateCountingSemaphoreStatic               build/queue.o
xQueueCreateMutex                                 build/queue.o
xQueueCreateMutexStatic                           build/queue.o
xQueueGenericCreate                               build/queue.o
xQueueGenericCreateStatic                         build/queue.o
                                                  build/timers.o
xQueueGenericGetStaticBuffers                     build/queue.o
xQueueGenericReset                                build/queue.o
xQueueGenericSend                                 build/queue.o
                                                  build/timers.o
xQueueGenericSendFromISR                          build/queue.o
                                                  build/timers.o
xQueueGiveFromISR                                 build/queue.o
xQueueGiveMutexRecursive                          build/queue.o
xQueueIsQueueEmptyFromISR                         build/queue.o
xQueueIsQueueFullFromISR                          build/queue.o
xQueuePeek                                        build/queue.o
xQueuePeekFromISR                                 build/queue.o
xQueueReceive                                     build/queue.o
                                                  build/timers.o
xQueueReceiveFromISR                              build/queue.o
xQueueRegistry                                    build/queue.o
xQueueSemaphoreTake                               build/queue.o
xQueueTakeMutexRecursive                          build/queue.o
xStreamBufferBytesAvailable                       build/stream_buffer.o
xStreamBufferGenericCreate                        build/stream_buffer.o
xStreamBufferGenericCreateStatic                  build/stream_buffer.o
xStreamBufferGetStaticBuffers                     build/stream_buffer.o
xStreamBufferIsEmpty                              build/stream_buffer.o
xStreamBufferIsFull                               build/stream_buffer.o
xStreamBufferNextMessageLengthBytes               build/stream_buffer.o
xStreamBufferReceive                              build/stream_buffer.o
xStreamBufferReceiveCompletedFromISR              build/stream_buffer.o
xStreamBufferReceiveFromISR                       build/stream_buffer.o