Archive member included to satisfy reference by file (symbol)

k:/program files (x86)/gnu arm embedded toolchain/10 2021.10/bin/../lib/gcc/arm-none-eabi/10.3.1/../../../../arm-none-eabi/lib/thumb/v7e-m+fp/hard\libc_nano.a(lib_a-errno.o)
                              build/sysmem.o (__errno)
k:/program files (x86)/gnu arm embedded toolchain/10 2021.10/bin/../lib/gcc/arm-none-eabi/10.3.1/../../../../arm-none-eabi/lib/thumb/v7e-m+fp/hard\libc_nano.a(lib_a-exit.o)
                              k:/program files (x86)/gnu arm embedded toolchain/10 2021.10/bin/../lib/gcc/arm-none-eabi/10.3.1/../../../../arm-none-eabi/lib/thumb/v7e-m+fp/hard/crt0.o (exit)
k:/program files (x86)/gnu arm embedded toolchain/10 2021.10/bin/../lib/gcc/arm-none-eabi/10.3.1/../../../../arm-none-eabi/lib/thumb/v7e-m+fp/hard\libc_nano.a(lib_a-impure.o)
                              k:/program files (x86)/gnu arm embedded toolchain/10 2021.10/bin/../lib/gcc/arm-none-eabi/10.3.1/../../../../arm-none-eabi/lib/thumb/v7e-m+fp/hard\libc_nano.a(lib_a-exit.o) (_global_impure_ptr)
k:/program files (x86)/gnu arm embedded toolchain/10 2021.10/bin/../lib/gcc/arm-none-eabi/10.3.1/../../../../arm-none-eabi/lib/thumb/v7e-m+fp/hard\libc_nano.a(lib_a-init.o)
                              k:/program files (x86)/gnu arm embedded toolchain/10 2021.10/bin/../lib/gcc/arm-none-eabi/10.3.1/../../../../arm-none-eabi/lib/thumb/v7e-m+fp/hard/crt0.o (__libc_init_array)
k:/program files (x86)/gnu arm embedded toolchain/10 2021.10/bin/../lib/gcc/arm-none-eabi/10.3.1/../../../../arm-none-eabi/lib/thumb/v7e-m+fp/hard\libc_nano.a(lib_a-memcpy-stub.o)
                              build/queue.o (memcpy)
k:/program files (x86)/gnu arm embedded toolchain/10 2021.10/bin/../lib/gcc/arm-none-eabi/10.3.1/../../../../arm-none-eabi/lib/thumb/v7e-m+fp/hard\libc_nano.a(lib_a-memset.o)
                              k:/program files (x86)/gnu arm embedded toolchain/10 2021.10/bin/../lib/gcc/arm-none-eabi/10.3.1/../../../../arm-none-eabi/lib/thumb/v7e-m+fp/hard/crt0.o (memset)
k:/program files (x86)/gnu arm embedded toolchain/10 2021.10/bin/../lib/gcc/arm-none-eabi/10.3.1/../../../../arm-none-eabi/lib/thumb/v7e-m+fp/hard\libc_nano.a(lib_a-sprintf.o)
                              build/main.o (sprintf)
k:/program files (x86)/gnu arm embedded toolchain/10 2021.10/bin/../lib/gcc/arm-none-eabi/10.3.1/../../../../arm-none-eabi/lib/thumb/v7e-m+fp/hard\libc_nano.a(lib_a-nano-svfprintf.o)
                              k:/program files (x86)/gnu arm embedded toolchain/10 2021.10/bin/../lib/gcc/arm-none-eabi/10.3.1/../../../../arm-none-eabi/lib/thumb/v7e-m+fp/hard\libc_nano.a(lib_a-sprintf.o) (_svfprintf_r)
k:/program files (x86)/gnu arm embedded toolchain/10 2021.10/bin/../lib/gcc/arm-none-eabi/10.3.1/../../../../arm-none-eabi/lib/thumb/v7e-m+fp/hard\libc_nano.a(lib_a-nano-vfprintf_i.o)
                              k:/program files (x86)/gnu arm embedded toolchain/10 2021.10/bin/../lib/gcc/arm-none-eabi/10.3.1/../../../../arm-none-eabi/lib/thumb/v7e-m+fp/hard\libc_nano.a(lib_a-nano-svfprintf.o) (_printf_i)
k:/program files (x86)/gnu arm embedded toolchain/10 2021.10/bin/../lib/gcc/arm-none-eabi/10.3.1/../../../../arm-none-eabi/lib/thumb/v7e-m+fp/hard\libc_nano.a(lib_a-memchr.o)
                              k:/program files (x86)/gnu arm embedded toolchain/10 2021.10/bin/../lib/gcc/arm-none-eabi/10.3.1/../../../../arm-none-eabi/lib/thumb/v7e-m+fp/hard\libc_nano.a(lib_a-nano-svfprintf.o) (memchr)
k:/program files (x86)/gnu arm embedded toolchain/10 2021.10/bin/../lib/gcc/arm-none-eabi/10.3.1/../../../../arm-none-eabi/lib/thumb/v7e-m+fp/hard\libc_nano.a(lib_a-memmove.o)
                              k:/program files (x86)/gnu arm embedded toolchain/10 2021.10/bin/../lib/gcc/arm-none-eabi/10.3.1/../../../../arm-none-eabi/lib/thumb/v7e-m+fp/hard\libc_nano.a(lib_a-nano-svfprintf.o) (memmove)
k:/program files (x86)/gnu arm embedded toolchain/10 2021.10/bin/../lib/gcc/arm-none-eabi/10.3.1/../../../../arm-none-eabi/lib/thumb/v7e-m+fp/hard\libc_nano.a(lib_a-nano-freer.o)
                              k:/program files (x86)/gnu arm embedded toolchain/10 2021.10/bin/../lib/gcc/arm-none-eabi/10.3.1/../../../../arm-none-eabi/lib/thumb/v7e-m+fp/hard\libc_nano.a(lib_a-nano-svfprintf.o) (_free_r)
k:/program files (x86)/gnu arm embedded toolchain/10 2021.10/bin/../lib/gcc/arm-none-eabi/10.3.1/../../../../arm-none-eabi/lib/thumb/v7e-m+fp/hard\libc_nano.a(lib_a-nano-mallocr.o)
                              k:/program files (x86)/gnu arm embedded toolchain/10 2021.10/bin/../lib/gcc/arm-none-eabi/10.3.1/../../../../arm-none-eabi/lib/thumb/v7e-m+fp/hard\libc_nano.a(lib_a-nano-svfprintf.o) (_malloc_r)
k:/program files (x86)/gnu arm embedded toolchain/10 2021.10/bin/../lib/gcc/arm-none-eabi/10.3.1/../../../../arm-none-eabi/lib/thumb/v7e-m+fp/hard\libc_nano.a(lib_a-nano-reallocr.o)
[...]
Memory Configuration

Name             Origin             Length             Attributes
RAM              0x20000000         0x00020000         xrw
CCMRAM           0x10000000         0x00010000         xrw
FLASH            0x08000000         0x00080000         xr
*default*        0x00000000         0xffffffff

Linker script and memory map

LOAD k:/program files (x86)/gnu arm embedded toolchain/10 2021.10/bin/../lib/gcc/arm-none-eabi/10.3.1/thumb/v7e-m+fp/hard/crti.o
LOAD k:/program files (x86)/gnu arm embedded toolchain/10 2021.10/bin/../lib/gcc/arm-none-eabi/10.3.1/thumb/v7e-m+fp/hard/crtbegin.o
LOAD k:/program files (x86)/gnu arm embedded toolchain/10 2021.10/bin/../lib/gcc/arm-none-eabi/10.3.1/../../../../arm-none-eabi/lib/thumb/v7e-m+fp/hard/crt0.o
LOAD build/main.o
LOAD build/stm32f4xx_it.o
LOAD build/stm32f4xx_hal_msp.o
LOAD build/stm32f4xx_hal_can.o
LOAD build/stm32f4xx_hal_rcc.o
LOAD build/stm32f4xx_hal_rcc_ex.o
LOAD build/stm32f4xx_hal_flash.o
LOAD build/stm32f4xx_hal_flash_ex.o
LOAD build/stm32f4xx_hal_flash_ramfunc.o
LOAD build/stm32f4xx_hal_gpio.o
LOAD build/stm32f4xx_hal_dma_ex.o
LOAD build/stm32f4xx_hal_dma.o
LOAD build/stm32f4xx_hal_pwr.o
LOAD build/stm32f4xx_hal_pwr_ex.o
LOAD build/stm32f4xx_hal_cortex.o
LOAD build/stm32f4xx_hal.o
LOAD build/stm32f4xx_hal_exti.o
LOAD build/stm32f4xx_hal_eth.o
LOAD build/stm32f4xx_hal_tim.o
LOAD build/stm32f4xx_hal_tim_ex.o
LOAD build/stm32f4xx_hal_usart.o
LOAD build/stm32f4xx_hal_uart.o
LOAD build/system_stm32f4xx.o
LOAD build/sysmem.o
LOAD build/syscalls.o
LOAD build/croutine.o
LOAD build/event_groups.o
LOAD build/heap_4.o
LOAD build/list.o
LOAD build/port.o
LOAD build/queue.o
LOAD build/stream_buffer.o
LOAD build/tasks.o
LOAD build/timers.o
LOAD build/startup_stm32f407xx.o
LOAD k:/program files (x86)/gnu arm embedded toolchain/10 2021.10/bin/../lib/gcc/arm-none-eabi/10.3.1/../../../../arm-none-eabi/lib/thumb/v7e-m+fp/hard\libc_nano.a
LOAD k:/program files (x86)/gnu arm embedded toolchain/10 2021.10/bin/../lib/gcc/arm-none-eabi/10.3.1/../../../../arm-none-eabi/lib/thumb/v7e-m+fp/hard\libm.a
LOAD k:/program files (x86)/gnu arm embedded toolchain/10 2021.10/bin/../lib/gcc/arm-none-eabi/10.3.1/../../../../arm-none-eabi/lib/thumb/v7e-m+fp/hard\libnosys.a
START GROUP
LOAD k:/program files (x86)/gnu arm embedded toolchain/10 2021.10/bin/../lib/gcc/arm-none-eabi/10.3.1/thumb/v7e-m+fp/hard\libgcc.a
LOAD k:/program files (x86)/gnu arm embedded toolchain/10 2021.10/bin/../lib/gcc/arm-none-eabi/10.3.1/../../../../arm-none-eabi/lib/thumb/v7e-m+fp/hard\libc_nano.a
END GROUP
START GROUP
LOAD k:/program files (x86)/gnu arm embedded toolchain/10 2021.10/bin/../lib/gcc/arm-none-eabi/10.3.1/thumb/v7e-m+fp/hard\libgcc.a
LOAD k:/program files (x86)/gnu arm embedded toolchain/10 2021.10/bin/../lib/gcc/arm-none-eabi/10.3.1/../../../../arm-none-eabi/lib/thumb/v7e-m+fp/hard\libc_nano.a
END GROUP
LOAD k:/program files (x86)/gnu arm embedded toolchain/10 2021.10/bin/../lib/gcc/arm-none-eabi/10.3.1/thumb/v7e-m+fp/hard/crtend.o
LOAD k:/program files (x86)/gnu arm embedded toolchain/10 2021.10/bin/../lib/gcc/arm-none-eabi/10.3.1/thumb/v7e-m+fp/hard/crtn.o
                0x20020000                _estack = (ORIGIN (RAM) + LENGTH (RAM))
                0x00002000                _Min_Heap_Size = 0x2000
                0x00004000                _Min_Stack_Size = 0x4000

.isr_vector     0x08000000      0x188
                0x08000000                . = ALIGN (0x4)
 *(.isr_vector)
 .isr_vector    0x08000000      0x188 build/startup_stm32f407xx.o
                0x08000000                g_pfnVectors
                0x08000188                . = ALIGN (0x4)

.text           0x08000190     0x44b0
                0x08000190                . = ALIGN (0x4)
 *(.text)
 .text          0x08000190       0x40 k:/program files (x86)/gnu arm embedded toolchain/10 2021.10/bin/../lib/gcc/arm-none-eabi/10.3.1/thumb/v7e-m+fp/hard/crtbegin.o
 .text          0x080001d0       0xa0 k:/program files (x86)/gnu arm embedded toolchain/10 2021.10/bin/../lib/gcc/arm-none-eabi/10.3.1/../../../../arm-none-eabi/lib/thumb/v7e-m+fp/hard\libc_nano.a(lib_a-memchr.o)
                0x080001d0                memchr
 .text          0x08000270       0x30 k:/program files (x86)/gnu arm embedded toolchain/10 2021.10/bin/../lib/gcc/arm-none-eabi/10.3.1/thumb/v7e-m+fp/hard\libgcc.a(_aeabi_uldivmod.o)
                0x08000270                __aeabi_uldivmod
 .text          0x080002a0      0x2d0 k:/program files (x86)/gnu arm embedded toolchain/10 2021.10/bin/../lib/gcc/arm-none-eabi/10.3.1/thumb/v7e-m+fp/hard\libgcc.a(_udivmoddi4.o)
                0x080002a0                __udivmoddi4
 .text          0x08000570        0x4 k:/program files (x86)/gnu arm embedded toolchain/10 2021.10/bin/../lib/gcc/arm-none-eabi/10.3.1/thumb/v7e-m+fp/hard\libgcc.a(_dvmd_tls.o)
                0x08000570                __aeabi_idiv0
                0x08000570                __aeabi_ldiv0
 *(.text*)
 .text.main_task
                0x08000574       0x94 build/main.o
                0x08000574                main_task
 .text.main     0x08000608       0x3c build/main.o
                0x08000608                main
 .text.NMI_Handler
                0x08000644        0x2 build/stm32f4xx_it.o
                0x08000644                NMI_Handler
 .text.HardFault_Handler
                0x08000646        0x2 build/stm32f4xx_it.o
                0x08000646                HardFault_Handler
 .text.MemManage_Handler
                0x08000648        0x2 build/stm32f4xx_it.o
                0x08000648                MemManage_Handler
 .text.BusFault_Handler
                0x0800064a        0x2 build/stm32f4xx_it.o
                0x0800064a                BusFault_Handler
 .text.UsageFault_Handler
                0x0800064c        0x2 build/stm32f4xx_it.o
                0x0800064c                UsageFault_Handler
 .text.DebugMon_Handler
                0x0800064e        0x2 build/stm32f4xx_it.o
                0x0800064e                DebugMon_Handler
 .text.EXTI9_5_IRQHandler
                0x08000650        0xa build/stm32f4xx_it.o
                0x08000650                EXTI9_5_IRQHandler
 *fill*         0x0800065a        0x2 
 .text.HAL_GPIO_EXTI_Callback
                0x0800065c       0x38 build/stm32f4xx_it.o
                0x0800065c                HAL_GPIO_EXTI_Callback
 .text.CAN1_RX0_IRQHandler
                0x08000694       0x10 build/stm32f4xx_it.o
                0x08000694                CAN1_RX0_IRQHandler
 .text.USART1_IRQHandler
                0x080006a4       0x10 build/stm32f4xx_it.o
                0x080006a4                USART1_IRQHandler
 .text.USART3_IRQHandler
                0x080006b4       0x10 build/stm32f4xx_it.o
                0x080006b4                USART3_IRQHandler
 .text.HAL_MspInit
                0x080006c4       0x44 build/stm32f4xx_hal_msp.o
                0x080006c4                HAL_MspInit
 .text.HAL_CAN_MspInit
                0x08000708       0x80 build/stm32f4xx_hal_msp.o
                0x08000708                HAL_CAN_MspInit
 .text.HAL_UART_MspInit
                0x08000788       0xe8 build/stm32f4xx_hal_msp.o
                0x08000788                HAL_UART_MspInit
 .text.MX_GPIO_Init
                0x08000870       0xec build/stm32f4xx_hal_msp.o
                0x08000870                MX_GPIO_Init
 .text.Error_Handler
                0x0800095c        0x4 build/stm32f4xx_hal_msp.o
                0x0800095c                Error_Handler
 .text.SystemClock_Config
                0x08000960       0xa8 build/stm32f4xx_hal_msp.o
                0x08000960                SystemClock_Config
 .text.MX_CAN1_Init
                0x08000a08       0x78 build/stm32f4xx_hal_msp.o
                0x08000a08                MX_CAN1_Init
 .text.MX_USART1_UART_Init
                0x08000a80       0x34 build/stm32f4xx_hal_msp.o
                0x08000a80                MX_USART1_UART_Init
 .text.MX_USART3_UART_Init
                0x08000ab4       0x34 build/stm32f4xx_hal_msp.o
                0x08000ab4                MX_USART3_UART_Init
 .text.HAL_CAN_Init
                0x08000ae8      0x14c build/stm32f4xx_hal_can.o
                0x08000ae8                HAL_CAN_Init
 .text.HAL_CAN_ConfigFilter
                0x08000c34      0x138 build/stm32f4xx_hal_can.o
                0x08000c34                HAL_CAN_ConfigFilter
 .text.HAL_CAN_Start
                0x08000d6c       0x5c build/stm32f4xx_hal_can.o
                0x08000d6c                HAL_CAN_Start
 .text.HAL_CAN_ActivateNotification
                0x08000dc8       0x24 build/stm32f4xx_hal_can.o
                0x08000dc8                HAL_CAN_ActivateNotification
 .text.HAL_CAN_TxMailbox0CompleteCallback
                0x08000dec        0x2 build/stm32f4xx_hal_can.o
                0x08000dec                HAL_CAN_TxMailbox0CompleteCallback
 .text.HAL_CAN_TxMailbox1CompleteCallback
                0x08000dee        0x2 build/stm32f4xx_hal_can.o
                0x08000dee                HAL_CAN_TxMailbox1CompleteCallback
 .text.HAL_CAN_TxMailbox2CompleteCallback
                0x08000df0        0x2 build/stm32f4xx_hal_can.o
                0x08000df0                HAL_CAN_TxMailbox2CompleteCallback
 .text.HAL_CAN_TxMailbox0AbortCallback
                0x08000df2        0x2 build/stm32f4xx_hal_can.o
                0x08000df2                HAL_CAN_TxMailbox0AbortCallback
 .text.HAL_CAN_TxMailbox1AbortCallback
                0x08000df4        0x2 build/stm32f4xx_hal_can.o
                0x08000df4                HAL_CAN_TxMailbox1AbortCallback
 .text.HAL_CAN_TxMailbox2AbortCallback
                0x08000df6        0x2 build/stm32f4xx_hal_can.o
                0x08000df6                HAL_CAN_TxMailbox2AbortCallback
 .text.HAL_CAN_RxFifo0MsgPendingCallback
                0x08000df8        0x2 build/stm32f4xx_hal_can.o
                0x08000df8                HAL_CAN_RxFifo0MsgPendingCallback
 .text.HAL_CAN_RxFifo0FullCallback
                0x08000dfa        0x2 build/stm32f4xx_hal_can.o
                0x08000dfa                HAL_CAN_RxFifo0FullCallback
 .text.HAL_CAN_RxFifo1MsgPendingCallback
                0x08000dfc        0x2 build/stm32f4xx_hal_can.o
                0x08000dfc                HAL_CAN_RxFifo1MsgPendingCallback
 .text.HAL_CAN_RxFifo1FullCallback
                0x08000dfe        0x2 build/stm32f4xx_hal_can.o
                0x08000dfe                HAL_CAN_RxFifo1FullCallback
 .text.HAL_CAN_SleepCallback
                0x08000e00        0x2 build/stm32f4xx_hal_can.o
                0x08000e00                HAL_CAN_SleepCallback
 .text.HAL_CAN_WakeUpFromRxMsgCallback
                0x08000e02        0x2 build/stm32f4xx_hal_can.o
                0x08000e02                HAL_CAN_WakeUpFromRxMsgCallback
 .text.HAL_CAN_ErrorCallback
                0x08000e04        0x2 build/stm32f4xx_hal_can.o
                0x08000e04                HAL_CAN_ErrorCallback
 .text.HAL_CAN_IRQHandler
                0x08000e06      0x24a build/stm32f4xx_hal_can.o
                0x08000e06                HAL_CAN_IRQHandler
 .text.HAL_RCC_OscConfig
                0x08001050      0x3f8 build/stm32f4xx_hal_rcc.o
                0x08001050                HAL_RCC_OscConfig
 .text.HAL_RCC_GetSysClockFreq
                0x08001448       0xa4 build/stm32f4xx_hal_rcc.o
                0x08001448                HAL_RCC_GetSysClockFreq
 .text.HAL_RCC_ClockConfig
                0x080014ec      0x160 build/stm32f4xx_hal_rcc.o
                0x080014ec                HAL_RCC_ClockConfig
 .text.HAL_RCC_GetHCLKFreq
                0x0800164c        0xc build/stm32f4xx_hal_rcc.o
                0x0800164c                HAL_RCC_GetHCLKFreq
 .text.HAL_RCC_GetPCLK1Freq
                0x08001658       0x20 build/stm32f4xx_hal_rcc.o
                0x08001658                HAL_RCC_GetPCLK1Freq
 .text.HAL_RCC_GetPCLK2Freq
                0x08001678       0x20 build/stm32f4xx_hal_rcc.o
                0x08001678                HAL_RCC_GetPCLK2Freq
 .text.HAL_GPIO_Init
                0x08001698      0x1e4 build/stm32f4xx_hal_gpio.o
                0x08001698                HAL_GPIO_Init
 .text.HAL_GPIO_ReadPin
                0x0800187c        0xe build/stm32f4xx_hal_gpio.o
                0x0800187c                HAL_GPIO_ReadPin
 .text.HAL_GPIO_WritePin
                0x0800188a        0xc build/stm32f4xx_hal_gpio.o
                0x0800188a                HAL_GPIO_WritePin
 *fill*         0x08001896        0x2 
 .text.HAL_GPIO_EXTI_IRQHandler
                0x08001898       0x1c build/stm32f4xx_hal_gpio.o
                0x08001898                HAL_GPIO_EXTI_IRQHandler
 .text.HAL_DMA_Abort
                0x080018b4       0x94 build/stm32f4xx_hal_dma.o
                0x080018b4                HAL_DMA_Abort
 .text.HAL_DMA_Abort_IT
                0x08001948       0x26 build/stm32f4xx_hal_dma.o
                0x08001948                HAL_DMA_Abort_IT
 *fill*         0x0800196e        0x2 
 .text.HAL_NVIC_SetPriorityGrouping
                0x08001970       0x24 build/stm32f4xx_hal_cortex.o
                0x08001970                HAL_NVIC_SetPriorityGrouping
 .text.HAL_NVIC_SetPriority
                0x08001994       0x70 build/stm32f4xx_hal_cortex.o
                0x08001994                HAL_NVIC_SetPriority
 .text.HAL_NVIC_EnableIRQ
                0x08001a04       0x1c build/stm32f4xx_hal_cortex.o
                0x08001a04                HAL_NVIC_EnableIRQ
 .text.HAL_SYSTICK_Config
                0x08001a20       0x28 build/stm32f4xx_hal_cortex.o
                0x08001a20                HAL_SYSTICK_Config
 .text.HAL_InitTick
                0x08001a48       0x4c build/stm32f4xx_hal.o
                0x08001a48                HAL_InitTick
 .text.HAL_Init
                0x08001a94       0x34 build/stm32f4xx_hal.o
                0x08001a94                HAL_Init
 .text.HAL_IncTick
                0x08001ac8       0x18 build/stm32f4xx_hal.o
                0x08001ac8                HAL_IncTick
 .text.HAL_GetTick
                0x08001ae0        0xc build/stm32f4xx_hal.o
                0x08001ae0                HAL_GetTick
 .text.HAL_Delay
                0x08001aec       0x28 build/stm32f4xx_hal.o
                0x08001aec                HAL_Delay
 .text.UART_EndRxTransfer
                0x08001b14       0x5c build/stm32f4xx_hal_uart.o
 .text.UART_Transmit_IT
                0x08001b70       0x60 build/stm32f4xx_hal_uart.o
 .text.UART_SetConfig
                0x08001bd0      0x110 build/stm32f4xx_hal_uart.o
 .text.UART_WaitOnFlagUntilTimeout
                0x08001ce0       0x8a build/stm32f4xx_hal_uart.o
 .text.HAL_UART_Init
                0x08001d6a       0x60 build/stm32f4xx_hal_uart.o
                0x08001d6a                HAL_UART_Init
 .text.HAL_UART_Transmit
                0x08001dca       0xcc build/stm32f4xx_hal_uart.o
                0x08001dca                HAL_UART_Transmit
 .text.HAL_UART_TxCpltCallback
                0x08001e96        0x2 build/stm32f4xx_hal_uart.o
                0x08001e96                HAL_UART_TxCpltCallback
 .text.UART_EndTransmit_IT
                0x08001e98       0x1a build/stm32f4xx_hal_uart.o
 .text.HAL_UART_RxCpltCallback
                0x08001eb2        0x2 build/stm32f4xx_hal_uart.o
                0x08001eb2                HAL_UART_RxCpltCallback
 .text.HAL_UART_ErrorCallback
                0x08001eb4        0x2 build/stm32f4xx_hal_uart.o
                0x08001eb4                HAL_UART_ErrorCallback
 .text.UART_DMAAbortOnError
                0x08001eb6       0x10 build/stm32f4xx_hal_uart.o
 .text.HAL_UARTEx_RxEventCallback
                0x08001ec6        0x2 build/stm32f4xx_hal_uart.o
                0x08001ec6                HAL_UARTEx_RxEventCallback
 .text.UART_Receive_IT
                0x08001ec8       0xe6 build/stm32f4xx_hal_uart.o
 *fill*         0x08001fae        0x2 
 .text.HAL_UART_IRQHandler
                0x08001fb0      0x288 build/stm32f4xx_hal_uart.o
                0x08001fb0                HAL_UART_IRQHandler
 .text.SystemInit
                0x08002238       0x14 build/system_stm32f4xx.o
                0x08002238                SystemInit
 .text._sbrk    0x0800224c       0x48 build/sysmem.o
                0x0800224c                _sbrk
 .text.prvHeapInit
                0x08002294       0x58 build/heap_4.o
 .text.prvInsertBlockIntoFreeList
                0x080022ec       0x8c build/heap_4.o
 .text.pvPortMalloc
                0x08002378      0x188 build/heap_4.o
                0x08002378                pvPortMalloc
 .text.vPortFree
                0x08002500       0xac build/heap_4.o
                0x08002500                vPortFree
 .text.vListInitialise
                0x080025ac       0x16 build/list.o
                0x080025ac                vListInitialise
 .text.vListInitialiseItem
                0x080025c2        0x6 build/list.o
                0x080025c2                vListInitialiseItem
 .text.vListInsert
                0x080025c8       0x32 build/list.o
                0x080025c8                vListInsert
 .text.uxListRemove
                0x080025fa       0x24 build/list.o
                0x080025fa                uxListRemove
 *fill*         0x0800261e        0x2 
 .text.prvTaskExitError
                0x08002620       0x40 build/port.o
 .text.SVC_Handler
                0x08002660       0x24 build/port.o
                0x08002660                SVC_Handler
 .text.prvPortStartFirstTask
                0x08002684       0x28 build/port.o
 *fill*         0x080026ac        0x4 
 .text.PendSV_Handler
                0x080026b0       0x64 build/port.o
                0x080026b0                PendSV_Handler
 .text.vPortEnableVFP
                0x08002714       0x14 build/port.o
 .text.pxPortInitialiseStack
                0x08002728       0x2c build/port.o
                0x08002728                pxPortInitialiseStack
 .text.vPortEnterCritical
                0x08002754       0x44 build/port.o
                0x08002754                vPortEnterCritical
 .text.vPortExitCritical
                0x08002798       0x2c build/port.o
                0x08002798                vPortExitCritical
 .text.SysTick_Handler
                0x080027c4       0x30 build/port.o
                0x080027c4                SysTick_Handler
 .text.vPortSetupTimerInterrupt
                0x080027f4       0x18 build/port.o
                0x080027f4                vPortSetupTimerInterrupt
 .text.xPortStartScheduler
                0x0800280c      0x194 build/port.o
                0x0800280c                xPortStartScheduler
 .text.prvIsQueueEmpty
                0x080029a0       0x1a build/queue.o
 .text.prvCopyDataFromQueue
                0x080029ba       0x24 build/queue.o
 .text.prvUnlockQueue
                0x080029de       0x6e build/queue.o
 .text.xQueueGenericReset
                0x08002a4c       0xaa build/queue.o
                0x08002a4c                xQueueGenericReset
 .text.prvInitialiseNewQueue
                0x08002af6       0x1c build/queue.o
 .text.xQueueGenericCreateStatic
                0x08002b12       0x6c build/queue.o
                0x08002b12                xQueueGenericCreateStatic
 .text.xQueueReceive
                0x08002b7e      0x15e build/queue.o
                0x08002b7e                xQueueReceive
 .text.vQueueAddToRegistry
                0x08002cdc       0x60 build/queue.o
                0x08002cdc                vQueueAddToRegistry
 .text.vQueueWaitForMessageRestricted
                0x08002d3c       0x52 build/queue.o
                0x08002d3c                vQueueWaitForMessageRestricted
 *fill*         0x08002d8e        0x2 
 .text.prvResetNextTaskUnblockTime
                0x08002d90       0x28 build/tasks.o
 .text.prvInitialiseNewTask
                0x08002db8       0x88 build/tasks.o
 .text.prvCreateStaticTask
                0x08002e40       0x90 build/tasks.o
 .text.prvInitialiseTaskLists
                0x08002ed0       0x68 build/tasks.o
 .text.prvAddNewTaskToReadyList
                0x08002f38       0xcc build/tasks.o
 .text.prvCreateTask
                0x08003004       0x62 build/tasks.o
 .text.prvDeleteTCB
                0x08003066       0x38 build/tasks.o
 *fill*         0x0800309e        0x2 
 .text.prvCheckTasksWaitingTermination
                0x080030a0       0x4c build/tasks.o
 .text.prvIdleTask
                0x080030ec       0x28 build/tasks.o
 .text.prvAddCurrentTaskToDelayedList
                0x08003114       0xa0 build/tasks.o
 .text.xTaskCreateStatic
                0x080031b4       0x28 build/tasks.o
                0x080031b4                xTaskCreateStatic
 .text.xTaskCreate
                0x080031dc       0x22 build/tasks.o
                0x080031dc                xTaskCreate
 *fill*         0x080031fe        0x2 
 .text.vTaskSuspendAll
                0x08003200       0x10 build/tasks.o
                0x08003200                vTaskSuspendAll
 .text.xTaskGetTickCount
                0x08003210        0xc build/tasks.o
                0x08003210                xTaskGetTickCount
 .text.xTaskIncrementTick
                0x0800321c      0x164 build/tasks.o
                0x0800321c                xTaskIncrementTick
 .text.xTaskResumeAll
                0x08003380      0x158 build/tasks.o
                0x08003380                xTaskResumeAll
 .text.vTaskDelay
                0x080034d8       0x50 build/tasks.o
                0x080034d8                vTaskDelay
 .text.vTaskSwitchContext
                0x08003528       0x98 build/tasks.o
                0x08003528                vTaskSwitchContext
 .text.vTaskPlaceOnEventList
                0x080035c0       0x30 build/tasks.o
                0x080035c0                vTaskPlaceOnEventList
 .text.vTaskPlaceOnEventListRestricted
                0x080035f0       0x54 build/tasks.o
                0x080035f0                vTaskPlaceOnEventListRestricted
 .text.xTaskRemoveFromEventList
                0x08003644       0xf8 build/tasks.o
                0x08003644                xTaskRemoveFromEventList
 .text.vTaskInternalSetTimeOutState
                0x0800373c       0x18 build/tasks.o
                0x0800373c                vTaskInternalSetTimeOutState
 .text.xTaskCheckForTimeOut
                0x08003754       0x88 build/tasks.o
                0x08003754                xTaskCheckForTimeOut
 .text.vTaskMissedYield
                0x080037dc        0xc build/tasks.o
                0x080037dc                vTaskMissedYield
 .text.xTaskGetSchedulerState
                0x080037e8       0x20 build/tasks.o
                0x080037e8                xTaskGetSchedulerState
 .text.vApplicationGetIdleTaskMemory
                0x08003808       0x18 build/tasks.o
                0x08003808                vApplicationGetIdleTaskMemory
 .text.prvCreateIdleTasks
                0x08003820       0x6c build/tasks.o
 .text.vTaskStartScheduler
                0x0800388c       0x6c build/tasks.o
                0x0800388c                vTaskStartScheduler
 .text.vApplicationGetTimerTaskMemory
                0x080038f8       0x18 build/tasks.o
                0x080038f8                vApplicationGetTimerTaskMemory
 .text.prvGetNextExpireTime
                0x08003910       0x20 build/timers.o
 .text.prvInsertTimerInActiveList
                0x08003930       0x48 build/timers.o
 .text.prvReloadTimer
                0x08003978       0x28 build/timers.o
 .text.prvProcessExpiredTimer
                0x080039a0       0x40 build/timers.o
 .text.prvSwitchTimerLists
                0x080039e0       0x30 build/timers.o
 .text.prvSampleTimeNow
                0x08003a10       0x2c build/timers.o
 .text.prvProcessTimerOrBlockTask
                0x08003a3c       0x74 build/timers.o
 .text.prvProcessReceivedCommands
                0x08003ab0       0xf8 build/timers.o
 .text.prvTimerTask
                0x08003ba8       0x16 build/timers.o
 *fill*         0x08003bbe        0x2 
 .text.prvCheckForValidListAndQueue
                0x08003bc0       0x70 build/timers.o
 .text.xTimerCreateTimerTask
                0x08003c30       0x64 build/timers.o
                0x08003c30                xTimerCreateTimerTask
 .text.Reset_Handler
                0x08003c94       0x50 build/startup_stm32f407xx.o
                0x08003c94                Reset_Handler
 .text.Default_Handler
                0x08003ce4        0x2 build/startup_stm32f407xx.o
                0x08003ce4                RTC_Alarm_IRQHandler
                0x08003ce4                HASH_RNG_IRQHandler
                0x08003ce4                EXTI2_IRQHandler
                0x08003ce4                TIM8_CC_IRQHandler
                0x08003ce4                TIM1_CC_IRQHandler
                0x08003ce4                DMA2_Stream5_IRQHandler
                0x08003ce4                DMA1_Stream5_IRQHandler
                0x08003ce4                PVD_IRQHandler
                0x08003ce4                SDIO_IRQHandler
                0x08003ce4                TAMP_STAMP_IRQHandler
                0x08003ce4                CAN2_RX1_IRQHandler
                0x08003ce4                EXTI3_IRQHandler
                0x08003ce4                TIM8_TRG_COM_TIM14_IRQHandler
                0x08003ce4                TIM1_UP_TIM10_IRQHandler
                0x08003ce4                TIM8_UP_TIM13_IRQHandler
                0x08003ce4                I2C3_ER_IRQHandler
                0x08003ce4                EXTI0_IRQHandler
                0x08003ce4                I2C2_EV_IRQHandler
                0x08003ce4                DMA1_Stream2_IRQHandler
                0x08003ce4                FPU_IRQHandler
                0x08003ce4                OTG_HS_WKUP_IRQHandler
                0x08003ce4                CAN2_SCE_IRQHandler
                0x08003ce4                DMA2_Stream2_IRQHandler
                0x08003ce4                SPI1_IRQHandler
                0x08003ce4                TIM6_DAC_IRQHandler
                0x08003ce4                TIM1_BRK_TIM9_IRQHandler
                0x08003ce4                DCMI_IRQHandler
                0x08003ce4                CAN2_RX0_IRQHandler
                0x08003ce4                DMA2_Stream3_IRQHandler
                0x08003ce4                USART6_IRQHandler
                0x08003ce4                CAN1_RX1_IRQHandler
                0x08003ce4                UART5_IRQHandler
                0x08003ce4                DMA2_Stream0_IRQHandler
                0x08003ce4                TIM4_IRQHandler
                0x08003ce4                I2C1_EV_IRQHandler
                0x08003ce4                DMA1_Stream6_IRQHandler
                0x08003ce4                DMA1_Stream1_IRQHandler
                0x08003ce4                UART4_IRQHandler
                0x08003ce4                TIM3_IRQHandler
                0x08003ce4                RCC_IRQHandler
                0x08003ce4                TIM8_BRK_TIM12_IRQHandler
                0x08003ce4                Default_Handler
                0x08003ce4                EXTI15_10_IRQHandler
                0x08003ce4                ADC_IRQHandler
                0x08003ce4                DMA1_Stream7_IRQHandler
                0x08003ce4                TIM7_IRQHandler
                0x08003ce4                CAN2_TX_IRQHandler
                0x08003ce4                TIM5_IRQHandler
                0x08003ce4                DMA2_Stream7_IRQHandler
                0x08003ce4                I2C3_EV_IRQHandler
                0x08003ce4                RTC_WKUP_IRQHandler
                0x08003ce4                ETH_WKUP_IRQHandler
                0x08003ce4                SPI2_IRQHandler
                0x08003ce4                OTG_HS_EP1_IN_IRQHandler
                0x08003ce4                DMA1_Stream0_IRQHandler
                0x08003ce4                CAN1_TX_IRQHandler
                0x08003ce4                EXTI4_IRQHandler
                0x08003ce4                FSMC_IRQHandler
                0x08003ce4                ETH_IRQHandler
                0x08003ce4                OTG_HS_EP1_OUT_IRQHandler
                0x08003ce4                WWDG_IRQHandler
                0x08003ce4                TIM2_IRQHandler
                0x08003ce4                OTG_FS_WKUP_IRQHandler
                0x08003ce4                TIM1_TRG_COM_TIM11_IRQHandler
                0x08003ce4                OTG_HS_IRQHandler
                0x08003ce4                EXTI1_IRQHandler
                0x08003ce4                USART2_IRQHandler
                0x08003ce4                I2C2_ER_IRQHandler
                0x08003ce4                DMA2_Stream1_IRQHandler
                0x08003ce4                CAN1_SCE_IRQHandler
                0x08003ce4                FLASH_IRQHandler
                0x08003ce4                DMA2_Stream4_IRQHandler
                0x08003ce4                OTG_FS_IRQHandler
                0x08003ce4                SPI3_IRQHandler
                0x08003ce4                DMA1_Stream4_IRQHandler
                0x08003ce4                I2C1_ER_IRQHandler
                0x08003ce4                DMA2_Stream6_IRQHandler
                0x08003ce4                DMA1_Stream3_IRQHandler
 *fill*         0x08003ce6        0x2 
 .text.__errno  0x08003ce8        0xc k:/program files (x86)/gnu arm embedded toolchain/10 2021.10/bin/../lib/gcc/arm-none-eabi/10.3.1/../../../../arm-none-eabi/lib/thumb/v7e-m+fp/hard\libc_nano.a(lib_a-errno.o)
                0x08003ce8                __errno
 .text.__libc_init_array
                0x08003cf4       0x48 k:/program files (x86)/gnu arm embedded toolchain/10 2021.10/bin/../lib/gcc/arm-none-eabi/10.3.1/../../../../arm-none-eabi/lib/thumb/v7e-m+fp/hard\libc_nano.a(lib_a-init.o)
                0x08003cf4                __libc_init_array
 .text.memcpy   0x08003d3c       0x1c k:/program files (x86)/gnu arm embedded toolchain/10 2021.10/bin/../lib/gcc/arm-none-eabi/10.3.1/../../../../arm-none-eabi/lib/thumb/v7e-m+fp/hard\libc_nano.a(lib_a-memcpy-stub.o)
                0x08003d3c                memcpy
 .text.memset   0x08003d58       0x10 k:/program files (x86)/gnu arm embedded toolchain/10 2021.10/bin/../lib/gcc/arm-none-eabi/10.3.1/../../../../arm-none-eabi/lib/thumb/v7e-m+fp/hard\libc_nano.a(lib_a-memset.o)
                0x08003d58                memset
 .text.sprintf  0x08003d68       0x40 k:/program files (x86)/gnu arm embedded toolchain/10 2021.10/bin/../lib/gcc/arm-none-eabi/10.3.1/../../../../arm-none-eabi/lib/thumb/v7e-m+fp/hard\libc_nano.a(lib_a-sprintf.o)
                0x08003d68                siprintf
                0x08003d68                sprintf
 .text.__ssputs_r
                0x08003da8       0xb6 k:/program files (x86)/gnu arm embedded toolchain/10 2021.10/bin/../lib/gcc/arm-none-eabi/10.3.1/../../../../arm-none-eabi/lib/thumb/v7e-m+fp/hard\libc_nano.a(lib_a-nano-svfprintf.o)
                0x08003da8                __ssputs_r
 *fill*         0x08003e5e        0x2 
 .text._svfprintf_r
                0x08003e60      0x200 k:/program files (x86)/gnu arm embedded toolchain/10 2021.10/bin/../lib/gcc/arm-none-eabi/10.3.1/../../../../arm-none-eabi/lib/thumb/v7e-m+fp/hard\libc_nano.a(lib_a-nano-svfprintf.o)
                0x08003e60                _svfiprintf_r
                0x08003e60                _svfprintf_r
 .text._printf_common
                0x08004060       0xda k:/program files (x86)/gnu arm embedded toolchain/10 2021.10/bin/../lib/gcc/arm-none-eabi/10.3.1/../../../../arm-none-eabi/lib/thumb/v7e-m+fp/hard\libc_nano.a(lib_a-nano-vfprintf_i.o)
                0x08004060                _printf_common
 *fill*         0x0800413a        0x2 
 .text._printf_i
                0x0800413c      0x24c k:/program files (x86)/gnu arm embedded toolchain/10 2021.10/bin/../lib/gcc/arm-none-eabi/10.3.1/../../../../arm-none-eabi/lib/thumb/v7e-m+fp/hard\libc_nano.a(lib_a-nano-vfprintf_i.o)
                0x0800413c                _printf_i
 .text.memmove  0x08004388       0x34 k:/program files (x86)/gnu arm embedded toolchain/10 2021.10/bin/../lib/gcc/arm-none-eabi/10.3.1/../../../../arm-none-eabi/lib/thumb/v7e-m+fp/hard\libc_nano.a(lib_a-memmove.o)
                0x08004388                memmove
 .text._free_r  0x080043bc       0x98 k:/program files (x86)/gnu arm embedded toolchain/10 2021.10/bin/../lib/gcc/arm-none-eabi/10.3.1/../../../../arm-none-eabi/lib/thumb/v7e-m+fp/hard\libc_nano.a(lib_a-nano-freer.o)
                0x080043bc                _free_r
 .text.sbrk_aligned
                0x08004454       0x40 k:/program files (x86)/gnu arm embedded toolchain/10 2021.10/bin/../lib/gcc/arm-none-eabi/10.3.1/../../../../arm-none-eabi/lib/thumb/v7e-m+fp/hard\libc_nano.a(lib_a-nano-mallocr.o)
 .text._malloc_r
                0x08004494       0xe8 k:/program files (x86)/gnu arm embedded toolchain/10 2021.10/bin/../lib/gcc/arm-none-eabi/10.3.1/../../../../arm-none-eabi/lib/thumb/v7e-m+fp/hard\libc_nano.a(lib_a-nano-mallocr.o)
                0x08004494                _malloc_r
 .text._realloc_r
                0x0800457c       0x5e k:/program files (x86)/gnu arm embedded toolchain/10 2021.10/bin/../lib/gcc/arm-none-eabi/10.3.1/../../../../arm-none-eabi/lib/thumb/v7e-m+fp/hard\libc_nano.a(lib_a-nano-reallocr.o)
                0x0800457c                _realloc_r
 *fill*         0x080045da        0x2 
 .text._sbrk_r  0x080045dc       0x20 k:/program files (x86)/gnu arm embedded toolchain/10 2021.10/bin/../lib/gcc/arm-none-eabi/10.3.1/../../../../arm-none-eabi/lib/thumb/v7e-m+fp/hard\libc_nano.a(lib_a-sbrkr.o)
                0x080045dc                _sbrk_r
 .text.__malloc_lock
                0x080045fc        0xc k:/program files (x86)/gnu arm embedded toolchain/10 2021.10/bin/../lib/gcc/arm-none-eabi/10.3.1/../../../../arm-none-eabi/lib/thumb/v7e-m+fp/hard\libc_nano.a(lib_a-mlock.o)
                0x080045fc                __malloc_lock
 .text.__malloc_unlock
                0x08004608        0xc k:/program files (x86)/gnu arm embedded toolchain/10 2021.10/bin/../lib/gcc/arm-none-eabi/10.3.1/../../../../arm-none-eabi/lib/thumb/v7e-m+fp/hard\libc_nano.a(lib_a-mlock.o)
                0x08004608                __malloc_unlock
 .text._malloc_usable_size_r
                0x08004614       0x10 k:/program files (x86)/gnu arm embedded toolchain/10 2021.10/bin/../lib/gcc/arm-none-eabi/10.3.1/../../../../arm-none-eabi/lib/thumb/v7e-m+fp/hard\libc_nano.a(lib_a-nano-msizer.o)
                0x08004614                _malloc_usable_size_r
 .text.__retarget_lock_acquire_recursive
                0x08004624        0x2 k:/program files (x86)/gnu arm embedded toolchain/10 2021.10/bin/../lib/gcc/arm-none-eabi/10.3.1/../../../../arm-none-eabi/lib/thumb/v7e-m+fp/hard\libc_nano.a(lib_a-lock.o)
                0x08004624                __retarget_lock_acquire_recursive
 .text.__retarget_lock_release_recursive
                0x08004626        0x2 k:/program files (x86)/gnu arm embedded toolchain/10 2021.10/bin/../lib/gcc/arm-none-eabi/10.3.1/../../../../arm-none-eabi/lib/thumb/v7e-m+fp/hard\libc_nano.a(lib_a-lock.o)
                0x08004626                __retarget_lock_release_recursive
 *(.glue_7)
 .glue_7        0x08004628        0x0 linker stubs
 *(.glue_7t)
 .glue_7t       0x08004628        0x0 linker stubs
 *(.eh_frame)
 .eh_frame      0x08004628        0x0 k:/program files (x86)/gnu arm embedded toolchain/10 2021.10/bin/../lib/gcc/arm-none-eabi/10.3.1/thumb/v7e-m+fp/hard/crtbegin.o
 *(.init)
 .init          0x08004628        0x4 k:/program files (x86)/gnu arm embedded toolchain/10 2021.10/bin/../lib/gcc/arm-none-eabi/10.3.1/thumb/v7e-m+fp/hard/crti.o
                0x08004628                _init
 .init          0x0800462c        0x8 k:/program files (x86)/gnu arm embedded toolchain/10 2021.10/bin/../lib/gcc/arm-none-eabi/10.3.1/thumb/v7e-m+fp/hard/crtn.o
 *(.fini)
 .fini          0x08004634        0x4 k:/program files (x86)/gnu arm embedded toolchain/10 2021.10/bin/../lib/gcc/arm-none-eabi/10.3.1/thumb/v7e-m+fp/hard/crti.o
                0x08004634                _fini
 .fini          0x08004638        0x8 k:/program files (x86)/gnu arm embedded toolchain/10 2021.10/bin/../lib/gcc/arm-none-eabi/10.3.1/thumb/v7e-m+fp/hard/crtn.o
                0x08004640                . = ALIGN (0x4)
                0x08004640                _etext = .

.vfp11_veneer   0x08004640        0x0
 .vfp11_veneer  0x08004640        0x0 linker stubs

.v4_bx          0x08004640        0x0
 .v4_bx         0x08004640        0x0 linker stubs

.iplt           0x08004640        0x0
 .iplt          0x08004640        0x0 k:/program files (x86)/gnu arm embedded toolchain/10 2021.10/bin/../lib/gcc/arm-none-eabi/10.3.1/thumb/v7e-m+fp/hard/crtbegin.o

.rodata         0x08004640       0x80
                0x08004640                . = ALIGN (0x4)
 *(.rodata)
 *(.rodata*)
 .rodata.main_task.str1.4
                0x08004640        0xf build/main.o
 *fill*         0x0800464f        0x1 
 .rodata.main.str1.4
                0x08004650        0xa build/main.o
 *fill*         0x0800465a        0x2 
 .rodata.AHBPrescTable
                0x0800465c       0x10 build/system_stm32f4xx.o
                0x0800465c                AHBPrescTable
 .rodata.APBPrescTable
                0x0800466c        0x8 build/system_stm32f4xx.o
                0x0800466c                APBPrescTable
 .rodata.prvCreateIdleTasks.str1.4
                0x08004674        0x5 build/tasks.o
 *fill*         0x08004679        0x3 
 .rodata.prvCheckForValidListAndQueue.str1.4
                0x0800467c        0x5 build/timers.o
 *fill*         0x08004681        0x3 
 .rodata.xTimerCreateTimerTask.str1.4
                0x08004684        0x8 build/timers.o
 .rodata._svfprintf_r.str1.1
                0x0800468c       0x11 k:/program files (x86)/gnu arm embedded toolchain/10 2021.10/bin/../lib/gcc/arm-none-eabi/10.3.1/../../../../arm-none-eabi/lib/thumb/v7e-m+fp/hard\libc_nano.a(lib_a-nano-svfprintf.o)
 .rodata._printf_i.str1.1
                0x0800469d       0x22 k:/program files (x86)/gnu arm embedded toolchain/10 2021.10/bin/../lib/gcc/arm-none-eabi/10.3.1/../../../../arm-none-eabi/lib/thumb/v7e-m+fp/hard\libc_nano.a(lib_a-nano-vfprintf_i.o)
                0x080046c0                . = ALIGN (0x4)
 *fill*         0x080046bf        0x1 

.ARM.extab
 *(.ARM.extab* .gnu.linkonce.armextab.*)

.ARM            0x080046c0        0x8
                0x080046c0                __exidx_start = .
 *(.ARM.exidx*)
 .ARM.exidx     0x080046c0        0x8 k:/program files (x86)/gnu arm embedded toolchain/10 2021.10/bin/../lib/gcc/arm-none-eabi/10.3.1/thumb/v7e-m+fp/hard\libgcc.a(_udivmoddi4.o)
                0x080046c8                __exidx_end = .

.rel.dyn        0x080046c8        0x0
 .rel.iplt      0x080046c8        0x0 k:/program files (x86)/gnu arm embedded toolchain/10 2021.10/bin/../lib/gcc/arm-none-eabi/10.3.1/thumb/v7e-m+fp/hard/crtbegin.o

.preinit_array  0x080046c8        0x0
                0x080046c8                PROVIDE (__preinit_array_start = .)
 *(.preinit_array*)
                0x080046c8                PROVIDE (__preinit_array_end = .)

.init_array     0x080046c8        0x4
                0x080046c8                PROVIDE (__init_array_start = .)
 *(SORT_BY_NAME(.init_array.*))
 *(.init_array*)
 .init_array    0x080046c8        0x4 k:/program files (x86)/gnu arm embedded toolchain/10 2021.10/bin/../lib/gcc/arm-none-eabi/10.3.1/thumb/v7e-m+fp/hard/crtbegin.o
                0x080046cc                PROVIDE (__init_array_end = .)

.fini_array     0x080046cc        0x4
                [!provide]                PROVIDE (__fini_array_start = .)
 *(SORT_BY_NAME(.fini_array.*))
 *(.fini_array*)
 .fini_array    0x080046cc        0x4 k:/program files (x86)/gnu arm embedded toolchain/10 2021.10/bin/../lib/gcc/arm-none-eabi/10.3.1/thumb/v7e-m+fp/hard/crtbegin.o
                [!provide]                PROVIDE (__fini_array_end = .)
                0x080046d0                _sidata = LOADADDR (.data)

.data           0x20000000       0x78 load address 0x080046d0
                0x20000000                . = ALIGN (0x4)
                0x20000000                _sdata = .
 *(.data)
 *(.data*)
 .data.uwTickFreq
                0x20000000        0x1 build/stm32f4xx_hal.o
                0x20000000                uwTickFreq
 *fill*         0x20000001        0x3 
 .data.uwTickPrio
                0x20000004        0x4 build/stm32f4xx_hal.o
                0x20000004                uwTickPrio
 .data.SystemCoreClock
                0x20000008        0x4 build/system_stm32f4xx.o
                0x20000008                SystemCoreClock
 .data.uxCriticalNesting
                0x2000000c        0x4 build/port.o
 .data.uxTopUsedPriority
                0x20000010        0x4 build/tasks.o
 .data._impure_ptr
                0x20000014        0x4 k:/program files (x86)/gnu arm embedded toolchain/10 2021.10/bin/../lib/gcc/arm-none-eabi/10.3.1/../../../../arm-none-eabi/lib/thumb/v7e-m+fp/hard\libc_nano.a(lib_a-impure.o)
                0x20000014                _impure_ptr
 .data.impure_data
                0x20000018       0x60 k:/program files (x86)/gnu arm embedded toolchain/10 2021.10/bin/../lib/gcc/arm-none-eabi/10.3.1/../../../../arm-none-eabi/lib/thumb/v7e-m+fp/hard\libc_nano.a(lib_a-impure.o)
                0x20000078                . = ALIGN (0x4)
                0x20000078                _edata = .
                0x08004748                _siccmram = LOADADDR (.ccmram)

.igot.plt       0x20000078        0x0 load address 0x08004748
 .igot.plt      0x20000078        0x0 k:/program files (x86)/gnu arm embedded toolchain/10 2021.10/bin/../lib/gcc/arm-none-eabi/10.3.1/thumb/v7e-m+fp/hard/crtbegin.o

.ccmram         0x10000000        0x0 load address 0x08004748
                0x10000000                . = ALIGN (0x4)
                0x10000000                _sccmram = .
 *(.ccmram)
 *(.ccmram*)
                0x10000000                . = ALIGN (0x4)
                0x10000000                _eccmram = .
                0x10000000                . = ALIGN (0x4)

.bss            0x20000078     0x1a64
                0x20000078                _sbss = .
                0x20000078                __bss_start__ = _sbss
 *(.bss)
 .bss           0x20000078       0x1c k:/program files (x86)/gnu arm embedded toolchain/10 2021.10/bin/../lib/gcc/arm-none-eabi/10.3.1/thumb/v7e-m+fp/hard/crtbegin.o
 *(.bss*)
 .bss.cnt_main_task
                0x20000094        0x4 build/main.o
 .bss.handle_main_task
                0x20000098        0x4 build/main.o
                0x20000098                handle_main_task
 .bss.info      0x2000009c       0x40 build/main.o
                0x2000009c                info
 .bss.echo_time
                0x200000dc        0x4 build/stm32f4xx_hal_msp.o
                0x200000dc                echo_time
 .bss.hcan1     0x200000e0       0x28 build/stm32f4xx_hal_msp.o
                0x200000e0                hcan1
 .bss.huart1    0x20000108       0x48 build/stm32f4xx_hal_msp.o
                0x20000108                huart1
 .bss.huart3    0x20000150       0x48 build/stm32f4xx_hal_msp.o
                0x20000150                huart3
 .bss.trig_time
                0x20000198        0x4 build/stm32f4xx_hal_msp.o
                0x20000198                trig_time
 .bss.uwTick    0x2000019c        0x4 build/stm32f4xx_hal.o
                0x2000019c                uwTick
 .bss.__sbrk_heap_end
                0x200001a0        0x4 build/sysmem.o
 .bss.pxEnd     0x200001a4        0x4 build/heap_4.o
 .bss.ucHeap    0x200001a8     0x1000 build/heap_4.o
 .bss.xFreeBytesRemaining
                0x200011a8        0x4 build/heap_4.o
 .bss.xMinimumEverFreeBytesRemaining
                0x200011ac        0x4 build/heap_4.o
 .bss.xNumberOfSuccessfulAllocations
                0x200011b0        0x4 build/heap_4.o
 .bss.xNumberOfSuccessfulFrees
                0x200011b4        0x4 build/heap_4.o
 .bss.xStart    0x200011b8        0x8 build/heap_4.o
 .bss.ucMaxSysCallPriority
                0x200011c0        0x1 build/port.o
 *fill*         0x200011c1        0x3 
 .bss.ulMaxPRIGROUPValue
                0x200011c4        0x4 build/port.o
 .bss.xQueueRegistry
                0x200011c8       0x40 build/queue.o
                0x200011c8                xQueueRegistry
 .bss.pxCurrentTCB
                0x20001208        0x4 build/tasks.o
                0x20001208                pxCurrentTCB
 .bss.pxDelayedTaskList
                0x2000120c        0x4 build/tasks.o
 .bss.pxOverflowDelayedTaskList
                0x20001210        0x4 build/tasks.o
 .bss.pxReadyTasksLists
                0x20001214      0x280 build/tasks.o
 .bss.uxCurrentNumberOfTasks
                0x20001494        0x4 build/tasks.o
 .bss.uxDeletedTasksWaitingCleanUp
                0x20001498        0x4 build/tasks.o
 .bss.uxIdleTaskStack.2
                0x2000149c      0x200 build/tasks.o
 .bss.uxSchedulerSuspended
                0x2000169c        0x4 build/tasks.o
 .bss.uxTaskNumber
                0x200016a0        0x4 build/tasks.o
 .bss.uxTimerTaskStack.0
                0x200016a4      0x200 build/tasks.o
 .bss.uxTopReadyPriority
                0x200018a4        0x4 build/tasks.o
 .bss.xDelayedTaskList1
                0x200018a8       0x14 build/tasks.o
 .bss.xDelayedTaskList2
                0x200018bc       0x14 build/tasks.o
 .bss.xIdleTaskHandles
                0x200018d0        0x4 build/tasks.o
 .bss.xIdleTaskTCB.3
                0x200018d4       0x54 build/tasks.o
 .bss.xNextTaskUnblockTime
                0x20001928        0x4 build/tasks.o
 .bss.xNumOfOverflows
                0x2000192c        0x4 build/tasks.o
 .bss.xPendedTicks
                0x20001930        0x4 build/tasks.o
 .bss.xPendingReadyList
                0x20001934       0x14 build/tasks.o
 .bss.xSchedulerRunning
                0x20001948        0x4 build/tasks.o
 .bss.xSuspendedTaskList
                0x2000194c       0x14 build/tasks.o
 .bss.xTasksWaitingTermination
                0x20001960       0x14 build/tasks.o
 .bss.xTickCount
                0x20001974        0x4 build/tasks.o
 .bss.xTimerTaskTCB.1
                0x20001978       0x54 build/tasks.o
 .bss.xYieldPendings
                0x200019cc        0x4 build/tasks.o
 .bss.pxCurrentTimerList
                0x200019d0        0x4 build/timers.o
 .bss.pxOverflowTimerList
                0x200019d4        0x4 build/timers.o
 .bss.ucStaticTimerQueueStorage.1
                0x200019d8       0x78 build/timers.o
 .bss.xActiveTimerList1
                0x20001a50       0x14 build/timers.o
 .bss.xActiveTimerList2
                0x20001a64       0x14 build/timers.o
 .bss.xLastTime.2
                0x20001a78        0x4 build/timers.o
 .bss.xStaticTimerQueue.0
                0x20001a7c       0x48 build/timers.o
 .bss.xTimerQueue
                0x20001ac4        0x4 build/timers.o
 .bss.xTimerTaskHandle
                0x20001ac8        0x4 build/timers.o
 .bss.__malloc_free_list
                0x20001acc        0x4 k:/program files (x86)/gnu arm embedded toolchain/10 2021.10/bin/../lib/gcc/arm-none-eabi/10.3.1/../../../../arm-none-eabi/lib/thumb/v7e-m+fp/hard\libc_nano.a(lib_a-nano-mallocr.o)
                0x20001acc                __malloc_free_list
 .bss.__malloc_sbrk_start
                0x20001ad0        0x4 k:/program files (x86)/gnu arm embedded toolchain/10 2021.10/bin/../lib/gcc/arm-none-eabi/10.3.1/../../../../arm-none-eabi/lib/thumb/v7e-m+fp/hard\libc_nano.a(lib_a-nano-mallocr.o)
                0x20001ad0                __malloc_sbrk_start
 .bss.errno     0x20001ad4        0x4 k:/program files (x86)/gnu arm embedded toolchain/10 2021.10/bin/../lib/gcc/arm-none-eabi/10.3.1/../../../../arm-none-eabi/lib/thumb/v7e-m+fp/hard\libc_nano.a(lib_a-reent.o)
                0x20001ad4                errno
 .bss.__lock___malloc_recursive_mutex
                0x20001ad8        0x1 k:/program files (x86)/gnu arm embedded toolchain/10 2021.10/bin/../lib/gcc/arm-none-eabi/10.3.1/../../../../arm-none-eabi/lib/thumb/v7e-m+fp/hard\libc_nano.a(lib_a-lock.o)
                0x20001ad8                __lock___malloc_recursive_mutex
 *(COMMON)
                0x20001adc                . = ALIGN (0x4)
 *fill*         0x20001ad9        0x3 
                0x20001adc                _ebss = .
                0x20001adc                __bss_end__ = _ebss

._user_heap_stack
                0x20001adc     0x6004
                0x20001ae0                . = ALIGN (0x8)
 *fill*         0x20001adc        0x4 
                [!provide]                PROVIDE (end = .)
                0x20001ae0                PROVIDE (_end = .)
                0x20003ae0                . = (. + _Min_Heap_Size)
 *fill*         0x20001ae0     0x2000 
                0x20007ae0                . = (. + _Min_Stack_Size)
 *fill*         0x20003ae0     0x4000 
                0x20007ae0                . = ALIGN (0x8)

/DISCARD/
 libc.a(*)
 libm.a(*)
 libgcc.a(*)
OUTPUT(build/rtos_stm.elf elf32-littlearm)
LOAD linker stubs
LOAD k:/program files (x86)/gnu arm embedded toolchain/10 2021.10/bin/../lib/gcc/arm-none-eabi/10.3.1/../../../../arm-none-eabi/lib/thumb/v7e-m+fp/hard\libc.a
LOAD k:/program files (x86)/gnu arm embedded toolchain/10 2021.10/bin/../lib/gcc/arm-none-eabi/10.3.1/../../../../arm-none-eabi/lib/thumb/v7e-m+fp/hard\libm.a
LOAD k:/program files (x86)/gnu arm embedded toolchain/10 2021.10/bin/../lib/gcc/arm-none-eabi/10.3.1/thumb/v7e-m+fp/hard\libgcc.a

.ARM.attributes
                0x00000000       0x30
 .ARM.attributes
                0x00000000       0x1e k:/program files (x86)/gnu arm embedded toolchain/10 2021.10/bin/../lib/gcc/arm-none-eabi/10.3.1/thumb/v7e-m+fp/hard/crti.o
 .ARM.attributes
                0x0000001e       0x34 k:/program files (x86)/gnu arm embedded toolchain/10 2021.10/bin/../lib/gcc/arm-none-eabi/10.3.1/thumb/v7e-m+fp/hard/crtbegin.o
 .ARM.attributes
                0x00000052       0x34 build/main.o
 .ARM.attributes
                0x00000086       0x34 build/stm32f4xx_it.o
 .ARM.attributes
                0x000000ba       0x34 build/stm32f4xx_hal_msp.o
 .ARM.attributes
                0x000000ee       0x34 build/stm32f4xx_hal_can.o
 .ARM.attributes
                0x00000122       0x34 build/stm32f4xx_hal_rcc.o
 .ARM.attributes
                0x00000156       0x34 build/stm32f4xx_hal_gpio.o
 .ARM.attributes
                0x0000018a       0x34 build/stm32f4xx_hal_dma.o
 .ARM.attributes
                0x000001be       0x34 build/stm32f4xx_hal_cortex.o
 .ARM.attributes
                0x000001f2       0x34 build/stm32f4xx_hal.o
 .ARM.attributes
                0x00000226       0x34 build/stm32f4xx_hal_uart.o
 .ARM.attributes
                0x0000025a       0x34 build/system_stm32f4xx.o
 .ARM.attributes
                0x0000028e       0x34 build/sysmem.o
 .ARM.attributes
                0x000002c2       0x34 build/heap_4.o
 .ARM.attributes
                0x000002f6       0x34 build/list.o
 .ARM.attributes
                0x0000032a       0x34 build/port.o
 .ARM.attributes
                0x0000035e       0x34 build/queue.o
 .ARM.attributes
                0x00000392       0x34 build/tasks.o
 .ARM.attributes
                0x000003c6       0x34 build/timers.o
 .ARM.attributes
                0x000003fa       0x21 build/startup_stm32f407xx.o
 .ARM.attributes
                0x0000041b       0x34 k:/program files (x86)/gnu arm embedded toolchain/10 2021.10/bin/../lib/gcc/arm-none-eabi/10.3.1/../../../../arm-none-eabi/lib/thumb/v7e-m+fp/hard\libc_nano.a(lib_a-errno.o)
 .ARM.attributes
                0x0000044f       0x34 k:/program files (x86)/gnu arm embedded toolchain/10 2021.10/bin/../lib/gcc/arm-none-eabi/10.3.1/../../../../arm-none-eabi/lib/thumb/v7e-m+fp/hard\libc_nano.a(lib_a-impure.o)
 .ARM.attributes
                0x00000483       0x34 k:/program files (x86)/gnu arm embedded toolchain/10 2021.10/bin/../lib/gcc/arm-none-eabi/10.3.1/../../../../arm-none-eabi/lib/thumb/v7e-m+fp/hard\libc_nano.a(lib_a-init.o)
 .ARM.attributes
                0x000004b7       0x34 k:/program files (x86)/gnu arm embedded toolchain/10 2021.10/bin/../lib/gcc/arm-none-eabi/10.3.1/../../../../arm-none-eabi/lib/thumb/v7e-m+fp/hard\libc_nano.a(lib_a-memcpy-stub.o)
 .ARM.attributes
                0x000004eb       0x34 k:/program files (x86)/gnu arm embedded toolchain/10 2021.10/bin/../lib/gcc/arm-none-eabi/10.3.1/../../../../arm-none-eabi/lib/thumb/v7e-m+fp/hard\libc_nano.a(lib_a-memset.o)
 .ARM.attributes
                0x0000051f       0x34 k:/program files (x86)/gnu arm embedded toolchain/10 2021.10/bin/../lib/gcc/arm-none-eabi/10.3.1/../../../../arm-none-eabi/lib/thumb/v7e-m+fp/hard\libc_nano.a(lib_a-sprintf.o)
 .ARM.attributes
                0x00000553       0x34 k:/program files (x86)/gnu arm embedded toolchain/10 2021.10/bin/../lib/gcc/arm-none-eabi/10.3.1/../../../../arm-none-eabi/lib/thumb/v7e-m+fp/hard\libc_nano.a(lib_a-nano-svfprintf.o)
 .ARM.attributes
                0x00000587       0x34 k:/program files (x86)/gnu arm embedded toolchain/10 2021.10/bin/../lib/gcc/arm-none-eabi/10.3.1/../../../../arm-none-eabi/lib/thumb/v7e-m+fp/hard\libc_nano.a(lib_a-nano-vfprintf_i.o)
 .ARM.attributes
                0x000005bb       0x1c k:/program files (x86)/gnu arm embedded toolchain/10 2021.10/bin/../lib/gcc/arm-none-eabi/10.3.1/../../../../arm-none-eabi/lib/thumb/v7e-m+fp/hard\libc_nano.a(lib_a-memchr.o)
 .ARM.attributes
                0x000005d7       0x34 k:/program files (x86)/gnu arm embedded toolchain/10 2021.10/bin/../lib/gcc/arm-none-eabi/10.3.1/../../../../arm-none-eabi/lib/thumb/v7e-m+fp/hard\libc_nano.a(lib_a-memmove.o)
 .ARM.attributes
                0x0000060b       0x34 k:/program files (x86)/gnu arm embedded toolchain/10 2021.10/bin/../lib/gcc/arm-none-eabi/10.3.1/../../../../arm-none-eabi/lib/thumb/v7e-m+fp/hard\libc_nano.a(lib_a-nano-freer.o)
 .ARM.attributes
                0x0000063f       0x34 k:/program files (x86)/gnu arm embedded toolchain/10 2021.10/bin/../lib/gcc/arm-none-eabi/10.3.1/../../../../arm-none-eabi/lib/thumb/v7e-m+fp/hard\libc_nano.a(lib_a-nano-mallocr.o)
 .ARM.attributes
                0x00000673       0x34 k:/program files (x86)/gnu arm embedded toolchain/10 2021.10/bin/../lib/gcc/arm-none-eabi/10.3.1/../../../../arm-none-eabi/lib/thumb/v7e-m+fp/hard\libc_nano.a(lib_a-nano-reallocr.o)
 .ARM.attributes
                0x000006a7       0x34 k:/program files (x86)/gnu arm embedded toolchain/10 2021.10/bin/../lib/gcc/arm-none-eabi/10.3.1/../../../../arm-none-eabi/lib/thumb/v7e-m+fp/hard\libc_nano.a(lib_a-sbrkr.o)
 .ARM.attributes
                0x000006db       0x34 k:/program files (x86)/gnu arm embedded toolchain/10 2021.10/bin/../lib/gcc/arm-none-eabi/10.3.1/../../../../arm-none-eabi/lib/thumb/v7e-m+fp/hard\libc_nano.a(lib_a-mlock.o)
 .ARM.attributes
                0x0000070f       0x34 k:/program files (x86)/gnu arm embedded toolchain/10 2021.10/bin/../lib/gcc/arm-none-eabi/10.3.1/../../../../arm-none-eabi/lib/thumb/v7e-m+fp/hard\libc_nano.a(lib_a-nano-msizer.o)
 .ARM.attributes
                0x00000743       0x34 k:/program files (x86)/gnu arm embedded toolchain/10 2021.10/bin/../lib/gcc/arm-none-eabi/10.3.1/../../../../arm-none-eabi/lib/thumb/v7e-m+fp/hard\libc_nano.a(lib_a-reent.o)
 .ARM.attributes
                0x00000777       0x34 k:/program files (x86)/gnu arm embedded toolchain/10 2021.10/bin/../lib/gcc/arm-none-eabi/10.3.1/../../../../arm-none-eabi/lib/thumb/v7e-m+fp/hard\libc_nano.a(lib_a-lock.o)
 .ARM.attributes
                0x000007ab       0x1e k:/program files (x86)/gnu arm embedded toolchain/10 2021.10/bin/../lib/gcc/arm-none-eabi/10.3.1/thumb/v7e-m+fp/hard\libgcc.a(_aeabi_uldivmod.o)
 .ARM.attributes
                0x000007c9       0x34 k:/program files (x86)/gnu arm embedded toolchain/10 2021.10/bin/../lib/gcc/arm-none-eabi/10.3.1/thumb/v7e-m+fp/hard\libgcc.a(_udivmoddi4.o)
 .ARM.attributes
                0x000007fd       0x1e k:/program files (x86)/gnu arm embedded toolchain/10 2021.10/bin/../lib/gcc/arm-none-eabi/10.3.1/thumb/v7e-m+fp/hard\libgcc.a(_dvmd_tls.o)
 .ARM.attributes
                0x0000081b       0x1e k:/program files (x86)/gnu arm embedded toolchain/10 2021.10/bin/../lib/gcc/arm-none-eabi/10.3.1/thumb/v7e-m+fp/hard/crtn.o

.comment        0x00000000       0x49
 .comment       0x00000000       0x49 build/main.o
                                 0x4a (size before relaxing)
 .comment       0x00000049       0x4a build/stm32f4xx_it.o
 .comment       0x00000049       0x4a build/stm32f4xx_hal_msp.o
 .comment       0x00000049       0x4a build/stm32f4xx_hal_can.o
 .comment       0x00000049       0x4a build/stm32f4xx_hal_rcc.o
 .comment       0x00000049       0x4a build/stm32f4xx_hal_gpio.o
 .comment       0x00000049       0x4a build/stm32f4xx_hal_dma.o
 .comment       0x00000049       0x4a build/stm32f4xx_hal_cortex.o
 .comment       0x00000049       0x4a build/stm32f4xx_hal.o
 .comment       0x00000049       0x4a build/stm32f4xx_hal_uart.o
 .comment       0x00000049       0x4a build/system_stm32f4xx.o
 .comment       0x00000049       0x4a build/sysmem.o
 .comment       0x00000049       0x4a build/heap_4.o
 .comment       0x00000049       0x4a build/list.o
 .comment       0x00000049       0x4a build/port.o
 .comment       0x00000049       0x4a build/queue.o
 .comment       0x00000049       0x4a build/tasks.o
 .comment       0x00000049       0x4a build/timers.o

.debug_info     0x00000000    0x15d69
 .debug_info    0x00000000      0xe34 build/main.o
 .debug_info    0x00000e34      0xd0f build/stm32f4xx_it.o
 .debug_info    0x00001b43     0x1a87 build/stm32f4xx_hal_msp.o
 .debug_info    0x000035ca     0x13a0 build/stm32f4xx_hal_can.o
 .debug_info    0x0000496a      0xbe6 build/stm32f4xx_hal_rcc.o
 .debug_info    0x00005550      0x848 build/stm32f4xx_hal_gpio.o
 .debug_info    0x00005d98      0xbd1 build/stm32f4xx_hal_dma.o
 .debug_info    0x00006969     0x1174 build/stm32f4xx_hal_cortex.o
 .debug_info    0x00007add      0xacf build/stm32f4xx_hal.o
 .debug_info    0x000085ac     0x432e build/stm32f4xx_hal_uart.o
 .debug_info    0x0000c8da      0x5b3 build/system_stm32f4xx.o
 .debug_info    0x0000ce8d      0x185 build/sysmem.o
 .debug_info    0x0000d012      0x781 build/heap_4.o
 .debug_info    0x0000d793      0x30a build/list.o
 .debug_info    0x0000da9d      0x673 build/port.o
 .debug_info    0x0000e110     0x29d2 build/queue.o
 .debug_info    0x00010ae2     0x3815 build/tasks.o
 .debug_info    0x000142f7     0x1a50 build/timers.o
 .debug_info    0x00015d47       0x22 build/startup_stm32f407xx.o

.debug_abbrev   0x00000000     0x2c22
 .debug_abbrev  0x00000000      0x20d build/main.o
 .debug_abbrev  0x0000020d      0x1cf build/stm32f4xx_it.o
 .debug_abbrev  0x000003dc      0x24b build/stm32f4xx_hal_msp.o
 .debug_abbrev  0x00000627      0x267 build/stm32f4xx_hal_can.o
 .debug_abbrev  0x0000088e      0x2aa build/stm32f4xx_hal_rcc.o
 .debug_abbrev  0x00000b38      0x22b build/stm32f4xx_hal_gpio.o
 .debug_abbrev  0x00000d63      0x2ff build/stm32f4xx_hal_dma.o
 .debug_abbrev  0x00001062      0x382 build/stm32f4xx_hal_cortex.o
 .debug_abbrev  0x000013e4      0x209 build/stm32f4xx_hal.o
 .debug_abbrev  0x000015ed      0x356 build/stm32f4xx_hal_uart.o
 .debug_abbrev  0x00001943      0x11b build/system_stm32f4xx.o
 .debug_abbrev  0x00001a5e       0xea build/sysmem.o
 .debug_abbrev  0x00001b48      0x2ba build/heap_4.o
 .debug_abbrev  0x00001e02      0x11d build/list.o
 .debug_abbrev  0x00001f1f      0x275 build/port.o
 .debug_abbrev  0x00002194      0x392 build/queue.o
 .debug_abbrev  0x00002526      0x3a0 build/tasks.o
 .debug_abbrev  0x000028c6      0x34a build/timers.o
 .debug_abbrev  0x00002c10       0x12 build/startup_stm32f407xx.o

.debug_loc      0x00000000     0xf768
 .debug_loc     0x00000000       0x7d build/main.o
 .debug_loc     0x0000007d       0xc5 build/stm32f4xx_it.o
 .debug_loc     0x00000142      0x344 build/stm32f4xx_hal_msp.o
 .debug_loc     0x00000486      0xf14 build/stm32f4xx_hal_can.o
 .debug_loc     0x0000139a      0x6e4 build/stm32f4xx_hal_rcc.o
 .debug_loc     0x00001a7e      0x5e8 build/stm32f4xx_hal_gpio.o
 .debug_loc     0x00002066      0xd6d build/stm32f4xx_hal_dma.o
 .debug_loc     0x00002dd3      0x7a4 build/stm32f4xx_hal_cortex.o
 .debug_loc     0x00003577      0x1e1 build/stm32f4xx_hal.o
 .debug_loc     0x00003758     0x4d30 build/stm32f4xx_hal_uart.o
 .debug_loc     0x00008488      0x158 build/system_stm32f4xx.o
 .debug_loc     0x000085e0       0x84 build/sysmem.o
 .debug_loc     0x00008664      0x60c build/heap_4.o
 .debug_loc     0x00008c70       0xe5 build/list.o
 .debug_loc     0x00008d55      0x1ce build/port.o
 .debug_loc     0x00008f23     0x2103 build/queue.o
 .debug_loc     0x0000b026     0x325a build/tasks.o
 .debug_loc     0x0000e280     0x14e8 build/timers.o

.debug_aranges  0x00000000      0xd40
 .debug_aranges
                0x00000000       0x28 build/main.o
 .debug_aranges
                0x00000028       0x70 build/stm32f4xx_it.o
 .debug_aranges
                0x00000098       0x70 build/stm32f4xx_hal_msp.o
 .debug_aranges
                0x00000108      0x138 build/stm32f4xx_hal_can.o
 .debug_aranges
                0x00000240       0x88 build/stm32f4xx_hal_rcc.o
 .debug_aranges
                0x000002c8       0x58 build/stm32f4xx_hal_gpio.o
 .debug_aranges
                0x00000320       0x90 build/stm32f4xx_hal_dma.o
 .debug_aranges
                0x000003b0       0xa8 build/stm32f4xx_hal_cortex.o
 .debug_aranges
                0x00000458       0xf0 build/stm32f4xx_hal.o
 .debug_aranges
                0x00000548      0x208 build/stm32f4xx_hal_uart.o
 .debug_aranges
                0x00000750       0x28 build/system_stm32f4xx.o
 .debug_aranges
                0x00000778       0x20 build/sysmem.o
 .debug_aranges
                0x00000798       0x68 build/heap_4.o
 .debug_aranges
                0x00000800       0x40 build/list.o
 .debug_aranges
                0x00000840       0x80 build/port.o
 .debug_aranges
                0x000008c0      0x148 build/queue.o
 .debug_aranges
                0x00000a08      0x218 build/tasks.o
 .debug_aranges
                0x00000c20       0xf8 build/timers.o
 .debug_aranges
                0x00000d18       0x28 build/startup_stm32f407xx.o

.debug_ranges   0x00000000     0x1088
 .debug_ranges  0x00000000       0x18 build/main.o
 .debug_ranges  0x00000018       0x60 build/stm32f4xx_it.o
 .debug_ranges  0x00000078       0x60 build/stm32f4xx_hal_msp.o
 .debug_ranges  0x000000d8      0x128 build/stm32f4xx_hal_can.o
 .debug_ranges  0x00000200       0x90 build/stm32f4xx_hal_rcc.o
 .debug_ranges  0x00000290       0x48 build/stm32f4xx_hal_gpio.o
 .debug_ranges  0x000002d8       0x80 build/stm32f4xx_hal_dma.o
 .debug_ranges  0x00000358       0xf8 build/stm32f4xx_hal_cortex.o
 .debug_ranges  0x00000450       0xe0 build/stm32f4xx_hal.o
 .debug_ranges  0x00000530      0x210 build/stm32f4xx_hal_uart.o
 .debug_ranges  0x00000740       0x18 build/system_stm32f4xx.o
 .debug_ranges  0x00000758       0x10 build/sysmem.o
 .debug_ranges  0x00000768       0x58 build/heap_4.o
 .debug_ranges  0x000007c0       0x30 build/list.o
 .debug_ranges  0x000007f0       0xa8 build/port.o
 .debug_ranges  0x00000898      0x250 build/queue.o
 .debug_ranges  0x00000ae8      0x498 build/tasks.o
 .debug_ranges  0x00000f80       0xe8 build/timers.o
 .debug_ranges  0x00001068       0x20 build/startup_stm32f407xx.o

.debug_line     0x00000000    0x110a7
 .debug_line    0x00000000      0x305 build/main.o
 .debug_line    0x00000305      0x379 build/stm32f4xx_it.o
 .debug_line    0x0000067e      0x74e build/stm32f4xx_hal_msp.o
 .debug_line    0x00000dcc     0x10f4 build/stm32f4xx_hal_can.o
 .debug_line    0x00001ec0      0xb23 build/stm32f4xx_hal_rcc.o
 .debug_line    0x000029e3      0x6f5 build/stm32f4xx_hal_gpio.o
 .debug_line    0x000030d8      0xe39 build/stm32f4xx_hal_dma.o
 .debug_line    0x00003f11      0x78c build/stm32f4xx_hal_cortex.o
 .debug_line    0x0000469d      0x579 build/stm32f4xx_hal.o
 .debug_line    0x00004c16     0x42cf build/stm32f4xx_hal_uart.o
 .debug_line    0x00008ee5      0x264 build/system_stm32f4xx.o
 .debug_line    0x00009149      0x1e0 build/sysmem.o
 .debug_line    0x00009329      0x958 build/heap_4.o
 .debug_line    0x00009c81      0x369 build/list.o
 .debug_line    0x00009fea      0x751 build/port.o
 .debug_line    0x0000a73b     0x2123 build/queue.o
 .debug_line    0x0000c85e     0x3854 build/tasks.o
 .debug_line    0x000100b2      0xf7f build/timers.o
 .debug_line    0x00011031       0x76 build/startup_stm32f407xx.o

.debug_str      0x00000000     0x4d9a
 .debug_str     0x00000000      0x948 build/main.o
                                0x9f9 (size before relaxing)
 .debug_str     0x00000948      0x140 build/stm32f4xx_it.o
                                0x9d3 (size before relaxing)
 .debug_str     0x00000a88      0x92c build/stm32f4xx_hal_msp.o
                               0x127a (size before relaxing)
 .debug_str     0x000013b4      0x491 build/stm32f4xx_hal_can.o
                                0xa02 (size before relaxing)
 .debug_str     0x00001845      0x219 build/stm32f4xx_hal_rcc.o
                                0x6d9 (size before relaxing)
 .debug_str     0x00001a5e       0xdb build/stm32f4xx_hal_gpio.o
                                0x4b3 (size before relaxing)
 .debug_str     0x00001b39      0x306 build/stm32f4xx_hal_dma.o
                                0x749 (size before relaxing)
 .debug_str     0x00001e3f      0x4ce build/stm32f4xx_hal_cortex.o
                                0xbff (size before relaxing)
 .debug_str     0x0000230d      0x29a build/stm32f4xx_hal.o
                                0xb2d (size before relaxing)
 .debug_str     0x000025a7      0x5f3 build/stm32f4xx_hal_uart.o
                                0xd6e (size before relaxing)
 .debug_str     0x00002b9a       0x47 build/system_stm32f4xx.o
                                0x348 (size before relaxing)
 .debug_str     0x00002be1       0x7a build/sysmem.o
                                0x1f8 (size before relaxing)
 .debug_str     0x00002c5b      0x36a build/heap_4.o
                                0x50c (size before relaxing)
 .debug_str     0x00002fc5      0x125 build/list.o
                                0x2c3 (size before relaxing)
 .debug_str     0x000030ea      0x27e build/port.o
                                0x45e (size before relaxing)
 .debug_str     0x00003368      0x92a build/queue.o
                                0xcd6 (size before relaxing)
 .debug_str     0x00003c92      0xc17 build/tasks.o
                               0x130d (size before relaxing)
 .debug_str     0x000048a9      0x4cd build/timers.o
                                0xb66 (size before relaxing)
 .debug_str     0x00004d76       0x24 build/startup_stm32f407xx.o
                                 0x3d (size before relaxing)

.debug_frame    0x00000000     0x27b0
 .debug_frame   0x00000000       0x44 build/main.o
 .debug_frame   0x00000044       0xe8 build/stm32f4xx_it.o
 .debug_frame   0x0000012c      0x140 build/stm32f4xx_hal_msp.o
 .debug_frame   0x0000026c      0x2d8 build/stm32f4xx_hal_can.o
 .debug_frame   0x00000544      0x16c build/stm32f4xx_hal_rcc.o
 .debug_frame   0x000006b0       0xd8 build/stm32f4xx_hal_gpio.o
 .debug_frame   0x00000788      0x188 build/stm32f4xx_hal_dma.o
 .debug_frame   0x00000910      0x148 build/stm32f4xx_hal_cortex.o
 .debug_frame   0x00000a58      0x1ec build/stm32f4xx_hal.o
 .debug_frame   0x00000c44      0x5e4 build/stm32f4xx_hal_uart.o
 .debug_frame   0x00001228       0x30 build/system_stm32f4xx.o
 .debug_frame   0x00001258       0x28 build/sysmem.o
 .debug_frame   0x00001280       0xfc build/heap_4.o
 .debug_frame   0x0000137c       0x70 build/list.o
 .debug_frame   0x000013ec      0x104 build/port.o
 .debug_frame   0x000014f0      0x440 build/queue.o
 .debug_frame   0x00001930      0x6ac build/tasks.o
 .debug_frame   0x00001fdc      0x314 build/timers.o
 .debug_frame   0x000022f0       0x20 k:/program files (x86)/gnu arm embedded toolchain/10 2021.10/bin/../lib/gcc/arm-none-eabi/10.3.1/../../../../arm-none-eabi/lib/thumb/v7e-m+fp/hard\libc_nano.a(lib_a-errno.o)
 .debug_frame   0x00002310       0x2c k:/program files (x86)/gnu arm embedded toolchain/10 2021.10/bin/../lib/gcc/arm-none-eabi/10.3.1/../../../../arm-none-eabi/lib/thumb/v7e-m+fp/hard\libc_nano.a(lib_a-init.o)
 .debug_frame   0x0000233c       0x28 k:/program files (x86)/gnu arm embedded toolchain/10 2021.10/bin/../lib/gcc/arm-none-eabi/10.3.1/../../../../arm-none-eabi/lib/thumb/v7e-m+fp/hard\libc_nano.a(lib_a-memcpy-stub.o)
 .debug_frame   0x00002364       0x20 k:/program files (x86)/gnu arm embedded toolchain/10 2021.10/bin/../lib/gcc/arm-none-eabi/10.3.1/../../../../arm-none-eabi/lib/thumb/v7e-m+fp/hard\libc_nano.a(lib_a-memset.o)
 .debug_frame   0x00002384       0x6c k:/program files (x86)/gnu arm embedded toolchain/10 2021.10/bin/../lib/gcc/arm-none-eabi/10.3.1/../../../../arm-none-eabi/lib/thumb/v7e-m+fp/hard\libc_nano.a(lib_a-sprintf.o)
 .debug_frame   0x000023f0       0x90 k:/program files (x86)/gnu arm embedded toolchain/10 2021.10/bin/../lib/gcc/arm-none-eabi/10.3.1/../../../../arm-none-eabi/lib/thumb/v7e-m+fp/hard\libc_nano.a(lib_a-nano-svfprintf.o)
 .debug_frame   0x00002480       0x60 k:/program files (x86)/gnu arm embedded toolchain/10 2021.10/bin/../lib/gcc/arm-none-eabi/10.3.1/../../../../arm-none-eabi/lib/thumb/v7e-m+fp/hard\libc_nano.a(lib_a-nano-vfprintf_i.o)
 .debug_frame   0x000024e0       0x28 k:/program files (x86)/gnu arm embedded toolchain/10 2021.10/bin/../lib/gcc/arm-none-eabi/10.3.1/../../../../arm-none-eabi/lib/thumb/v7e-m+fp/hard\libc_nano.a(lib_a-memmove.o)
 .debug_frame   0x00002508       0x38 k:/program files (x86)/gnu arm embedded toolchain/10 2021.10/bin/../lib/gcc/arm-none-eabi/10.3.1/../../../../arm-none-eabi/lib/thumb/v7e-m+fp/hard\libc_nano.a(lib_a-nano-freer.o)
 .debug_frame   0x00002540       0x4c k:/program files (x86)/gnu arm embedded toolchain/10 2021.10/bin/../lib/gcc/arm-none-eabi/10.3.1/../../../../arm-none-eabi/lib/thumb/v7e-m+fp/hard\libc_nano.a(lib_a-nano-mallocr.o)
 .debug_frame   0x0000258c       0x3c k:/program files (x86)/gnu arm embedded toolchain/10 2021.10/bin/../lib/gcc/arm-none-eabi/10.3.1/../../../../arm-none-eabi/lib/thumb/v7e-m+fp/hard\libc_nano.a(lib_a-nano-reallocr.o)
 .debug_frame   0x000025c8       0x2c k:/program files (x86)/gnu arm embedded toolchain/10 2021.10/bin/../lib/gcc/arm-none-eabi/10.3.1/../../../../arm-none-eabi/lib/thumb/v7e-m+fp/hard\libc_nano.a(lib_a-sbrkr.o)
 .debug_frame   0x000025f4       0x30 k:/program files (x86)/gnu arm embedded toolchain/10 2021.10/bin/../lib/gcc/arm-none-eabi/10.3.1/../../../../arm-none-eabi/lib/thumb/v7e-m+fp/hard\libc_nano.a(lib_a-mlock.o)
 .debug_frame   0x00002624       0x20 k:/program files (x86)/gnu arm embedded toolchain/10 2021.10/bin/../lib/gcc/arm-none-eabi/10.3.1/../../../../arm-none-eabi/lib/thumb/v7e-m+fp/hard\libc_nano.a(lib_a-nano-msizer.o)
 .debug_frame   0x00002644       0x5c k:/program files (x86)/gnu arm embedded toolchain/10 2021.10/bin/../lib/gcc/arm-none-eabi/10.3.1/../../../../arm-none-eabi/lib/thumb/v7e-m+fp/hard\libc_nano.a(lib_a-reent.o)
 .debug_frame   0x000026a0       0xb0 k:/program files (x86)/gnu arm embedded toolchain/10 2021.10/bin/../lib/gcc/arm-none-eabi/10.3.1/../../../../arm-none-eabi/lib/thumb/v7e-m+fp/hard\libc_nano.a(lib_a-lock.o)
 .debug_frame   0x00002750       0x2c k:/program files (x86)/gnu arm embedded toolchain/10 2021.10/bin/../lib/gcc/arm-none-eabi/10.3.1/thumb/v7e-m+fp/hard\libgcc.a(_aeabi_uldivmod.o)
 .debug_frame   0x0000277c       0x34 k:/program files (x86)/gnu arm embedded toolchain/10 2021.10/bin/../lib/gcc/arm-none-eabi/10.3.1/thumb/v7e-m+fp/hard\libgcc.a(_udivmoddi4.o)

Cross Reference Table

Symbol                                            File
ADC_IRQHandler                                    build/startup_stm32f407xx.o
AHBPrescTable                                     build/system_stm32f4xx.o
                                                  build/stm32f4xx_hal_rcc.o
APBPrescTable                                     build/system_stm32f4xx.o
                                                  build/stm32f4xx_hal_rcc.o
BusFault_Handler                                  build/stm32f4xx_it.o
CAN1_RX0_IRQHandler                               build/stm32f4xx_it.o
CAN1_RX1_IRQHandler                               build/startup_stm32f407xx.o
CAN1_SCE_IRQHandler                               build/startup_stm32f407xx.o
CAN1_TX_IRQHandler                                build/startup_stm32f407xx.o
CAN2_RX0_IRQHandler                               build/startup_stm32f407xx.o
CAN2_RX1_IRQHandler                               build/startup_stm32f407xx.o
CAN2_SCE_IRQHandler                               build/startup_stm32f407xx.o
CAN2_TX_IRQHandler                                build/startup_stm32f407xx.o
DCMI_IRQHandler                                   build/startup_stm32f407xx.o
DMA1_Stream0_IRQHandler                           build/startup_stm32f407xx.o
DMA1_Stream1_IRQHandler                           build/startup_stm32f407xx.o
DMA1_Stream2_IRQHandler                           build/startup_stm32f407xx.o
DMA1_Stream3_IRQHandler                           build/startup_stm32f407xx.o
DMA1_Stream4_IRQHandler                           build/startup_stm32f407xx.o
DMA1_Stream5_IRQHandler                           build/startup_stm32f407xx.o
DMA1_Stream6_IRQHandler                           build/startup_stm32f407xx.o
DMA1_Stream7_IRQHandler                           build/startup_stm32f407xx.o
DMA2_Stream0_IRQHandler                           build/startup_stm32f407xx.o
DMA2_Stream1_IRQHandler                           build/startup_stm32f407xx.o
DMA2_Stream2_IRQHandler                           build/startup_stm32f407xx.o
DMA2_Stream3_IRQHandler                           build/startup_stm32f407xx.o
DMA2_Stream4_IRQHandler                           build/startup_stm32f407xx.o
DMA2_Stream5_IRQHandler                           build/startup_stm32f407xx.o
DMA2_Stream6_IRQHandler                           build/startup_stm32f407xx.o
DMA2_Stream7_IRQHandler                           build/startup_stm32f407xx.o
DebugMon_Handler                                  build/stm32f4xx_it.o
Default_Handler                                   build/startup_stm32f407xx.o
ETH_IRQHandler                                    build/startup_stm32f407xx.o
ETH_WKUP_IRQHandler                               build/startup_stm32f407xx.o
EXTI0_IRQHandler                                  build/startup_stm32f407xx.o
EXTI15_10_IRQHandler                              build/startup_stm32f407xx.o
EXTI1_IRQHandler                                  build/startup_stm32f407xx.o
EXTI2_IRQHandler                                  build/startup_stm32f407xx.o
EXTI3_IRQHandler                                  build/startup_stm32f407xx.o
EXTI4_IRQHandler                                  build/startup_stm32f407xx.o
EXTI9_5_IRQHandler                                build/stm32f4xx_it.o
Error_Handler                                     build/stm32f4xx_hal_msp.o
FLASH_Erase_Sector                                build/stm32f4xx_hal_flash_ex.o
                                                  build/stm32f4xx_hal_flash.o
FLASH_FlushCaches                                 build/stm32f4xx_hal_flash_ex.o
                                                  build/stm32f4xx_hal_flash.o
FLASH_IRQHandler                                  build/startup_stm32f407xx.o
FLASH_WaitForLastOperation                        build/stm32f4xx_hal_flash.o
                                                  build/stm32f4xx_hal_flash_ex.o
FPU_IRQHandler                                    build/startup_stm32f407xx.o
FSMC_IRQHandler                                   build/startup_stm32f407xx.o
HAL_CAN_AbortTxRequest                            build/stm32f4xx_hal_can.o
HAL_CAN_ActivateNotification                      build/stm32f4xx_hal_can.o
                                                  build/stm32f4xx_hal_msp.o
HAL_CAN_AddTxMessage                              build/stm32f4xx_hal_can.o
HAL_CAN_ConfigFilter                              build/stm32f4xx_hal_can.o
                                                  build/stm32f4xx_hal_msp.o
HAL_CAN_DeInit                                    build/stm32f4xx_hal_can.o
HAL_CAN_DeactivateNotification                    build/stm32f4xx_hal_can.o
HAL_CAN_ErrorCallback                             build/stm32f4xx_hal_can.o
HAL_CAN_GetError                                  build/stm32f4xx_hal_can.o
HAL_CAN_GetRxFifoFillLevel                        build/stm32f4xx_hal_can.o
HAL_CAN_GetRxMessage                              build/stm32f4xx_hal_can.o
HAL_CAN_GetState                                  build/stm32f4xx_hal_can.o
HAL_CAN_GetTxMailboxesFreeLevel                   build/stm32f4xx_hal_can.o
HAL_CAN_GetTxTimestamp                            build/stm32f4xx_hal_can.o
HAL_CAN_IRQHandler                                build/stm32f4xx_hal_can.o
                                                  build/stm32f4xx_it.o
HAL_CAN_Init                                      build/stm32f4xx_hal_can.o
                                                  build/stm32f4xx_hal_msp.o
HAL_CAN_IsSleepActive                             build/stm32f4xx_hal_can.o
HAL_CAN_IsTxMessagePending                        build/stm32f4xx_hal_can.o
HAL_CAN_MspDeInit                                 build/stm32f4xx_hal_msp.o
HAL_CAN_MspInit                                   build/stm32f4xx_hal_msp.o
                                                  build/main.o
HAL_CAN_RequestSleep                              build/stm32f4xx_hal_can.o
HAL_CAN_ResetError                                build/stm32f4xx_hal_can.o
HAL_CAN_RxFifo0FullCallback                       build/stm32f4xx_hal_can.o
HAL_CAN_RxFifo0MsgPendingCallback                 build/stm32f4xx_hal_can.o
HAL_CAN_RxFifo1FullCallback                       build/stm32f4xx_hal_can.o
HAL_CAN_RxFifo1MsgPendingCallback                 build/stm32f4xx_hal_can.o
HAL_CAN_SleepCallback                             build/stm32f4xx_hal_can.o
HAL_CAN_Start                                     build/stm32f4xx_hal_can.o
                                                  build/stm32f4xx_hal_msp.o
HAL_CAN_Stop                                      build/stm32f4xx_hal_can.o
HAL_CAN_TxMailbox0AbortCallback                   build/stm32f4xx_hal_can.o
HAL_CAN_TxMailbox0CompleteCallback                build/stm32f4xx_hal_can.o
HAL_CAN_TxMailbox1AbortCallback                   build/stm32f4xx_hal_can.o
HAL_CAN_TxMailbox1CompleteCallback                build/stm32f4xx_hal_can.o
HAL_CAN_TxMailbox2AbortCallback                   build/stm32f4xx_hal_can.o
HAL_CAN_TxMailbox2CompleteCallback                build/stm32f4xx_hal_can.o
HAL_CAN_WakeUp                                    build/stm32f4xx_hal_can.o
HAL_CAN_WakeUpFromRxMsgCallback                   build/stm32f4xx_hal_can.o
HAL_DBGMCU_DisableDBGSleepMode                    build/stm32f4xx_hal.o
HAL_DBGMCU_DisableDBGStandbyMode                  build/stm32f4xx_hal.o
HAL_DBGMCU_DisableDBGStopMode                     build/stm32f4xx_hal.o
HAL_DBGMCU_EnableDBGSleepMode                     build/stm32f4xx_hal.o
HAL_DBGMCU_EnableDBGStandbyMode                   build/stm32f4xx_hal.o
HAL_DBGMCU_EnableDBGStopMode                      build/stm32f4xx_hal.o
HAL_DMAEx_ChangeMemory                            build/stm32f4xx_hal_dma_ex.o
HAL_DMAEx_MultiBufferStart                        build/stm32f4xx_hal_dma_ex.o
HAL_DMAEx_MultiBufferStart_IT                     build/stm32f4xx_hal_dma_ex.o
HAL_DMA_Abort                                     build/stm32f4xx_hal_dma.o
                                                  build/stm32f4xx_hal_uart.o
                                                  build/stm32f4xx_hal_usart.o
HAL_DMA_Abort_IT                                  build/stm32f4xx_hal_dma.o
                                                  build/stm32f4xx_hal_uart.o
                                                  build/stm32f4xx_hal_usart.o
HAL_DMA_DeInit                                    build/stm32f4xx_hal_dma.o
HAL_DMA_GetError                                  build/stm32f4xx_hal_dma.o
                                                  build/stm32f4xx_hal_uart.o
HAL_DMA_GetState                                  build/stm32f4xx_hal_dma.o
HAL_DMA_IRQHandler                                build/stm32f4xx_hal_dma.o
HAL_DMA_Init                                      build/stm32f4xx_hal_dma.o
HAL_DMA_PollForTransfer                           build/stm32f4xx_hal_dma.o
HAL_DMA_RegisterCallback                          build/stm32f4xx_hal_dma.o
HAL_DMA_Start                                     build/stm32f4xx_hal_dma.o
HAL_DMA_Start_IT                                  build/stm32f4xx_hal_dma.o
                                                  build/stm32f4xx_hal_uart.o
                                                  build/stm32f4xx_hal_usart.o
HAL_DMA_UnRegisterCallback                        build/stm32f4xx_hal_dma.o
HAL_DeInit                                        build/stm32f4xx_hal.o
HAL_Delay                                         build/stm32f4xx_hal.o
                                                  build/stm32f4xx_hal_eth.o
                                                  build/main.o
HAL_DisableCompensationCell                       build/stm32f4xx_hal.o
HAL_ETH_DeInit                                    build/stm32f4xx_hal_eth.o
HAL_ETH_EnterPowerDownMode                        build/stm32f4xx_hal_eth.o
HAL_ETH_ErrorCallback                             build/stm32f4xx_hal_eth.o
HAL_ETH_ExitPowerDownMode                         build/stm32f4xx_hal_eth.o
HAL_ETH_GetDMAConfig                              build/stm32f4xx_hal_eth.o
HAL_ETH_GetDMAError                               build/stm32f4xx_hal_eth.o
HAL_ETH_GetError                                  build/stm32f4xx_hal_eth.o
HAL_ETH_GetMACConfig                              build/stm32f4xx_hal_eth.o
HAL_ETH_GetMACError                               build/stm32f4xx_hal_eth.o
HAL_ETH_GetMACFilterConfig                        build/stm32f4xx_hal_eth.o
HAL_ETH_GetMACWakeUpSource                        build/stm32f4xx_hal_eth.o
HAL_ETH_GetRxDataErrorCode                        build/stm32f4xx_hal_eth.o
HAL_ETH_GetState                                  build/stm32f4xx_hal_eth.o
HAL_ETH_IRQHandler                                build/stm32f4xx_hal_eth.o
HAL_ETH_Init                                      build/stm32f4xx_hal_eth.o
HAL_ETH_MspDeInit                                 build/stm32f4xx_hal_eth.o
HAL_ETH_MspInit                                   build/stm32f4xx_hal_eth.o
HAL_ETH_PMTCallback                               build/stm32f4xx_hal_eth.o
HAL_ETH_ReadData                                  build/stm32f4xx_hal_eth.o
HAL_ETH_ReadPHYRegister                           build/stm32f4xx_hal_eth.o
HAL_ETH_RegisterRxAllocateCallback                build/stm32f4xx_hal_eth.o
HAL_ETH_RegisterRxLinkCallback                    build/stm32f4xx_hal_eth.o
HAL_ETH_RegisterTxFreeCallback                    build/stm32f4xx_hal_eth.o
HAL_ETH_ReleaseTxPacket                           build/stm32f4xx_hal_eth.o
HAL_ETH_RxAllocateCallback                        build/stm32f4xx_hal_eth.o
HAL_ETH_RxCpltCallback                            build/stm32f4xx_hal_eth.o
HAL_ETH_RxLinkCallback                            build/stm32f4xx_hal_eth.o
HAL_ETH_SetDMAConfig                              build/stm32f4xx_hal_eth.o
HAL_ETH_SetHashTable                              build/stm32f4xx_hal_eth.o
HAL_ETH_SetMACConfig                              build/stm32f4xx_hal_eth.o
HAL_ETH_SetMACFilterConfig                        build/stm32f4xx_hal_eth.o
HAL_ETH_SetMDIOClockRange                         build/stm32f4xx_hal_eth.o
HAL_ETH_SetRxVLANIdentifier                       build/stm32f4xx_hal_eth.o
HAL_ETH_SetSourceMACAddrMatch                     build/stm32f4xx_hal_eth.o
HAL_ETH_SetWakeUpFilter                           build/stm32f4xx_hal_eth.o
HAL_ETH_Start                                     build/stm32f4xx_hal_eth.o
HAL_ETH_Start_IT                                  build/stm32f4xx_hal_eth.o
HAL_ETH_Stop                                      build/stm32f4xx_hal_eth.o
HAL_ETH_Stop_IT                                   build/stm32f4xx_hal_eth.o
HAL_ETH_Transmit                                  build/stm32f4xx_hal_eth.o
HAL_ETH_Transmit_IT                               build/stm32f4xx_hal_eth.o
HAL_ETH_TxCpltCallback                            build/stm32f4xx_hal_eth.o
HAL_ETH_TxFreeCallback                            build/stm32f4xx_hal_eth.o
HAL_ETH_UnRegisterRxAllocateCallback              build/stm32f4xx_hal_eth.o
HAL_ETH_UnRegisterRxLinkCallback                  build/stm32f4xx_hal_eth.o
HAL_ETH_UnRegisterTxFreeCallback                  build/stm32f4xx_hal_eth.o
HAL_ETH_WakeUpCallback                            build/stm32f4xx_hal_eth.o
HAL_ETH_WritePHYRegister                          build/stm32f4xx_hal_eth.o
HAL_EXTI_ClearConfigLine                          build/stm32f4xx_hal_exti.o
HAL_EXTI_ClearPending                             build/stm32f4xx_hal_exti.o
HAL_EXTI_GenerateSWI                              build/stm32f4xx_hal_exti.o
HAL_EXTI_GetConfigLine                            build/stm32f4xx_hal_exti.o
HAL_EXTI_GetHandle                                build/stm32f4xx_hal_exti.o
HAL_EXTI_GetPending                               build/stm32f4xx_hal_exti.o
HAL_EXTI_IRQHandler                               build/stm32f4xx_hal_exti.o
HAL_EXTI_RegisterCallback                         build/stm32f4xx_hal_exti.o
HAL_EXTI_SetConfigLine                            build/stm32f4xx_hal_exti.o
HAL_EnableCompensationCell                        build/stm32f4xx_hal.o
HAL_FLASHEx_Erase                                 build/stm32f4xx_hal_flash_ex.o
HAL_FLASHEx_Erase_IT                              build/stm32f4xx_hal_flash_ex.o
HAL_FLASHEx_OBGetConfig                           build/stm32f4xx_hal_flash_ex.o
HAL_FLASHEx_OBProgram                             build/stm32f4xx_hal_flash_ex.o
HAL_FLASH_EndOfOperationCallback                  build/stm32f4xx_hal_flash.o
HAL_FLASH_GetError                                build/stm32f4xx_hal_flash.o
HAL_FLASH_IRQHandler                              build/stm32f4xx_hal_flash.o
HAL_FLASH_Lock                                    build/stm32f4xx_hal_flash.o
HAL_FLASH_OB_Launch                               build/stm32f4xx_hal_flash.o
HAL_FLASH_OB_Lock                                 build/stm32f4xx_hal_flash.o
HAL_FLASH_OB_Unlock                               build/stm32f4xx_hal_flash.o
HAL_FLASH_OperationErrorCallback                  build/stm32f4xx_hal_flash.o
HAL_FLASH_Program                                 build/stm32f4xx_hal_flash.o
HAL_FLASH_Program_IT                              build/stm32f4xx_hal_flash.o
HAL_FLASH_Unlock                                  build/stm32f4xx_hal_flash.o
HAL_GPIO_DeInit                                   build/stm32f4xx_hal_gpio.o
                                                  build/stm32f4xx_hal_msp.o
HAL_GPIO_EXTI_Callback                            build/stm32f4xx_it.o
HAL_GPIO_EXTI_IRQHandler                          build/stm32f4xx_hal_gpio.o
                                                  build/stm32f4xx_it.o
HAL_GPIO_Init                                     build/stm32f4xx_hal_gpio.o
                                                  build/stm32f4xx_hal_rcc.o
                                                  build/stm32f4xx_hal_msp.o
HAL_GPIO_LockPin                                  build/stm32f4xx_hal_gpio.o
HAL_GPIO_ReadPin                                  build/stm32f4xx_hal_gpio.o
                                                  build/stm32f4xx_it.o
HAL_GPIO_TogglePin                                build/stm32f4xx_hal_gpio.o
HAL_GPIO_WritePin                                 build/stm32f4xx_hal_gpio.o
                                                  build/stm32f4xx_hal_msp.o
                                                  build/main.o
HAL_GetDEVID                                      build/stm32f4xx_hal.o
HAL_GetHalVersion                                 build/stm32f4xx_hal.o
HAL_GetREVID                                      build/stm32f4xx_hal.o
HAL_GetTick                                       build/stm32f4xx_hal.o
                                                  build/stm32f4xx_hal_uart.o
                                                  build/stm32f4xx_hal_usart.o
                                                  build/stm32f4xx_hal_eth.o
                                                  build/stm32f4xx_hal_pwr_ex.o
                                                  build/stm32f4xx_hal_dma.o
                                                  build/stm32f4xx_hal_flash.o
                                                  build/stm32f4xx_hal_rcc_ex.o
                                                  build/stm32f4xx_hal_rcc.o
                                                  build/stm32f4xx_hal_can.o
HAL_GetTickFreq                                   build/stm32f4xx_hal.o
HAL_GetTickPrio                                   build/stm32f4xx_hal.o
HAL_GetUIDw0                                      build/stm32f4xx_hal.o
HAL_GetUIDw1                                      build/stm32f4xx_hal.o
HAL_GetUIDw2                                      build/stm32f4xx_hal.o
HAL_HalfDuplex_EnableReceiver                     build/stm32f4xx_hal_uart.o
HAL_HalfDuplex_EnableTransmitter                  build/stm32f4xx_hal_uart.o
HAL_HalfDuplex_Init                               build/stm32f4xx_hal_uart.o
HAL_IncTick                                       build/stm32f4xx_hal.o
                                                  build/port.o
HAL_Init                                          build/stm32f4xx_hal.o
                                                  build/main.o
HAL_InitTick                                      build/stm32f4xx_hal.o
                                                  build/stm32f4xx_hal_rcc_ex.o
                                                  build/stm32f4xx_hal_rcc.o
HAL_LIN_Init                                      build/stm32f4xx_hal_uart.o
HAL_LIN_SendBreak                                 build/stm32f4xx_hal_uart.o
HAL_MPU_ConfigRegion                              build/stm32f4xx_hal_cortex.o
HAL_MPU_Disable                                   build/stm32f4xx_hal_cortex.o
HAL_MPU_Enable                                    build/stm32f4xx_hal_cortex.o
HAL_MspDeInit                                     build/stm32f4xx_hal.o
HAL_MspInit                                       build/stm32f4xx_hal_msp.o
HAL_MultiProcessor_EnterMuteMode                  build/stm32f4xx_hal_uart.o
HAL_MultiProcessor_ExitMuteMode                   build/stm32f4xx_hal_uart.o
HAL_MultiProcessor_Init                           build/stm32f4xx_hal_uart.o
HAL_NVIC_ClearPendingIRQ                          build/stm32f4xx_hal_cortex.o
HAL_NVIC_DisableIRQ                               build/stm32f4xx_hal_cortex.o
                                                  build/stm32f4xx_hal_msp.o
HAL_NVIC_EnableIRQ                                build/stm32f4xx_hal_cortex.o
                                                  build/stm32f4xx_hal_msp.o
HAL_NVIC_GetActive                                build/stm32f4xx_hal_cortex.o
HAL_NVIC_GetPendingIRQ                            build/stm32f4xx_hal_cortex.o
HAL_NVIC_GetPriority                              build/stm32f4xx_hal_cortex.o
HAL_NVIC_GetPriorityGrouping                      build/stm32f4xx_hal_cortex.o
HAL_NVIC_SetPendingIRQ                            build/stm32f4xx_hal_cortex.o
HAL_NVIC_SetPriority                              build/stm32f4xx_hal_cortex.o
                                                  build/stm32f4xx_hal.o
                                                  build/stm32f4xx_hal_msp.o
HAL_NVIC_SetPriorityGrouping                      build/stm32f4xx_hal_cortex.o
                                                  build/stm32f4xx_hal.o
HAL_NVIC_SystemReset                              build/stm32f4xx_hal_cortex.o
HAL_PWREx_ControlVoltageScaling                   build/stm32f4xx_hal_pwr_ex.o
HAL_PWREx_DisableBkUpReg                          build/stm32f4xx_hal_pwr_ex.o
HAL_PWREx_DisableFlashPowerDown                   build/stm32f4xx_hal_pwr_ex.o
HAL_PWREx_EnableBkUpReg                           build/stm32f4xx_hal_pwr_ex.o
HAL_PWREx_EnableFlashPowerDown                    build/stm32f4xx_hal_pwr_ex.o
HAL_PWREx_GetVoltageRange                         build/stm32f4xx_hal_pwr_ex.o
HAL_PWR_ConfigPVD                                 build/stm32f4xx_hal_pwr.o
HAL_PWR_DeInit                                    build/stm32f4xx_hal_pwr.o
HAL_PWR_DisableBkUpAccess                         build/stm32f4xx_hal_pwr.o
HAL_PWR_DisablePVD                                build/stm32f4xx_hal_pwr.o
HAL_PWR_DisableSEVOnPend                          build/stm32f4xx_hal_pwr.o
HAL_PWR_DisableSleepOnExit                        build/stm32f4xx_hal_pwr.o
HAL_PWR_DisableWakeUpPin                          build/stm32f4xx_hal_pwr.o
HAL_PWR_EnableBkUpAccess                          build/stm32f4xx_hal_pwr.o
HAL_PWR_EnablePVD                                 build/stm32f4xx_hal_pwr.o
HAL_PWR_EnableSEVOnPend                           build/stm32f4xx_hal_pwr.o
HAL_PWR_EnableSleepOnExit                         build/stm32f4xx_hal_pwr.o
HAL_PWR_EnableWakeUpPin                           build/stm32f4xx_hal_pwr.o
HAL_PWR_EnterSLEEPMode                            build/stm32f4xx_hal_pwr.o
HAL_PWR_EnterSTANDBYMode                          build/stm32f4xx_hal_pwr.o
HAL_PWR_EnterSTOPMode                             build/stm32f4xx_hal_pwr.o
HAL_PWR_PVDCallback                               build/stm32f4xx_hal_pwr.o
HAL_PWR_PVD_IRQHandler                            build/stm32f4xx_hal_pwr.o
HAL_RCCEx_DisablePLLI2S                           build/stm32f4xx_hal_rcc_ex.o
HAL_RCCEx_EnablePLLI2S                            build/stm32f4xx_hal_rcc_ex.o
HAL_RCCEx_GetPeriphCLKConfig                      build/stm32f4xx_hal_rcc_ex.o
HAL_RCCEx_GetPeriphCLKFreq                        build/stm32f4xx_hal_rcc_ex.o
HAL_RCCEx_PeriphCLKConfig                         build/stm32f4xx_hal_rcc_ex.o
HAL_RCC_CSSCallback                               build/stm32f4xx_hal_rcc.o
HAL_RCC_ClockConfig                               build/stm32f4xx_hal_rcc.o
                                                  build/stm32f4xx_hal_msp.o